Starting forward run...
-----------
Initializing structure...
time for choose_chunkdivision = 0.00022006 s
Working in 2D dimensions.
Computational cell is 6.6 x 5.4 x 0 with resolution 100
     block, center = (0,-1.65,0)
          size (5,0.2,0)
          axes (1,0,0), (0,1,0), (0,0,1)
time for set_epsilon = 0.200843 s
-----------
field decay(t = 10.005): 0.02764637052122116 / 0.02764637052122116 = 1.0
field decay(t = 20.01): 0.3082529391627392 / 0.3082529391627392 = 1.0
field decay(t = 30.015): 5.783104334573195e-05 / 0.3082529391627392 = 0.00018760905736311763
on time step 6058 (time=30.29), 0.000660361 s/step
field decay(t = 40.02): 5.4666095280480904e-06 / 0.3082529391627392 = 1.7734168384237353e-05
run 0 finished at t = 40.02 (8004 timesteps)
FD_ADJOINT_MEASURED_RUN_BEGIN
field decay(t = 10.005): 3.161059008553944 / 3.161059008553944 = 1.0
field decay(t = 20.01): 0.0006902880714348008 / 3.161059008553944 = 0.0002183724092359097
on time step 5602 (time=28.01), 0.000714123 s/step
field decay(t = 30.015): 5.352855308278231e-06 / 3.161059008553944 = 1.6933740540094962e-06
run 1 finished at t = 30.015 (6003 timesteps)
FD_ADJOINT_MEASURED_RUN_END
FD_ADJOINT_COMMON_SUMMARY_BEGIN
N_F = 5
REPETITION = 2
EXECUTION_ORDER = 31
TERMINATION = common_field_decay
DECAY_BY = 0.0001
DECAY_CHECK_INTERVAL = 10.0
MINIMUM_RUN_TIME = 0.0
MAXIMUM_RUN_TIME = 2000.0
RUNTIME_SECONDS = 4.265114339999855
MEEP_TIME = 30.015
STEPS = 6003
TIME_PER_STEP_MS = 0.7104971414292611
MEEP_DT = 0.005
CAP_HIT = False
STOP_REASON = field_decay
SOURCE_BUILD_SECONDS = 0.004046728994580917
ADJOINT_SOURCE_END_TIME = 9.100000381469727
POST_SOURCE_TIME = 20.914999618530274
SOURCE_TYPE = FilteredSource
FILTERED_SOURCE_BASIS_COUNT = 5
DECAY_COMPONENT = Ez
DECAY_FOCUS_X = 0.0
DECAY_FOCUS_Y = 1.7800000000000002
DECAY_FOCUS_Z = 0.0
CPU_AFFINITY = 8
PEAK_RSS_MB = 154.41015625
WAVELENGTHS_NM = 500 550 600 650 700
FD_ADJOINT_COMMON_SUMMARY_END
