-----------
Initializing structure...
time for choose_chunkdivision = 0.000313044 s
Working in 2D dimensions.
Computational cell is 6.6 x 5.4 x 0 with resolution 100
     block, center = (0,-1.65,0)
          size (5,0.2,0)
          axes (1,0,0), (0,1,0), (0,0,1)
time for set_epsilon = 0.202978 s
-----------
field decay(t = 10.005): 0.02764637052122116 / 0.02764637052122116 = 1.0
field decay(t = 20.01): 0.3082529391627392 / 0.3082529391627392 = 1.0
field decay(t = 30.015): 5.783104334573195e-05 / 0.3082529391627392 = 0.00018760905736311763
on time step 6063 (time=30.315), 0.000659763 s/step
field decay(t = 40.02): 5.4666095280480904e-06 / 0.3082529391627392 = 1.7734168384237353e-05
run 0 finished at t = 40.02 (8004 timesteps)
FORWARD_ONLY_SUMMARY_BEGIN
TERMINATION = common_field_decay
REPETITION = 2
EXECUTION_ORDER = 10
N_F = 15
DECAY_BY = 0.0001
DECAY_CHECK_INTERVAL = 10.0
MINIMUM_RUN_TIME = 0.0
MAXIMUM_RUN_TIME = 2000.0
RUNTIME_SECONDS = 5.471276963999117
TIME_PER_STEP_MS = 0.6835678365815987
MEEP_TIME = 40.02
MEEP_DT = 0.005
STEPS = 8004
CAP_HIT = False
STOP_REASON = field_decay
INCIDENT_RUNTIME_SECONDS = 0.00013842999760527164
INCIDENT_NORMALIZATION_SOURCE = cache
INCIDENT_NORMALIZATION_CACHE = forward_only_sweep/cache/incident_norm_Nf015.npy
EVAL_TOTAL_SECONDS = 5.4855036240005575
OBJECTIVE = 0.9341558728333
DFT_REGION_CELLS = 11569
DFT_FREQUENCY_COUNT = 15
DFT_ACCUMULATORS = 173535
SOURCE_TYPE = GaussianSource
FORWARD_SOURCE_COUNT = 1
FILTERED_SOURCE_BASIS_COUNT = 15
FILTERED_SOURCE_WINDOW_WIDTH = 33.60000000000012
FORWARD_SOURCE_END_TIME = 17.5
POST_SOURCE_TIME = 22.520000000000003
DECAY_COMPONENT = Ez
DECAY_FOCUS_X = 0.0
DECAY_FOCUS_Y = 1.7800000000000002
DECAY_FOCUS_Z = 0.0
CPU_AFFINITY = 8
CPU_MODEL = AMD Ryzen 9 9950X 16-Core Processor
NUM_THREADS = 1
NUM_MPI_RANKS = 1
PEAK_RSS_MB = 154.00390625
OPERATING_SYSTEM = Ubuntu 24.04.4 LTS
MEEP_VERSION = 1.30.0
PYMEEP_PACKAGE_VERSION = 1.30.1
PYMEEP_PACKAGE_BUILD = nompi_py39h9d793ab_103
PYTHON_VERSION = 3.9.23
WAVELENGTHS_NM = 500 514.285714 528.571429 542.857143 557.142857 571.428571 585.714286 600 614.285714 628.571429 642.857143 657.142857 671.428571 685.714286 700
NOTES = Forward-only; Simulation.run wall time; incident normalization excluded. FILTERED_SOURCE_BASIS_COUNT is a legacy field; the forward source is one GaussianSource and N_F is the DFT frequency count.
FORWARD_ONLY_SUMMARY_END
