FD_ADJOINT_COMMON_SUMMARY_BEGIN
Starting forward run...
-----------
Initializing structure...
time for choose_chunkdivision = 0.000211 s
Working in 2D dimensions.
Computational cell is 6.6 x 5.4 x 0 with resolution 100
     block, center = (0,-1.65,0)
          size (5,0.2,0)
          axes (1,0,0), (0,1,0), (0,0,1)
time for set_epsilon = 0.18699 s
-----------
field decay(t = 10.005): 0.02764637052122116 / 0.02764637052122116 = 1.0
field decay(t = 20.01): 0.3082529391627392 / 0.3082529391627392 = 1.0
field decay(t = 30.015): 5.783104334573195e-05 / 0.3082529391627392 = 0.00018760905736311763
on time step 6206 (time=31.03), 0.000644592 s/step
field decay(t = 40.02): 5.4666095280480904e-06 / 0.3082529391627392 = 1.7734168384237353e-05
field decay(t = 50.025): 4.6382576465209883e-07 / 0.3082529391627392 = 1.504692107435921e-06
field decay(t = 60.03): 5.2500065272769244e-08 / 0.3082529391627392 = 1.7031488950394836e-07
on time step 12367 (time=61.835), 0.000649283 s/step
field decay(t = 70.035): 6.213486703206159e-09 / 0.3082529391627392 = 2.0157104487252943e-08
run 0 finished at t = 70.035 (14007 timesteps)
on time step 927 (time=4.635), 0.00431824 s/step
on time step 1860 (time=9.3), 0.00429318 s/step
field decay(t = 10.005): 5.64024571991567e-07 / 5.64024571991567e-07 = 1.0
on time step 2714 (time=13.57), 0.00468918 s/step
on time step 3589 (time=17.945), 0.00457498 s/step
field decay(t = 20.01): 9.847804226982162e-07 / 9.847804226982162e-07 = 1.0
on time step 4492 (time=22.46), 0.00443349 s/step
on time step 5405 (time=27.025), 0.00438357 s/step
field decay(t = 30.015): 2.1707791862250996e-06 / 2.1707791862250996e-06 = 1.0
on time step 6340 (time=31.7), 0.004279 s/step
on time step 7239 (time=36.195), 0.00445419 s/step
field decay(t = 40.02): 3.927855745077961e-06 / 3.927855745077961e-06 = 1.0
on time step 8128 (time=40.64), 0.00450266 s/step
on time step 9014 (time=45.07), 0.00451764 s/step
on time step 9894 (time=49.47), 0.00454674 s/step
field decay(t = 50.025): 6.87167110051717e-06 / 6.87167110051717e-06 = 1.0
on time step 10773 (time=53.865), 0.00455487 s/step
on time step 11655 (time=58.275), 0.00453685 s/step
field decay(t = 60.03): 1.0957647195068476e-05 / 1.0957647195068476e-05 = 1.0
on time step 12542 (time=62.71), 0.00451225 s/step
on time step 13459 (time=67.295), 0.00436597 s/step
field decay(t = 70.035): 1.591477187759503e-05 / 1.591477187759503e-05 = 1.0
on time step 14363 (time=71.815), 0.00442834 s/step
on time step 15265 (time=76.325), 0.0044382 s/step
field decay(t = 80.04): 2.244110990386261e-05 / 2.244110990386261e-05 = 1.0
on time step 16162 (time=80.81), 0.00446147 s/step
on time step 17058 (time=85.29), 0.00446695 s/step
on time step 17954 (time=89.77), 0.00446784 s/step
field decay(t = 90.045): 3.3471181121537024e-05 / 3.3471181121537024e-05 = 1.0
on time step 18848 (time=94.24), 0.00447718 s/step
on time step 19741 (time=98.705), 0.00447982 s/step
field decay(t = 100.05): 5.0360820569297195e-05 / 5.0360820569297195e-05 = 1.0
on time step 20663 (time=103.315), 0.00433961 s/step
on time step 21573 (time=107.865), 0.00439804 s/step
field decay(t = 110.055): 9.204100738439706e-05 / 9.204100738439706e-05 = 1.0
on time step 22478 (time=112.39), 0.0044202 s/step
on time step 23379 (time=116.895), 0.00444227 s/step
field decay(t = 120.06): 0.0001187943826373852 / 0.0001187943826373852 = 1.0
on time step 24278 (time=121.39), 0.00445261 s/step
on time step 25175 (time=125.875), 0.00446122 s/step
field decay(t = 130.065): 9.70830907789584e-05 / 0.0001187943826373852 = 0.8172363761955008
on time step 26102 (time=130.51), 0.00431909 s/step
on time step 27051 (time=135.255), 0.00421524 s/step
field decay(t = 140.07): 5.0252714984543026e-05 / 0.0001187943826373852 = 0.4230226536715739
on time step 28025 (time=140.125), 0.00410815 s/step
on time step 28995 (time=144.975), 0.00412383 s/step
on time step 29953 (time=149.765), 0.00417923 s/step
field decay(t = 150.07500000000002): 4.439456076968961e-05 / 0.0001187943826373852 = 0.37370925951273404
on time step 30909 (time=154.545), 0.00418704 s/step
on time step 31864 (time=159.32), 0.00419066 s/step
field decay(t = 160.08): 3.726780827462188e-05 / 0.0001187943826373852 = 0.3137169237065719
on time step 32815 (time=164.075), 0.00420891 s/step
on time step 33763 (time=168.815), 0.00422018 s/step
field decay(t = 170.085): 3.288553971848169e-05 / 0.0001187943826373852 = 0.2768273969558258
on time step 34715 (time=173.575), 0.00420585 s/step
on time step 35688 (time=178.44), 0.0041112 s/step
field decay(t = 180.09): 2.6009889165826354e-05 / 0.0001187943826373852 = 0.2189488138106701
on time step 36662 (time=183.31), 0.0041075 s/step
on time step 37625 (time=188.125), 0.00415526 s/step
field decay(t = 190.095): 2.1026578251860266e-05 / 0.0001187943826373852 = 0.17699976871838294
on time step 38587 (time=192.935), 0.00416114 s/step
on time step 39546 (time=197.73), 0.00417309 s/step
field decay(t = 200.1): 1.8950138656872432e-05 / 0.0001187943826373852 = 0.15952049445567576
on time step 40499 (time=202.495), 0.00419981 s/step
on time step 41453 (time=207.265), 0.00419317 s/step
field decay(t = 210.10500000000002): 1.8152273796625483e-05 / 0.0001187943826373852 = 0.1528041427012128
on time step 42404 (time=212.02), 0.00421107 s/step
on time step 43378 (time=216.89), 0.00410996 s/step
field decay(t = 220.11): 2.8232098212070072e-05 / 0.0001187943826373852 = 0.2376551616775294
on time step 44347 (time=221.735), 0.00413061 s/step
on time step 45310 (time=226.55), 0.00415554 s/step
field decay(t = 230.115): 1.7067000394590892e-05 / 0.0001187943826373852 = 0.143668412728632
on time step 46268 (time=231.34), 0.00417604 s/step
on time step 47225 (time=236.125), 0.00418091 s/step
field decay(t = 240.12): 2.287682696620615e-06 / 0.0001187943826373852 = 0.01925749893076737
on time step 48180 (time=240.9), 0.00419146 s/step
field decay(t = 250.125): 9.903995170717824e-10 / 0.0001187943826373852 = 8.337090484277651e-06
run 1 finished at t = 250.125 (50025 timesteps)
N_F = 100
REPETITION = 3
EXECUTION_ORDER = 57
TERMINATION = common_field_decay
DECAY_BY = 0.0001
DECAY_CHECK_INTERVAL = 10.0
MINIMUM_RUN_TIME = 67.5
MAXIMUM_RUN_TIME = 2000.0
RUNTIME_SECONDS = 210.01692574200024
MEEP_TIME = 250.125
STEPS = 50025
TIME_PER_STEP_MS = 4.1982393951424335
CAP_HIT = False
SOURCE_BUILD_SECONDS = 0.04332163499930175
ADJOINT_SOURCE_END_TIME = 241.85000610351562
CPU_AFFINITY = 8
PEAK_RSS_MB = 211.98828125
WAVELENGTHS_NM = 500 502.020202 504.040404 506.060606 508.080808 510.10101 512.121212 514.141414 516.161616 518.181818 520.20202 522.222222 524.242424 526.262626 528.282828 530.30303 532.323232 534.343434 536.363636 538.383838 540.40404 542.424242 544.444444 546.464646 548.484848 550.505051 552.525253 554.545455 556.565657 558.585859 560.606061 562.626263 564.646465 566.666667 568.686869 570.707071 572.727273 574.747475 576.767677 578.787879 580.808081 582.828283 584.848485 586.868687 588.888889 590.909091 592.929293 594.949495 596.969697 598.989899 601.010101 603.030303 605.050505 607.070707 609.090909 611.111111 613.131313 615.151515 617.171717 619.191919 621.212121 623.232323 625.252525 627.272727 629.292929 631.313131 633.333333 635.353535 637.373737 639.393939 641.414141 643.434343 645.454545 647.474747 649.494949 651.515152 653.535354 655.555556 657.575758 659.59596 661.616162 663.636364 665.656566 667.676768 669.69697 671.717172 673.737374 675.757576 677.777778 679.79798 681.818182 683.838384 685.858586 687.878788 689.89899 691.919192 693.939394 695.959596 697.979798 700
FD_ADJOINT_COMMON_SUMMARY_END
