FD_ADJOINT_COMMON_SUMMARY_BEGIN
Starting forward run...
-----------
Initializing structure...
time for choose_chunkdivision = 0.00022006 s
Working in 2D dimensions.
Computational cell is 6.6 x 5.4 x 0 with resolution 100
     block, center = (0,-1.65,0)
          size (5,0.2,0)
          axes (1,0,0), (0,1,0), (0,0,1)
time for set_epsilon = 0.196113 s
-----------
field decay(t = 10.005): 0.02764637052122116 / 0.02764637052122116 = 1.0
field decay(t = 20.01): 0.3082529391627392 / 0.3082529391627392 = 1.0
field decay(t = 30.015): 5.783104334573195e-05 / 0.3082529391627392 = 0.00018760905736311763
on time step 6010 (time=30.05), 0.000665617 s/step
field decay(t = 40.02): 5.4666095280480904e-06 / 0.3082529391627392 = 1.7734168384237353e-05
field decay(t = 50.025): 4.6382576465209883e-07 / 0.3082529391627392 = 1.504692107435921e-06
field decay(t = 60.03): 5.2500065272769244e-08 / 0.3082529391627392 = 1.7031488950394836e-07
on time step 12043 (time=60.215), 0.000663037 s/step
field decay(t = 70.035): 6.213486703206159e-09 / 0.3082529391627392 = 2.0157104487252943e-08
run 0 finished at t = 70.035 (14007 timesteps)
on time step 928 (time=4.64), 0.00431131 s/step
on time step 1872 (time=9.36), 0.00424031 s/step
field decay(t = 10.005): 5.64024571991567e-07 / 5.64024571991567e-07 = 1.0
on time step 2734 (time=13.67), 0.00464159 s/step
on time step 3613 (time=18.065), 0.00455063 s/step
field decay(t = 20.01): 9.847804226982162e-07 / 9.847804226982162e-07 = 1.0
on time step 4514 (time=22.57), 0.00444156 s/step
on time step 5412 (time=27.06), 0.00445587 s/step
field decay(t = 30.015): 2.1707791862250996e-06 / 2.1707791862250996e-06 = 1.0
on time step 6310 (time=31.55), 0.00445591 s/step
on time step 7186 (time=35.93), 0.00457032 s/step
field decay(t = 40.02): 3.927855745077961e-06 / 3.927855745077961e-06 = 1.0
on time step 8078 (time=40.39), 0.0044897 s/step
on time step 8976 (time=44.88), 0.00445835 s/step
on time step 9864 (time=49.32), 0.0045106 s/step
field decay(t = 50.025): 6.87167110051717e-06 / 6.87167110051717e-06 = 1.0
on time step 10745 (time=53.725), 0.00454663 s/step
on time step 11623 (time=58.115), 0.00456189 s/step
field decay(t = 60.03): 1.0957647195068476e-05 / 1.0957647195068476e-05 = 1.0
on time step 12500 (time=62.5), 0.0045622 s/step
on time step 13384 (time=66.92), 0.00452898 s/step
field decay(t = 70.035): 1.591477187759503e-05 / 1.591477187759503e-05 = 1.0
on time step 14272 (time=71.36), 0.00450704 s/step
on time step 15170 (time=75.85), 0.00445785 s/step
field decay(t = 80.04): 2.244110990386261e-05 / 2.244110990386261e-05 = 1.0
on time step 16083 (time=80.415), 0.00438305 s/step
on time step 16987 (time=84.935), 0.00442733 s/step
on time step 17881 (time=89.405), 0.00447517 s/step
field decay(t = 90.045): 3.3471181121537024e-05 / 3.3471181121537024e-05 = 1.0
on time step 18771 (time=93.855), 0.00449463 s/step
on time step 19660 (time=98.3), 0.00450248 s/step
field decay(t = 100.05): 5.0360820569297195e-05 / 5.0360820569297195e-05 = 1.0
on time step 20549 (time=102.745), 0.00450025 s/step
on time step 21436 (time=107.18), 0.00451237 s/step
field decay(t = 110.055): 9.204100738439706e-05 / 9.204100738439706e-05 = 1.0
on time step 22332 (time=111.66), 0.00446626 s/step
on time step 23248 (time=116.24), 0.00436727 s/step
field decay(t = 120.06): 0.0001187943826373852 / 0.0001187943826373852 = 1.0
on time step 24153 (time=120.765), 0.00442369 s/step
on time step 25051 (time=125.255), 0.00445457 s/step
on time step 25968 (time=129.84), 0.00436318 s/step
field decay(t = 130.065): 9.70830907789584e-05 / 0.0001187943826373852 = 0.8172363761955008
on time step 26914 (time=134.57), 0.00422975 s/step
on time step 27861 (time=139.305), 0.00422488 s/step
field decay(t = 140.07): 5.0252714984543026e-05 / 0.0001187943826373852 = 0.4230226536715739
on time step 28802 (time=144.01), 0.00425379 s/step
on time step 29748 (time=148.74), 0.00423086 s/step
field decay(t = 150.07500000000002): 4.439456076968961e-05 / 0.0001187943826373852 = 0.37370925951273404
on time step 30723 (time=153.615), 0.00410335 s/step
on time step 31683 (time=158.415), 0.00416785 s/step
field decay(t = 160.08): 3.726780827462188e-05 / 0.0001187943826373852 = 0.3137169237065719
on time step 32636 (time=163.18), 0.00420132 s/step
on time step 33586 (time=167.93), 0.00421425 s/step
field decay(t = 170.085): 3.288553971848169e-05 / 0.0001187943826373852 = 0.2768273969558258
on time step 34535 (time=172.675), 0.00421875 s/step
on time step 35482 (time=177.41), 0.00422398 s/step
field decay(t = 180.09): 2.6009889165826354e-05 / 0.0001187943826373852 = 0.2189488138106701
on time step 36429 (time=182.145), 0.0042264 s/step
on time step 37377 (time=186.885), 0.00422199 s/step
field decay(t = 190.095): 2.1026578251860266e-05 / 0.0001187943826373852 = 0.17699976871838294
on time step 38354 (time=191.77), 0.00409562 s/step
on time step 39318 (time=196.59), 0.0041525 s/step
field decay(t = 200.1): 1.8950138656872432e-05 / 0.0001187943826373852 = 0.15952049445567576
on time step 40272 (time=201.36), 0.00419479 s/step
on time step 41222 (time=206.11), 0.00421412 s/step
field decay(t = 210.10500000000002): 1.8152273796625483e-05 / 0.0001187943826373852 = 0.1528041427012128
on time step 42167 (time=210.835), 0.00423562 s/step
on time step 43112 (time=215.56), 0.00423649 s/step
field decay(t = 220.11): 2.8232098212070072e-05 / 0.0001187943826373852 = 0.2376551616775294
on time step 44054 (time=220.27), 0.00425159 s/step
on time step 45000 (time=225), 0.00423228 s/step
on time step 45973 (time=229.865), 0.00411237 s/step
field decay(t = 230.115): 1.7067000394590892e-05 / 0.0001187943826373852 = 0.143668412728632
on time step 46937 (time=234.685), 0.00415011 s/step
on time step 47895 (time=239.475), 0.0041756 s/step
field decay(t = 240.12): 2.287682696620615e-06 / 0.0001187943826373852 = 0.01925749893076737
field decay(t = 250.125): 9.903995170717824e-10 / 0.0001187943826373852 = 8.337090484277651e-06
run 1 finished at t = 250.125 (50025 timesteps)
N_F = 100
REPETITION = 4
EXECUTION_ORDER = 76
TERMINATION = common_field_decay
DECAY_BY = 0.0001
DECAY_CHECK_INTERVAL = 10.0
MINIMUM_RUN_TIME = 67.5
MAXIMUM_RUN_TIME = 2000.0
RUNTIME_SECONDS = 211.2078368399998
MEEP_TIME = 250.125
STEPS = 50025
TIME_PER_STEP_MS = 4.222045713943024
CAP_HIT = False
SOURCE_BUILD_SECONDS = 0.043140818999745534
ADJOINT_SOURCE_END_TIME = 241.85000610351562
CPU_AFFINITY = 8
PEAK_RSS_MB = 212.1484375
WAVELENGTHS_NM = 500 502.020202 504.040404 506.060606 508.080808 510.10101 512.121212 514.141414 516.161616 518.181818 520.20202 522.222222 524.242424 526.262626 528.282828 530.30303 532.323232 534.343434 536.363636 538.383838 540.40404 542.424242 544.444444 546.464646 548.484848 550.505051 552.525253 554.545455 556.565657 558.585859 560.606061 562.626263 564.646465 566.666667 568.686869 570.707071 572.727273 574.747475 576.767677 578.787879 580.808081 582.828283 584.848485 586.868687 588.888889 590.909091 592.929293 594.949495 596.969697 598.989899 601.010101 603.030303 605.050505 607.070707 609.090909 611.111111 613.131313 615.151515 617.171717 619.191919 621.212121 623.232323 625.252525 627.272727 629.292929 631.313131 633.333333 635.353535 637.373737 639.393939 641.414141 643.434343 645.454545 647.474747 649.494949 651.515152 653.535354 655.555556 657.575758 659.59596 661.616162 663.636364 665.656566 667.676768 669.69697 671.717172 673.737374 675.757576 677.777778 679.79798 681.818182 683.838384 685.858586 687.878788 689.89899 691.919192 693.939394 695.959596 697.979798 700
FD_ADJOINT_COMMON_SUMMARY_END
