FD_ADJOINT_COMMON_SUMMARY_BEGIN
Starting forward run...
-----------
Initializing structure...
time for choose_chunkdivision = 0.0002141 s
Working in 2D dimensions.
Computational cell is 6.6 x 5.4 x 0 with resolution 100
     block, center = (0,-1.65,0)
          size (5,0.2,0)
          axes (1,0,0), (0,1,0), (0,0,1)
time for set_epsilon = 0.196048 s
-----------
field decay(t = 10.005): 0.02764637052122116 / 0.02764637052122116 = 1.0
field decay(t = 20.01): 0.3082529391627392 / 0.3082529391627392 = 1.0
field decay(t = 30.015): 5.783104334573195e-05 / 0.3082529391627392 = 0.00018760905736311763
on time step 6007 (time=30.035), 0.000665987 s/step
field decay(t = 40.02): 5.4666095280480904e-06 / 0.3082529391627392 = 1.7734168384237353e-05
field decay(t = 50.025): 4.6382576465209883e-07 / 0.3082529391627392 = 1.504692107435921e-06
field decay(t = 60.03): 5.2500065272769244e-08 / 0.3082529391627392 = 1.7031488950394836e-07
on time step 12140 (time=60.7), 0.000652293 s/step
field decay(t = 70.035): 6.213486703206159e-09 / 0.3082529391627392 = 2.0157104487252943e-08
run 0 finished at t = 70.035 (14007 timesteps)
on time step 916 (time=4.58), 0.00436749 s/step
on time step 1841 (time=9.205), 0.00432782 s/step
field decay(t = 10.005): 5.64024571991567e-07 / 5.64024571991567e-07 = 1.0
on time step 2691 (time=13.455), 0.00470758 s/step
on time step 3562 (time=17.81), 0.00459463 s/step
field decay(t = 20.01): 9.847804226982162e-07 / 9.847804226982162e-07 = 1.0
on time step 4464 (time=22.32), 0.00443627 s/step
on time step 5366 (time=26.83), 0.00443567 s/step
field decay(t = 30.015): 2.1707791862250996e-06 / 2.1707791862250996e-06 = 1.0
on time step 6270 (time=31.35), 0.00443046 s/step
on time step 7151 (time=35.755), 0.00454233 s/step
field decay(t = 40.02): 3.927855745077961e-06 / 3.927855745077961e-06 = 1.0
on time step 8028 (time=40.14), 0.00456249 s/step
on time step 8907 (time=44.535), 0.00455314 s/step
on time step 9783 (time=48.915), 0.0045663 s/step
field decay(t = 50.025): 6.87167110051717e-06 / 6.87167110051717e-06 = 1.0
on time step 10663 (time=53.315), 0.00454811 s/step
on time step 11544 (time=57.72), 0.00454352 s/step
field decay(t = 60.03): 1.0957647195068476e-05 / 1.0957647195068476e-05 = 1.0
on time step 12422 (time=62.11), 0.00455646 s/step
on time step 13309 (time=66.545), 0.00451534 s/step
field decay(t = 70.035): 1.591477187759503e-05 / 1.591477187759503e-05 = 1.0
on time step 14202 (time=71.01), 0.00448092 s/step
on time step 15093 (time=75.465), 0.00449186 s/step
on time step 15986 (time=79.93), 0.00448361 s/step
field decay(t = 80.04): 2.244110990386261e-05 / 2.244110990386261e-05 = 1.0
on time step 16879 (time=84.395), 0.0044813 s/step
on time step 17774 (time=88.87), 0.00447113 s/step
field decay(t = 90.045): 3.3471181121537024e-05 / 3.3471181121537024e-05 = 1.0
on time step 18666 (time=93.33), 0.00448635 s/step
on time step 19560 (time=97.8), 0.0044747 s/step
field decay(t = 100.05): 5.0360820569297195e-05 / 5.0360820569297195e-05 = 1.0
on time step 20459 (time=102.295), 0.00445541 s/step
on time step 21358 (time=106.79), 0.00444996 s/step
field decay(t = 110.055): 9.204100738439706e-05 / 9.204100738439706e-05 = 1.0
on time step 22253 (time=111.265), 0.00447106 s/step
on time step 23153 (time=115.765), 0.00444751 s/step
field decay(t = 120.06): 0.0001187943826373852 / 0.0001187943826373852 = 1.0
on time step 24051 (time=120.255), 0.00445629 s/step
on time step 24950 (time=124.75), 0.0044512 s/step
on time step 25861 (time=129.305), 0.00439275 s/step
field decay(t = 130.065): 9.70830907789584e-05 / 0.0001187943826373852 = 0.8172363761955008
on time step 26811 (time=134.055), 0.00421277 s/step
on time step 27764 (time=138.82), 0.00419849 s/step
field decay(t = 140.07): 5.0252714984543026e-05 / 0.0001187943826373852 = 0.4230226536715739
on time step 28711 (time=143.555), 0.00422662 s/step
on time step 29665 (time=148.325), 0.00419442 s/step
field decay(t = 150.07500000000002): 4.439456076968961e-05 / 0.0001187943826373852 = 0.37370925951273404
on time step 30613 (time=153.065), 0.00421977 s/step
on time step 31563 (time=157.815), 0.00421191 s/step
field decay(t = 160.08): 3.726780827462188e-05 / 0.0001187943826373852 = 0.3137169237065719
on time step 32516 (time=162.58), 0.00419743 s/step
on time step 33468 (time=167.34), 0.00420447 s/step
field decay(t = 170.085): 3.288553971848169e-05 / 0.0001187943826373852 = 0.2768273969558258
on time step 34421 (time=172.105), 0.00420014 s/step
on time step 35372 (time=176.86), 0.00420723 s/step
field decay(t = 180.09): 2.6009889165826354e-05 / 0.0001187943826373852 = 0.2189488138106701
on time step 36325 (time=181.625), 0.00419955 s/step
on time step 37278 (time=186.39), 0.0041985 s/step
field decay(t = 190.095): 2.1026578251860266e-05 / 0.0001187943826373852 = 0.17699976871838294
on time step 38231 (time=191.155), 0.00419863 s/step
on time step 39186 (time=195.93), 0.00419148 s/step
field decay(t = 200.1): 1.8950138656872432e-05 / 0.0001187943826373852 = 0.15952049445567576
on time step 40138 (time=200.69), 0.00420389 s/step
on time step 41089 (time=205.445), 0.00420872 s/step
field decay(t = 210.10500000000002): 1.8152273796625483e-05 / 0.0001187943826373852 = 0.1528041427012128
on time step 42041 (time=210.205), 0.00420543 s/step
on time step 42992 (time=214.96), 0.00421006 s/step
on time step 43942 (time=219.71), 0.00421332 s/step
field decay(t = 220.11): 2.8232098212070072e-05 / 0.0001187943826373852 = 0.2376551616775294
on time step 44895 (time=224.475), 0.00420062 s/step
on time step 45845 (time=229.225), 0.00421399 s/step
field decay(t = 230.115): 1.7067000394590892e-05 / 0.0001187943826373852 = 0.143668412728632
on time step 46798 (time=233.99), 0.00419773 s/step
on time step 47751 (time=238.755), 0.00419853 s/step
field decay(t = 240.12): 2.287682696620615e-06 / 0.0001187943826373852 = 0.01925749893076737
field decay(t = 250.125): 9.903995170717824e-10 / 0.0001187943826373852 = 8.337090484277651e-06
run 1 finished at t = 250.125 (50025 timesteps)
N_F = 100
REPETITION = 1
EXECUTION_ORDER = 1
TERMINATION = common_field_decay
DECAY_BY = 0.0001
DECAY_CHECK_INTERVAL = 10.0
MINIMUM_RUN_TIME = 67.5
MAXIMUM_RUN_TIME = 2000.0
RUNTIME_SECONDS = 211.80391085199972
MEEP_TIME = 250.125
STEPS = 50025
TIME_PER_STEP_MS = 4.233961236421783
CAP_HIT = False
SOURCE_BUILD_SECONDS = 0.05466739500025142
ADJOINT_SOURCE_END_TIME = 241.85000610351562
CPU_AFFINITY = 8
PEAK_RSS_MB = 211.92578125
WAVELENGTHS_NM = 500 502.020202 504.040404 506.060606 508.080808 510.10101 512.121212 514.141414 516.161616 518.181818 520.20202 522.222222 524.242424 526.262626 528.282828 530.30303 532.323232 534.343434 536.363636 538.383838 540.40404 542.424242 544.444444 546.464646 548.484848 550.505051 552.525253 554.545455 556.565657 558.585859 560.606061 562.626263 564.646465 566.666667 568.686869 570.707071 572.727273 574.747475 576.767677 578.787879 580.808081 582.828283 584.848485 586.868687 588.888889 590.909091 592.929293 594.949495 596.969697 598.989899 601.010101 603.030303 605.050505 607.070707 609.090909 611.111111 613.131313 615.151515 617.171717 619.191919 621.212121 623.232323 625.252525 627.272727 629.292929 631.313131 633.333333 635.353535 637.373737 639.393939 641.414141 643.434343 645.454545 647.474747 649.494949 651.515152 653.535354 655.555556 657.575758 659.59596 661.616162 663.636364 665.656566 667.676768 669.69697 671.717172 673.737374 675.757576 677.777778 679.79798 681.818182 683.838384 685.858586 687.878788 689.89899 691.919192 693.939394 695.959596 697.979798 700
FD_ADJOINT_COMMON_SUMMARY_END
