FD_ADJOINT_COMMON_SUMMARY_BEGIN
Starting forward run...
-----------
Initializing structure...
time for choose_chunkdivision = 0.000217915 s
Working in 2D dimensions.
Computational cell is 6.6 x 5.4 x 0 with resolution 100
     block, center = (0,-1.65,0)
          size (5,0.2,0)
          axes (1,0,0), (0,1,0), (0,0,1)
time for set_epsilon = 0.196476 s
-----------
field decay(t = 10.005): 0.02764637052122116 / 0.02764637052122116 = 1.0
field decay(t = 20.01): 0.3082529391627392 / 0.3082529391627392 = 1.0
field decay(t = 30.015): 5.783104334573195e-05 / 0.3082529391627392 = 0.00018760905736311763
on time step 6177 (time=30.885), 0.000647657 s/step
field decay(t = 40.02): 5.4666095280480904e-06 / 0.3082529391627392 = 1.7734168384237353e-05
field decay(t = 50.025): 4.6382576465209883e-07 / 0.3082529391627392 = 1.504692107435921e-06
field decay(t = 60.03): 5.2500065272769244e-08 / 0.3082529391627392 = 1.7031488950394836e-07
on time step 12362 (time=61.81), 0.000646815 s/step
field decay(t = 70.035): 6.213486703206159e-09 / 0.3082529391627392 = 2.0157104487252943e-08
run 0 finished at t = 70.035 (14007 timesteps)
on time step 925 (time=4.625), 0.00432511 s/step
on time step 1861 (time=9.305), 0.0042769 s/step
field decay(t = 10.005): 5.64024571991567e-07 / 5.64024571991567e-07 = 1.0
on time step 2721 (time=13.605), 0.00465385 s/step
on time step 3601 (time=18.005), 0.00454938 s/step
field decay(t = 20.01): 9.847804226982162e-07 / 9.847804226982162e-07 = 1.0
on time step 4504 (time=22.52), 0.00443127 s/step
on time step 5411 (time=27.055), 0.00441262 s/step
field decay(t = 30.015): 2.1707791862250996e-06 / 2.1707791862250996e-06 = 1.0
on time step 6339 (time=31.695), 0.00431396 s/step
on time step 7232 (time=36.16), 0.004482 s/step
field decay(t = 40.02): 3.927855745077961e-06 / 3.927855745077961e-06 = 1.0
on time step 8120 (time=40.6), 0.0045094 s/step
on time step 9006 (time=45.03), 0.00452083 s/step
on time step 9889 (time=49.445), 0.004532 s/step
field decay(t = 50.025): 6.87167110051717e-06 / 6.87167110051717e-06 = 1.0
on time step 10772 (time=53.86), 0.00453041 s/step
on time step 11656 (time=58.28), 0.00452902 s/step
field decay(t = 60.03): 1.0957647195068476e-05 / 1.0957647195068476e-05 = 1.0
on time step 12540 (time=62.7), 0.00453075 s/step
on time step 13443 (time=67.215), 0.00443019 s/step
field decay(t = 70.035): 1.591477187759503e-05 / 1.591477187759503e-05 = 1.0
on time step 14348 (time=71.74), 0.00442002 s/step
on time step 15248 (time=76.24), 0.00444765 s/step
field decay(t = 80.04): 2.244110990386261e-05 / 2.244110990386261e-05 = 1.0
on time step 16147 (time=80.735), 0.00445118 s/step
on time step 17047 (time=85.235), 0.00444779 s/step
on time step 17943 (time=89.715), 0.00446594 s/step
field decay(t = 90.045): 3.3471181121537024e-05 / 3.3471181121537024e-05 = 1.0
on time step 18840 (time=94.2), 0.00446146 s/step
on time step 19735 (time=98.675), 0.00447001 s/step
field decay(t = 100.05): 5.0360820569297195e-05 / 5.0360820569297195e-05 = 1.0
on time step 20646 (time=103.23), 0.00439083 s/step
on time step 21553 (time=107.765), 0.00441189 s/step
field decay(t = 110.055): 9.204100738439706e-05 / 9.204100738439706e-05 = 1.0
on time step 22455 (time=112.275), 0.0044348 s/step
on time step 23358 (time=116.79), 0.00443146 s/step
field decay(t = 120.06): 0.0001187943826373852 / 0.0001187943826373852 = 1.0
on time step 24258 (time=121.29), 0.00444464 s/step
on time step 25158 (time=125.79), 0.00444855 s/step
field decay(t = 130.065): 9.70830907789584e-05 / 0.0001187943826373852 = 0.8172363761955008
on time step 26085 (time=130.425), 0.00431607 s/step
on time step 27039 (time=135.195), 0.00419301 s/step
on time step 28007 (time=140.035), 0.0041357 s/step
field decay(t = 140.07): 5.0252714984543026e-05 / 0.0001187943826373852 = 0.4230226536715739
on time step 28971 (time=144.855), 0.00415162 s/step
on time step 29931 (time=149.655), 0.00416732 s/step
field decay(t = 150.07500000000002): 4.439456076968961e-05 / 0.0001187943826373852 = 0.37370925951273404
on time step 30887 (time=154.435), 0.00418575 s/step
on time step 31842 (time=159.21), 0.00418951 s/step
field decay(t = 160.08): 3.726780827462188e-05 / 0.0001187943826373852 = 0.3137169237065719
on time step 32794 (time=163.97), 0.00420432 s/step
on time step 33748 (time=168.74), 0.00419709 s/step
field decay(t = 170.085): 3.288553971848169e-05 / 0.0001187943826373852 = 0.2768273969558258
on time step 34701 (time=173.505), 0.00419728 s/step
on time step 35669 (time=178.345), 0.00413349 s/step
field decay(t = 180.09): 2.6009889165826354e-05 / 0.0001187943826373852 = 0.2189488138106701
on time step 36637 (time=183.185), 0.00413421 s/step
on time step 37597 (time=187.985), 0.00416816 s/step
field decay(t = 190.095): 2.1026578251860266e-05 / 0.0001187943826373852 = 0.17699976871838294
on time step 38553 (time=192.765), 0.00418482 s/step
on time step 39512 (time=197.56), 0.00417405 s/step
field decay(t = 200.1): 1.8950138656872432e-05 / 0.0001187943826373852 = 0.15952049445567576
on time step 40467 (time=202.335), 0.0041912 s/step
on time step 41413 (time=207.065), 0.00422846 s/step
field decay(t = 210.10500000000002): 1.8152273796625483e-05 / 0.0001187943826373852 = 0.1528041427012128
on time step 42351 (time=211.755), 0.0042676 s/step
on time step 43301 (time=216.505), 0.00421304 s/step
field decay(t = 220.11): 2.8232098212070072e-05 / 0.0001187943826373852 = 0.2376551616775294
on time step 44260 (time=221.3), 0.00417174 s/step
on time step 45215 (time=226.075), 0.00418947 s/step
field decay(t = 230.115): 1.7067000394590892e-05 / 0.0001187943826373852 = 0.143668412728632
on time step 46164 (time=230.82), 0.0042187 s/step
on time step 47114 (time=235.57), 0.0042129 s/step
field decay(t = 240.12): 2.287682696620615e-06 / 0.0001187943826373852 = 0.01925749893076737
on time step 48054 (time=240.27), 0.00425563 s/step
field decay(t = 250.125): 9.903995170717824e-10 / 0.0001187943826373852 = 8.337090484277651e-06
run 1 finished at t = 250.125 (50025 timesteps)
N_F = 100
REPETITION = 2
EXECUTION_ORDER = 40
TERMINATION = common_field_decay
DECAY_BY = 0.0001
DECAY_CHECK_INTERVAL = 10.0
MINIMUM_RUN_TIME = 67.5
MAXIMUM_RUN_TIME = 2000.0
RUNTIME_SECONDS = 210.5388540590011
MEEP_TIME = 250.125
STEPS = 50025
TIME_PER_STEP_MS = 4.208672744807618
CAP_HIT = False
SOURCE_BUILD_SECONDS = 0.041952728999604005
ADJOINT_SOURCE_END_TIME = 241.85000610351562
CPU_AFFINITY = 8
PEAK_RSS_MB = 211.81640625
WAVELENGTHS_NM = 500 502.020202 504.040404 506.060606 508.080808 510.10101 512.121212 514.141414 516.161616 518.181818 520.20202 522.222222 524.242424 526.262626 528.282828 530.30303 532.323232 534.343434 536.363636 538.383838 540.40404 542.424242 544.444444 546.464646 548.484848 550.505051 552.525253 554.545455 556.565657 558.585859 560.606061 562.626263 564.646465 566.666667 568.686869 570.707071 572.727273 574.747475 576.767677 578.787879 580.808081 582.828283 584.848485 586.868687 588.888889 590.909091 592.929293 594.949495 596.969697 598.989899 601.010101 603.030303 605.050505 607.070707 609.090909 611.111111 613.131313 615.151515 617.171717 619.191919 621.212121 623.232323 625.252525 627.272727 629.292929 631.313131 633.333333 635.353535 637.373737 639.393939 641.414141 643.434343 645.454545 647.474747 649.494949 651.515152 653.535354 655.555556 657.575758 659.59596 661.616162 663.636364 665.656566 667.676768 669.69697 671.717172 673.737374 675.757576 677.777778 679.79798 681.818182 683.838384 685.858586 687.878788 689.89899 691.919192 693.939394 695.959596 697.979798 700
FD_ADJOINT_COMMON_SUMMARY_END
