FD_ADJOINT_COMMON_SUMMARY_BEGIN
Starting forward run...
-----------
Initializing structure...
time for choose_chunkdivision = 0.000222921 s
Working in 2D dimensions.
Computational cell is 6.6 x 5.4 x 0 with resolution 100
     block, center = (0,-1.65,0)
          size (5,0.2,0)
          axes (1,0,0), (0,1,0), (0,0,1)
time for set_epsilon = 0.195453 s
-----------
field decay(t = 10.005): 0.02764637052122116 / 0.02764637052122116 = 1.0
field decay(t = 20.01): 0.3082529391627392 / 0.3082529391627392 = 1.0
on time step 5969 (time=29.845), 0.000670363 s/step
field decay(t = 30.015): 5.783104334573195e-05 / 0.3082529391627392 = 0.00018760905736311763
field decay(t = 40.02): 5.4666095280480904e-06 / 0.3082529391627392 = 1.7734168384237353e-05
field decay(t = 50.025): 4.6382576465209883e-07 / 0.3082529391627392 = 1.504692107435921e-06
on time step 11944 (time=59.72), 0.000669509 s/step
field decay(t = 60.03): 5.2500065272769244e-08 / 0.3082529391627392 = 1.7031488950394836e-07
field decay(t = 70.035): 6.213486703206159e-09 / 0.3082529391627392 = 2.0157104487252943e-08
run 0 finished at t = 70.035 (14007 timesteps)
on time step 891 (time=4.455), 0.00448971 s/step
on time step 1797 (time=8.985), 0.00441717 s/step
field decay(t = 10.005): 5.64024571991567e-07 / 5.64024571991567e-07 = 1.0
on time step 2649 (time=13.245), 0.00469699 s/step
on time step 3531 (time=17.655), 0.00453931 s/step
field decay(t = 20.01): 9.847804226982162e-07 / 9.847804226982162e-07 = 1.0
on time step 4429 (time=22.145), 0.00445603 s/step
on time step 5328 (time=26.64), 0.004454 s/step
field decay(t = 30.015): 2.1707791862250996e-06 / 2.1707791862250996e-06 = 1.0
on time step 6224 (time=31.12), 0.00446478 s/step
on time step 7096 (time=35.48), 0.00459096 s/step
on time step 7963 (time=39.815), 0.00461799 s/step
field decay(t = 40.02): 3.927855745077961e-06 / 3.927855745077961e-06 = 1.0
on time step 8829 (time=44.145), 0.00461974 s/step
on time step 9695 (time=48.475), 0.0046222 s/step
field decay(t = 50.025): 6.87167110051717e-06 / 6.87167110051717e-06 = 1.0
on time step 10591 (time=52.955), 0.00446776 s/step
on time step 11473 (time=57.365), 0.00453627 s/step
field decay(t = 60.03): 1.0957647195068476e-05 / 1.0957647195068476e-05 = 1.0
on time step 12351 (time=61.755), 0.00455654 s/step
on time step 13233 (time=66.165), 0.00453923 s/step
field decay(t = 70.035): 1.591477187759503e-05 / 1.591477187759503e-05 = 1.0
on time step 14115 (time=70.575), 0.00453623 s/step
on time step 14995 (time=74.975), 0.00454612 s/step
on time step 15868 (time=79.34), 0.00458346 s/step
field decay(t = 80.04): 2.244110990386261e-05 / 2.244110990386261e-05 = 1.0
on time step 16753 (time=83.765), 0.00452241 s/step
on time step 17665 (time=88.325), 0.00439119 s/step
field decay(t = 90.045): 3.3471181121537024e-05 / 3.3471181121537024e-05 = 1.0
on time step 18564 (time=92.82), 0.00445254 s/step
on time step 19453 (time=97.265), 0.00450158 s/step
field decay(t = 100.05): 5.0360820569297195e-05 / 5.0360820569297195e-05 = 1.0
on time step 20338 (time=101.69), 0.00452222 s/step
on time step 21225 (time=106.125), 0.00451011 s/step
field decay(t = 110.055): 9.204100738439706e-05 / 9.204100738439706e-05 = 1.0
on time step 22108 (time=110.54), 0.0045343 s/step
on time step 22988 (time=114.94), 0.00454713 s/step
on time step 23867 (time=119.335), 0.00455236 s/step
field decay(t = 120.06): 0.0001187943826373852 / 0.0001187943826373852 = 1.0
on time step 24781 (time=123.905), 0.0043807 s/step
on time step 25689 (time=128.445), 0.00440803 s/step
field decay(t = 130.065): 9.70830907789584e-05 / 0.0001187943826373852 = 0.8172363761955008
on time step 26639 (time=133.195), 0.004212 s/step
on time step 27580 (time=137.9), 0.00425497 s/step
field decay(t = 140.07): 5.0252714984543026e-05 / 0.0001187943826373852 = 0.4230226536715739
on time step 28517 (time=142.585), 0.00427045 s/step
on time step 29447 (time=147.235), 0.00430236 s/step
field decay(t = 150.07500000000002): 4.439456076968961e-05 / 0.0001187943826373852 = 0.37370925951273404
on time step 30385 (time=151.925), 0.00426686 s/step
on time step 31318 (time=156.59), 0.00428789 s/step
field decay(t = 160.08): 3.726780827462188e-05 / 0.0001187943826373852 = 0.3137169237065719
on time step 32287 (time=161.435), 0.0041289 s/step
on time step 33241 (time=166.205), 0.00419361 s/step
field decay(t = 170.085): 3.288553971848169e-05 / 0.0001187943826373852 = 0.2768273969558258
on time step 34186 (time=170.93), 0.00423328 s/step
on time step 35128 (time=175.64), 0.00424824 s/step
field decay(t = 180.09): 2.6009889165826354e-05 / 0.0001187943826373852 = 0.2189488138106701
on time step 36063 (time=180.315), 0.00427987 s/step
on time step 36997 (time=184.985), 0.00428435 s/step
on time step 37935 (time=189.675), 0.00426659 s/step
field decay(t = 190.095): 2.1026578251860266e-05 / 0.0001187943826373852 = 0.17699976871838294
on time step 38874 (time=194.37), 0.00426116 s/step
on time step 39841 (time=199.205), 0.00414127 s/step
field decay(t = 200.1): 1.8950138656872432e-05 / 0.0001187943826373852 = 0.15952049445567576
on time step 40804 (time=204.02), 0.00415383 s/step
on time step 41755 (time=208.775), 0.004207 s/step
field decay(t = 210.10500000000002): 1.8152273796625483e-05 / 0.0001187943826373852 = 0.1528041427012128
on time step 42701 (time=213.505), 0.00423097 s/step
on time step 43636 (time=218.18), 0.00427892 s/step
field decay(t = 220.11): 2.8232098212070072e-05 / 0.0001187943826373852 = 0.2376551616775294
on time step 44576 (time=222.88), 0.00425852 s/step
on time step 45515 (time=227.575), 0.00426006 s/step
field decay(t = 230.115): 1.7067000394590892e-05 / 0.0001187943826373852 = 0.143668412728632
on time step 46449 (time=232.245), 0.00428411 s/step
on time step 47410 (time=237.05), 0.0041679 s/step
field decay(t = 240.12): 2.287682696620615e-06 / 0.0001187943826373852 = 0.01925749893076737
on time step 48384 (time=241.92), 0.00410741 s/step
field decay(t = 250.125): 9.903995170717824e-10 / 0.0001187943826373852 = 8.337090484277651e-06
run 1 finished at t = 250.125 (50025 timesteps)
N_F = 100
REPETITION = 5
EXECUTION_ORDER = 93
TERMINATION = common_field_decay
DECAY_BY = 0.0001
DECAY_CHECK_INTERVAL = 10.0
MINIMUM_RUN_TIME = 67.5
MAXIMUM_RUN_TIME = 2000.0
RUNTIME_SECONDS = 213.19771600899912
MEEP_TIME = 250.125
STEPS = 50025
TIME_PER_STEP_MS = 4.2618234084757445
CAP_HIT = False
SOURCE_BUILD_SECONDS = 0.043457652998768026
ADJOINT_SOURCE_END_TIME = 241.85000610351562
CPU_AFFINITY = 8
PEAK_RSS_MB = 212.5
WAVELENGTHS_NM = 500 502.020202 504.040404 506.060606 508.080808 510.10101 512.121212 514.141414 516.161616 518.181818 520.20202 522.222222 524.242424 526.262626 528.282828 530.30303 532.323232 534.343434 536.363636 538.383838 540.40404 542.424242 544.444444 546.464646 548.484848 550.505051 552.525253 554.545455 556.565657 558.585859 560.606061 562.626263 564.646465 566.666667 568.686869 570.707071 572.727273 574.747475 576.767677 578.787879 580.808081 582.828283 584.848485 586.868687 588.888889 590.909091 592.929293 594.949495 596.969697 598.989899 601.010101 603.030303 605.050505 607.070707 609.090909 611.111111 613.131313 615.151515 617.171717 619.191919 621.212121 623.232323 625.252525 627.272727 629.292929 631.313131 633.333333 635.353535 637.373737 639.393939 641.414141 643.434343 645.454545 647.474747 649.494949 651.515152 653.535354 655.555556 657.575758 659.59596 661.616162 663.636364 665.656566 667.676768 669.69697 671.717172 673.737374 675.757576 677.777778 679.79798 681.818182 683.838384 685.858586 687.878788 689.89899 691.919192 693.939394 695.959596 697.979798 700
FD_ADJOINT_COMMON_SUMMARY_END
