FD_ADJOINT_COMMON_SUMMARY_BEGIN
Starting forward run...
-----------
Initializing structure...
time for choose_chunkdivision = 0.000231981 s
Working in 2D dimensions.
Computational cell is 6.6 x 5.4 x 0 with resolution 100
     block, center = (0,-1.65,0)
          size (5,0.2,0)
          axes (1,0,0), (0,1,0), (0,0,1)
time for set_epsilon = 0.196578 s
-----------
field decay(t = 10.005): 0.02764637052122116 / 0.02764637052122116 = 1.0
field decay(t = 20.01): 0.3082529391627392 / 0.3082529391627392 = 1.0
field decay(t = 30.015): 5.783104334573195e-05 / 0.3082529391627392 = 0.00018760905736311763
on time step 6194 (time=30.97), 0.000645858 s/step
field decay(t = 40.02): 5.4666095280480904e-06 / 0.3082529391627392 = 1.7734168384237353e-05
field decay(t = 50.025): 4.6382576465209883e-07 / 0.3082529391627392 = 1.504692107435921e-06
field decay(t = 60.03): 5.2500065272769244e-08 / 0.3082529391627392 = 1.7031488950394836e-07
on time step 12423 (time=62.115), 0.000642203 s/step
field decay(t = 70.035): 6.213486703206159e-09 / 0.3082529391627392 = 2.0157104487252943e-08
run 0 finished at t = 70.035 (14007 timesteps)
field decay(t = 10.005): 380.71881497587816 / 380.71881497587816 = 1.0
field decay(t = 20.01): 0.008257319698852326 / 380.71881497587816 = 2.1688761821176343e-05
field decay(t = 30.015): 0.0002785819413537912 / 380.71881497587816 = 7.317262252233103e-07
on time step 6281 (time=31.405), 0.000636897 s/step
field decay(t = 40.02): 4.134006848815124e-05 / 380.71881497587816 = 1.085842539480758e-07
field decay(t = 50.025): 6.8235587111043104e-06 / 380.71881497587816 = 1.792283029546791e-08
field decay(t = 60.03): 1.4186070997892345e-06 / 380.71881497587816 = 3.7261281659513345e-09
on time step 12561 (time=62.805), 0.000637034 s/step
field decay(t = 70.035): 2.5280300917735726e-07 / 380.71881497587816 = 6.64015013792724e-10
run 1 finished at t = 70.035 (14007 timesteps)
N_F = 2
REPETITION = 3
EXECUTION_ORDER = 41
TERMINATION = common_field_decay
DECAY_BY = 0.0001
DECAY_CHECK_INTERVAL = 10.0
MINIMUM_RUN_TIME = 67.5
MAXIMUM_RUN_TIME = 2000.0
RUNTIME_SECONDS = 8.92205071600074
MEEP_TIME = 70.035
STEPS = 14007
TIME_PER_STEP_MS = 0.6369708514314799
CAP_HIT = False
SOURCE_BUILD_SECONDS = 0.004966557000443572
ADJOINT_SOURCE_END_TIME = 1.75
CPU_AFFINITY = 8
PEAK_RSS_MB = 154.14453125
WAVELENGTHS_NM = 500 700
FD_ADJOINT_COMMON_SUMMARY_END
