FORWARD_ONLY_SUMMARY_BEGIN
-----------
Initializing structure...
time for choose_chunkdivision = 0.000211954 s
Working in 2D dimensions.
Computational cell is 6.6 x 5.4 x 0 with resolution 100
     block, center = (0,-1.65,0)
          size (5,0.2,0)
          axes (1,0,0), (0,1,0), (0,0,1)
time for set_epsilon = 0.194172 s
-----------
field decay(t = 10.005): 0.02764637052122116 / 0.02764637052122116 = 1.0
field decay(t = 20.01): 0.3082529391627392 / 0.3082529391627392 = 1.0
field decay(t = 30.015): 5.783104334573195e-05 / 0.3082529391627392 = 0.00018760905736311763
on time step 6109 (time=30.545), 0.000654852 s/step
field decay(t = 40.02): 5.4666095280480904e-06 / 0.3082529391627392 = 1.7734168384237353e-05
field decay(t = 50.025): 4.6382576465209883e-07 / 0.3082529391627392 = 1.504692107435921e-06
field decay(t = 60.03): 5.2500065272769244e-08 / 0.3082529391627392 = 1.7031488950394836e-07
on time step 12219 (time=61.095), 0.000654684 s/step
field decay(t = 70.035): 6.213486703206159e-09 / 0.3082529391627392 = 2.0157104487252943e-08
run 0 finished at t = 70.035 (14007 timesteps)
TERMINATION = common_field_decay
REPETITION = 5
EXECUTION_ORDER = 85
N_F = 10
DECAY_BY = 0.0001
MINIMUM_RUN_TIME = 67.5
MAXIMUM_RUN_TIME = 2000.0
RUNTIME_SECONDS = 9.33109203100048
TIME_PER_STEP_MS = 0.6661734868994417
MEEP_TIME = 70.035
MEEP_DT = 0.005
STEPS = 14007
CAP_HIT = False
INCIDENT_RUNTIME_SECONDS = 0.00013806300012220163
INCIDENT_NORMALIZATION_SOURCE = cache
INCIDENT_NORMALIZATION_CACHE = forward_only_sweep/cache/incident_norm_Nf010.npy
EVAL_TOTAL_SECONDS = 9.337730625000404
OBJECTIVE = 0.9285446083856976
DFT_REGION_CELLS = 11569
DFT_ACCUMULATORS = 115690
FILTERED_SOURCE_BASIS_COUNT = 10
FILTERED_SOURCE_WINDOW_WIDTH = 21.349999999999977
FORWARD_SOURCE_END_TIME = 17.5
CPU_AFFINITY = 8
CPU_MODEL = AMD Ryzen 9 9950X 16-Core Processor
NUM_THREADS = 1
NUM_MPI_RANKS = 1
PEAK_RSS_MB = 152.71875
OPERATING_SYSTEM = Ubuntu 24.04.4 LTS
MEEP_VERSION = 1.30.0
PYMEEP_PACKAGE_VERSION = 1.30.1
PYMEEP_PACKAGE_BUILD = nompi_py39h9d793ab_103
PYTHON_VERSION = 3.9.23
WAVELENGTHS_NM = 500 522.222222 544.444444 566.666667 588.888889 611.111111 633.333333 655.555556 677.777778 700
NOTES = Forward-only; Simulation.run wall time; incident normalization excluded.
FORWARD_ONLY_SUMMARY_END
