FORWARD_ONLY_SUMMARY_BEGIN
-----------
Initializing structure...
time for choose_chunkdivision = 0.000215054 s
Working in 2D dimensions.
Computational cell is 6.6 x 5.4 x 0 with resolution 100
     block, center = (0,-1.65,0)
          size (5,0.2,0)
          axes (1,0,0), (0,1,0), (0,0,1)
time for set_epsilon = 0.194209 s
-----------
field decay(t = 10.005): 0.02764637052122116 / 0.02764637052122116 = 1.0
field decay(t = 20.01): 0.3082529391627392 / 0.3082529391627392 = 1.0
field decay(t = 30.015): 5.783104334573195e-05 / 0.3082529391627392 = 0.00018760905736311763
on time step 6277 (time=31.385), 0.000637335 s/step
field decay(t = 40.02): 5.4666095280480904e-06 / 0.3082529391627392 = 1.7734168384237353e-05
field decay(t = 50.025): 4.6382576465209883e-07 / 0.3082529391627392 = 1.504692107435921e-06
field decay(t = 60.03): 5.2500065272769244e-08 / 0.3082529391627392 = 1.7031488950394836e-07
on time step 12584 (time=62.92), 0.000634232 s/step
field decay(t = 70.035): 6.213486703206159e-09 / 0.3082529391627392 = 2.0157104487252943e-08
run 0 finished at t = 70.035 (14007 timesteps)
TERMINATION = common_field_decay
REPETITION = 3
EXECUTION_ORDER = 51
N_F = 15
DECAY_BY = 0.0001
MINIMUM_RUN_TIME = 67.5
MAXIMUM_RUN_TIME = 2000.0
RUNTIME_SECONDS = 9.104027280000082
TIME_PER_STEP_MS = 0.6499626815163906
MEEP_TIME = 70.035
MEEP_DT = 0.005
STEPS = 14007
CAP_HIT = False
INCIDENT_RUNTIME_SECONDS = 0.00013451500035444042
INCIDENT_NORMALIZATION_SOURCE = cache
INCIDENT_NORMALIZATION_CACHE = forward_only_sweep/cache/incident_norm_Nf015.npy
EVAL_TOTAL_SECONDS = 9.11112121000042
OBJECTIVE = 0.9330248263157153
DFT_REGION_CELLS = 11569
DFT_ACCUMULATORS = 173535
FILTERED_SOURCE_BASIS_COUNT = 15
FILTERED_SOURCE_WINDOW_WIDTH = 33.60000000000012
FORWARD_SOURCE_END_TIME = 17.5
CPU_AFFINITY = 8
CPU_MODEL = AMD Ryzen 9 9950X 16-Core Processor
NUM_THREADS = 1
NUM_MPI_RANKS = 1
PEAK_RSS_MB = 153.80859375
OPERATING_SYSTEM = Ubuntu 24.04.4 LTS
MEEP_VERSION = 1.30.0
PYMEEP_PACKAGE_VERSION = 1.30.1
PYMEEP_PACKAGE_BUILD = nompi_py39h9d793ab_103
PYTHON_VERSION = 3.9.23
WAVELENGTHS_NM = 500 514.285714 528.571429 542.857143 557.142857 571.428571 585.714286 600 614.285714 628.571429 642.857143 657.142857 671.428571 685.714286 700
NOTES = Forward-only; Simulation.run wall time; incident normalization excluded.
FORWARD_ONLY_SUMMARY_END
