FORWARD_ONLY_SUMMARY_BEGIN
-----------
Initializing structure...
time for choose_chunkdivision = 0.000217915 s
Working in 2D dimensions.
Computational cell is 6.6 x 5.4 x 0 with resolution 100
     block, center = (0,-1.65,0)
          size (5,0.2,0)
          axes (1,0,0), (0,1,0), (0,0,1)
time for set_epsilon = 0.205054 s
-----------
field decay(t = 10.005): 0.02764637052122116 / 0.02764637052122116 = 1.0
field decay(t = 20.01): 0.3082529391627392 / 0.3082529391627392 = 1.0
field decay(t = 30.015): 5.783104334573195e-05 / 0.3082529391627392 = 0.00018760905736311763
on time step 6024 (time=30.12), 0.000664044 s/step
field decay(t = 40.02): 5.4666095280480904e-06 / 0.3082529391627392 = 1.7734168384237353e-05
field decay(t = 50.025): 4.6382576465209883e-07 / 0.3082529391627392 = 1.504692107435921e-06
field decay(t = 60.03): 5.2500065272769244e-08 / 0.3082529391627392 = 1.7031488950394836e-07
on time step 12226 (time=61.13), 0.000645021 s/step
field decay(t = 70.035): 6.213486703206159e-09 / 0.3082529391627392 = 2.0157104487252943e-08
run 0 finished at t = 70.035 (14007 timesteps)
TERMINATION = common_field_decay
REPETITION = 2
EXECUTION_ORDER = 30
N_F = 30
DECAY_BY = 0.0001
MINIMUM_RUN_TIME = 67.5
MAXIMUM_RUN_TIME = 2000.0
RUNTIME_SECONDS = 9.353168333000212
TIME_PER_STEP_MS = 0.6677495775683738
MEEP_TIME = 70.035
MEEP_DT = 0.005
STEPS = 14007
CAP_HIT = False
INCIDENT_RUNTIME_SECONDS = 0.00015150899980653776
INCIDENT_NORMALIZATION_SOURCE = cache
INCIDENT_NORMALIZATION_CACHE = forward_only_sweep/cache/incident_norm_Nf030.npy
EVAL_TOTAL_SECONDS = 9.365788301000066
OBJECTIVE = 0.9382638568059934
DFT_REGION_CELLS = 11569
DFT_ACCUMULATORS = 347070
FILTERED_SOURCE_BASIS_COUNT = 30
FILTERED_SOURCE_WINDOW_WIDTH = 70.3499999999997
FORWARD_SOURCE_END_TIME = 17.5
CPU_AFFINITY = 8
CPU_MODEL = AMD Ryzen 9 9950X 16-Core Processor
NUM_THREADS = 1
NUM_MPI_RANKS = 1
PEAK_RSS_MB = 155.78515625
OPERATING_SYSTEM = Ubuntu 24.04.4 LTS
MEEP_VERSION = 1.30.0
PYMEEP_PACKAGE_VERSION = 1.30.1
PYMEEP_PACKAGE_BUILD = nompi_py39h9d793ab_103
PYTHON_VERSION = 3.9.23
WAVELENGTHS_NM = 500 506.896552 513.793103 520.689655 527.586207 534.482759 541.37931 548.275862 555.172414 562.068966 568.965517 575.862069 582.758621 589.655172 596.551724 603.448276 610.344828 617.241379 624.137931 631.034483 637.931034 644.827586 651.724138 658.62069 665.517241 672.413793 679.310345 686.206897 693.103448 700
NOTES = Forward-only; Simulation.run wall time; incident normalization excluded.
FORWARD_ONLY_SUMMARY_END
