FORWARD_ONLY_SUMMARY_BEGIN
-----------
Initializing structure...
time for choose_chunkdivision = 0.000228882 s
Working in 2D dimensions.
Computational cell is 6.6 x 5.4 x 0 with resolution 100
     block, center = (0,-1.65,0)
          size (5,0.2,0)
          axes (1,0,0), (0,1,0), (0,0,1)
time for set_epsilon = 0.196211 s
-----------
field decay(t = 10.005): 0.02764637052122116 / 0.02764637052122116 = 1.0
field decay(t = 20.01): 0.3082529391627392 / 0.3082529391627392 = 1.0
field decay(t = 30.015): 5.783104334573195e-05 / 0.3082529391627392 = 0.00018760905736311763
on time step 6041 (time=30.205), 0.000662156 s/step
field decay(t = 40.02): 5.4666095280480904e-06 / 0.3082529391627392 = 1.7734168384237353e-05
field decay(t = 50.025): 4.6382576465209883e-07 / 0.3082529391627392 = 1.504692107435921e-06
field decay(t = 60.03): 5.2500065272769244e-08 / 0.3082529391627392 = 1.7031488950394836e-07
on time step 12125 (time=60.625), 0.000657541 s/step
field decay(t = 70.035): 6.213486703206159e-09 / 0.3082529391627392 = 2.0157104487252943e-08
run 0 finished at t = 70.035 (14007 timesteps)
TERMINATION = common_field_decay
REPETITION = 1
EXECUTION_ORDER = 3
N_F = 50
DECAY_BY = 0.0001
MINIMUM_RUN_TIME = 67.5
MAXIMUM_RUN_TIME = 2000.0
RUNTIME_SECONDS = 9.426567704999798
TIME_PER_STEP_MS = 0.6729897697579637
MEEP_TIME = 70.035
MEEP_DT = 0.005
STEPS = 14007
CAP_HIT = False
INCIDENT_RUNTIME_SECONDS = 0.008966451000560482
INCIDENT_NORMALIZATION_SOURCE = cache
INCIDENT_NORMALIZATION_CACHE = forward_only_sweep/cache/incident_norm_Nf050.npy
EVAL_TOTAL_SECONDS = 9.450256391000039
OBJECTIVE = 0.9396378818084993
DFT_REGION_CELLS = 11569
DFT_ACCUMULATORS = 578450
FILTERED_SOURCE_BASIS_COUNT = 50
FILTERED_SOURCE_WINDOW_WIDTH = 119.34999999999648
FORWARD_SOURCE_END_TIME = 17.5
CPU_AFFINITY = 8
CPU_MODEL = AMD Ryzen 9 9950X 16-Core Processor
NUM_THREADS = 1
NUM_MPI_RANKS = 1
PEAK_RSS_MB = 160.33984375
OPERATING_SYSTEM = Ubuntu 24.04.4 LTS
MEEP_VERSION = 1.30.0
PYMEEP_PACKAGE_VERSION = 1.30.1
PYMEEP_PACKAGE_BUILD = nompi_py39h9d793ab_103
PYTHON_VERSION = 3.9.23
WAVELENGTHS_NM = 500 504.081633 508.163265 512.244898 516.326531 520.408163 524.489796 528.571429 532.653061 536.734694 540.816327 544.897959 548.979592 553.061224 557.142857 561.22449 565.306122 569.387755 573.469388 577.55102 581.632653 585.714286 589.795918 593.877551 597.959184 602.040816 606.122449 610.204082 614.285714 618.367347 622.44898 626.530612 630.612245 634.693878 638.77551 642.857143 646.938776 651.020408 655.102041 659.183673 663.265306 667.346939 671.428571 675.510204 679.591837 683.673469 687.755102 691.836735 695.918367 700
NOTES = Forward-only; Simulation.run wall time; incident normalization excluded.
FORWARD_ONLY_SUMMARY_END
