FORWARD_ONLY_SUMMARY_BEGIN
-----------
Initializing structure...
time for choose_chunkdivision = 0.000228882 s
Working in 2D dimensions.
Computational cell is 6.6 x 5.4 x 0 with resolution 100
     block, center = (0,-1.65,0)
          size (5,0.2,0)
          axes (1,0,0), (0,1,0), (0,0,1)
time for set_epsilon = 0.196942 s
-----------
field decay(t = 10.005): 0.02764637052122116 / 0.02764637052122116 = 1.0
field decay(t = 20.01): 0.3082529391627392 / 0.3082529391627392 = 1.0
field decay(t = 30.015): 5.783104334573195e-05 / 0.3082529391627392 = 0.00018760905736311763
on time step 6051 (time=30.255), 0.000661091 s/step
field decay(t = 40.02): 5.4666095280480904e-06 / 0.3082529391627392 = 1.7734168384237353e-05
field decay(t = 50.025): 4.6382576465209883e-07 / 0.3082529391627392 = 1.504692107435921e-06
field decay(t = 60.03): 5.2500065272769244e-08 / 0.3082529391627392 = 1.7031488950394836e-07
on time step 12151 (time=60.755), 0.000655748 s/step
field decay(t = 70.035): 6.213486703206159e-09 / 0.3082529391627392 = 2.0157104487252943e-08
run 0 finished at t = 70.035 (14007 timesteps)
TERMINATION = common_field_decay
REPETITION = 5
EXECUTION_ORDER = 93
N_F = 100
DECAY_BY = 0.0001
MINIMUM_RUN_TIME = 67.5
MAXIMUM_RUN_TIME = 2000.0
RUNTIME_SECONDS = 9.426076587000352
TIME_PER_STEP_MS = 0.6729547074320235
MEEP_TIME = 70.035
MEEP_DT = 0.005
STEPS = 14007
CAP_HIT = False
INCIDENT_RUNTIME_SECONDS = 0.00023796100049366942
INCIDENT_NORMALIZATION_SOURCE = cache
INCIDENT_NORMALIZATION_CACHE = forward_only_sweep/cache/incident_norm_Nf100.npy
EVAL_TOTAL_SECONDS = 9.445109782000145
OBJECTIVE = 0.9403297402792724
DFT_REGION_CELLS = 11569
DFT_ACCUMULATORS = 1156900
FILTERED_SOURCE_BASIS_COUNT = 100
FILTERED_SOURCE_WINDOW_WIDTH = 241.84999999999258
FORWARD_SOURCE_END_TIME = 17.5
CPU_AFFINITY = 8
CPU_MODEL = AMD Ryzen 9 9950X 16-Core Processor
NUM_THREADS = 1
NUM_MPI_RANKS = 1
PEAK_RSS_MB = 169.015625
OPERATING_SYSTEM = Ubuntu 24.04.4 LTS
MEEP_VERSION = 1.30.0
PYMEEP_PACKAGE_VERSION = 1.30.1
PYMEEP_PACKAGE_BUILD = nompi_py39h9d793ab_103
PYTHON_VERSION = 3.9.23
WAVELENGTHS_NM = 500 502.020202 504.040404 506.060606 508.080808 510.10101 512.121212 514.141414 516.161616 518.181818 520.20202 522.222222 524.242424 526.262626 528.282828 530.30303 532.323232 534.343434 536.363636 538.383838 540.40404 542.424242 544.444444 546.464646 548.484848 550.505051 552.525253 554.545455 556.565657 558.585859 560.606061 562.626263 564.646465 566.666667 568.686869 570.707071 572.727273 574.747475 576.767677 578.787879 580.808081 582.828283 584.848485 586.868687 588.888889 590.909091 592.929293 594.949495 596.969697 598.989899 601.010101 603.030303 605.050505 607.070707 609.090909 611.111111 613.131313 615.151515 617.171717 619.191919 621.212121 623.232323 625.252525 627.272727 629.292929 631.313131 633.333333 635.353535 637.373737 639.393939 641.414141 643.434343 645.454545 647.474747 649.494949 651.515152 653.535354 655.555556 657.575758 659.59596 661.616162 663.636364 665.656566 667.676768 669.69697 671.717172 673.737374 675.757576 677.777778 679.79798 681.818182 683.838384 685.858586 687.878788 689.89899 691.919192 693.939394 695.959596 697.979798 700
NOTES = Forward-only; Simulation.run wall time; incident normalization excluded.
FORWARD_ONLY_SUMMARY_END
