TD_REPEAT_SUMMARY_BEGIN
-----------
Initializing structure...
time for choose_chunkdivision = 0.000216961 s
Working in 2D dimensions.
Computational cell is 6.6 x 5.4 x 0 with resolution 100
     block, center = (0,-1.65,0)
          size (5,0.2,0)
          axes (1,0,0), (0,1,0), (0,0,1)
time for set_epsilon = 0.195891 s
-----------
field decay(t = 10.005): 0.02764637052122116 / 0.02764637052122116 = 1.0
field decay(t = 20.01): 0.3082529391627392 / 0.3082529391627392 = 1.0
on time step 5745 (time=28.725), 0.00069637 s/step
field decay(t = 30.015): 5.783104334573195e-05 / 0.3082529391627392 = 0.00018760905736311763
field decay(t = 40.02): 5.4666095280480904e-06 / 0.3082529391627392 = 1.7734168384237353e-05
field decay(t = 50.025): 4.6382576465209883e-07 / 0.3082529391627392 = 1.504692107435921e-06
on time step 11655 (time=58.275), 0.00067684 s/step
field decay(t = 60.03): 5.2500065272769244e-08 / 0.3082529391627392 = 1.7031488950394836e-07
field decay(t = 70.035): 6.213486703206159e-09 / 0.3082529391627392 = 2.0157104487252943e-08
run 0 finished at t = 70.035 (14007 timesteps)
-----------
Initializing structure...
time for choose_chunkdivision = 0.000215054 s
Working in 2D dimensions.
Computational cell is 6.6 x 5.4 x 0 with resolution 100
     block, center = (0,-1.65,0)
          size (5,0.2,0)
          axes (1,0,0), (0,1,0), (0,0,1)
time for set_epsilon = 0.192597 s
-----------
Meep progress: 27.38/70.03500366210938 = 39.1% done in 4.0s, 6.2s to go
on time step 5480 (time=27.4), 0.000730054 s/step
Meep progress: 55.015/70.03500366210938 = 78.6% done in 8.0s, 2.2s to go
on time step 11008 (time=55.04), 0.000723704 s/step
run 0 finished at t = 70.035 (14007 timesteps)
METHOD = time-domain
TERMINATION = moderate
DECAY_BY = 0.0001
MINIMUM_RUN_TIME = 67.5
MAXIMUM_RUN_TIME = 2000.0
DECAY_CHECK_INTERVAL = 10.0
FORWARD_CAP_HIT = 0
AFTER_SOURCES_TIME_MEEP_UNITS = 50.0
SAMPLING_INTERVAL = 24
FOM = 0.24546866593449115
FORWARD_S = 9.792476812000132
ADJOINT_S = 10.388479361999998
EVAL_TOTAL_S = 20.18095617400013
ITERATION_TOTAL_S = 20.26297912400014
MAXRSS_MB = 186.10546875
NATIVE_SAMPLER_AVAILABLE = 1
DT = 0.005
FORWARD_ACTUAL_TIME_MEEP_UNITS = 70.03500366210938
ADJOINT_RUN_TIME_MEEP_UNITS = 70.03500366210938
FORWARD_STEPS = 14008
FORWARD_FIELD_SAMPLES = 584
ADJOINT_STEPS = 14008
ADJOINT_FIELD_SAMPLES = 584
GRAD_NORM = 0.04014308905531952
REPETITION = 3
EXECUTION_ORDER = 12
CPU_AFFINITY = 8
NUM_THREADS = 1
MACHINE_NAME = DESKTOP-T9UAKPN
PYTHON_VERSION = 3.9.23
TD_REPEAT_SUMMARY_END
