Starting forward run...
-----------
Initializing structure...
time for choose_chunkdivision = 0.00022912 s
Working in 2D dimensions.
Computational cell is 6.6 x 5.4 x 0 with resolution 100
     block, center = (0,-1.65,0)
          size (5,0.2,0)
          axes (1,0,0), (0,1,0), (0,0,1)
time for set_epsilon = 0.200595 s
-----------
field decay(t = 10.005): 0.02764637052122116 / 0.02764637052122116 = 1.0
field decay(t = 20.01): 0.3082529391627392 / 0.3082529391627392 = 1.0
field decay(t = 30.015): 5.783104334573195e-05 / 0.3082529391627392 = 0.00018760905736311763
on time step 6083 (time=30.415), 0.000657603 s/step
field decay(t = 40.02): 5.4666095280480904e-06 / 0.3082529391627392 = 1.7734168384237353e-05
run 0 finished at t = 40.02 (8004 timesteps)
FD_ADJOINT_MEASURED_RUN_BEGIN
field decay(t = 10.005): 0.003599692485536381 / 0.003599692485536381 = 1.0
on time step 3429 (time=17.145), 0.00116654 s/step
field decay(t = 20.01): 0.03037667621965604 / 0.03037667621965604 = 1.0
field decay(t = 30.015): 0.02652957006116316 / 0.03037667621965604 = 0.8733532882046026
on time step 7819 (time=39.095), 0.000911185 s/step
field decay(t = 40.02): 6.0461708788274474e-05 / 0.03037667621965604 = 0.0019903990927470565
field decay(t = 50.025): 5.4890039550612384e-08 / 0.03037667621965604 = 1.8069797746698276e-06
run 1 finished at t = 50.025 (10005 timesteps)
FD_ADJOINT_MEASURED_RUN_END
FD_ADJOINT_COMMON_SUMMARY_BEGIN
N_F = 15
REPETITION = 5
EXECUTION_ORDER = 8
TERMINATION = common_field_decay
DECAY_BY = 0.0001
DECAY_CHECK_INTERVAL = 10.0
MINIMUM_RUN_TIME = 0.0
MAXIMUM_RUN_TIME = 2000.0
RUNTIME_SECONDS = 9.935308502001135
MEEP_TIME = 50.025
STEPS = 10005
TIME_PER_STEP_MS = 0.9930343330335967
MEEP_DT = 0.005
CAP_HIT = False
STOP_REASON = field_decay
SOURCE_BUILD_SECONDS = 0.005082562001916813
ADJOINT_SOURCE_END_TIME = 33.599998474121094
POST_SOURCE_TIME = 16.425001525878905
SOURCE_TYPE = FilteredSource
FILTERED_SOURCE_BASIS_COUNT = 15
DECAY_COMPONENT = Ez
DECAY_FOCUS_X = 0.0
DECAY_FOCUS_Y = 1.7800000000000002
DECAY_FOCUS_Z = 0.0
CPU_AFFINITY = 8
PEAK_RSS_MB = 155.8828125
WAVELENGTHS_NM = 500 514.285714 528.571429 542.857143 557.142857 571.428571 585.714286 600 614.285714 628.571429 642.857143 657.142857 671.428571 685.714286 700
FD_ADJOINT_COMMON_SUMMARY_END
