FD_ADJOINT_COMMON_SUMMARY_BEGIN
Starting forward run...
-----------
Initializing structure...
time for choose_chunkdivision = 0.000210047 s
Working in 2D dimensions.
Computational cell is 6.6 x 5.4 x 0 with resolution 100
     block, center = (0,-1.65,0)
          size (5,0.2,0)
          axes (1,0,0), (0,1,0), (0,0,1)
time for set_epsilon = 0.194346 s
-----------
field decay(t = 10.005): 0.02764637052122116 / 0.02764637052122116 = 1.0
field decay(t = 20.01): 0.3082529391627392 / 0.3082529391627392 = 1.0
field decay(t = 30.015): 5.783104334573195e-05 / 0.3082529391627392 = 0.00018760905736311763
on time step 6308 (time=31.54), 0.00063412 s/step
field decay(t = 40.02): 5.4666095280480904e-06 / 0.3082529391627392 = 1.7734168384237353e-05
field decay(t = 50.025): 4.6382576465209883e-07 / 0.3082529391627392 = 1.504692107435921e-06
field decay(t = 60.03): 5.2500065272769244e-08 / 0.3082529391627392 = 1.7031488950394836e-07
on time step 12587 (time=62.935), 0.000637078 s/step
field decay(t = 70.035): 6.213486703206159e-09 / 0.3082529391627392 = 2.0157104487252943e-08
run 0 finished at t = 70.035 (14007 timesteps)
field decay(t = 10.005): 0.0035751570907429247 / 0.0035751570907429247 = 1.0
on time step 3488 (time=17.44), 0.00114699 s/step
field decay(t = 20.01): 0.03013003271412485 / 0.03013003271412485 = 1.0
field decay(t = 30.015): 0.02635657988129313 / 0.03013003271412485 = 0.8747610774726196
on time step 7193 (time=35.965), 0.00107964 s/step
field decay(t = 40.02): 6.102369216335341e-05 / 0.03013003271412485 = 0.0020253443712573774
field decay(t = 50.025): 5.418936763014502e-08 / 0.03013003271412485 = 1.7985167206519904e-06
field decay(t = 60.03): 4.2421157750287116e-09 / 0.03013003271412485 = 1.407936000361534e-07
on time step 13411 (time=67.055), 0.000643373 s/step
field decay(t = 70.035): 2.0460656802459282e-10 / 0.03013003271412485 = 6.790784794889187e-09
run 1 finished at t = 70.035 (14007 timesteps)
N_F = 15
REPETITION = 5
EXECUTION_ORDER = 87
TERMINATION = common_field_decay
DECAY_BY = 0.0001
DECAY_CHECK_INTERVAL = 10.0
MINIMUM_RUN_TIME = 67.5
MAXIMUM_RUN_TIME = 2000.0
RUNTIME_SECONDS = 12.384049294998476
MEEP_TIME = 70.035
STEPS = 14007
TIME_PER_STEP_MS = 0.8841328832011478
CAP_HIT = False
SOURCE_BUILD_SECONDS = 0.007672735000596731
ADJOINT_SOURCE_END_TIME = 33.599998474121094
CPU_AFFINITY = 8
PEAK_RSS_MB = 157.078125
WAVELENGTHS_NM = 500 514.285714 528.571429 542.857143 557.142857 571.428571 585.714286 600 614.285714 628.571429 642.857143 657.142857 671.428571 685.714286 700
FD_ADJOINT_COMMON_SUMMARY_END
