TD_REPEAT_SUMMARY_BEGIN
-----------
Initializing structure...
time for choose_chunkdivision = 0.000236034 s
Working in 2D dimensions.
Computational cell is 6.6 x 5.4 x 0 with resolution 100
     block, center = (0,-1.65,0)
          size (5,0.2,0)
          axes (1,0,0), (0,1,0), (0,0,1)
time for set_epsilon = 0.196527 s
-----------
field decay(t = 10.005): 0.02764637052122116 / 0.02764637052122116 = 1.0
on time step 3483 (time=17.415), 0.0011487 s/step
field decay(t = 20.01): 0.3082529391627392 / 0.3082529391627392 = 1.0
field decay(t = 30.015): 5.783104334573195e-05 / 0.3082529391627392 = 0.00018760905736311763
on time step 6925 (time=34.625), 0.00116233 s/step
field decay(t = 40.02): 5.4666095280480904e-06 / 0.3082529391627392 = 1.7734168384237353e-05
field decay(t = 50.025): 4.6382576465209883e-07 / 0.3082529391627392 = 1.504692107435921e-06
on time step 10335 (time=51.675), 0.0011732 s/step
field decay(t = 60.03): 5.2500065272769244e-08 / 0.3082529391627392 = 1.7031488950394836e-07
on time step 13733 (time=68.665), 0.00117744 s/step
field decay(t = 70.035): 6.213486703206159e-09 / 0.3082529391627392 = 2.0157104487252943e-08
run 0 finished at t = 70.035 (14007 timesteps)
-----------
Initializing structure...
time for choose_chunkdivision = 0.000212908 s
Working in 2D dimensions.
Computational cell is 6.6 x 5.4 x 0 with resolution 100
     block, center = (0,-1.65,0)
          size (5,0.2,0)
          axes (1,0,0), (0,1,0), (0,0,1)
time for set_epsilon = 0.193114 s
-----------
Meep progress: 16.385/70.03500366210938 = 23.4% done in 4.0s, 13.1s to go
on time step 3279 (time=16.395), 0.00122024 s/step
Meep progress: 32.755/70.03500366210938 = 46.8% done in 8.0s, 9.1s to go
on time step 6553 (time=32.765), 0.00122198 s/step
Meep progress: 49.04/70.03500366210938 = 70.0% done in 12.0s, 5.1s to go
on time step 9810 (time=49.05), 0.00122821 s/step
Meep progress: 65.415/70.03500366210938 = 93.4% done in 16.0s, 1.1s to go
on time step 13085 (time=65.425), 0.00122162 s/step
run 0 finished at t = 70.035 (14007 timesteps)
METHOD = time-domain
TERMINATION = moderate
DECAY_BY = 0.0001
MINIMUM_RUN_TIME = 67.5
MAXIMUM_RUN_TIME = 2000.0
DECAY_CHECK_INTERVAL = 10.0
FORWARD_CAP_HIT = 0
AFTER_SOURCES_TIME_MEEP_UNITS = 50.0
SAMPLING_INTERVAL = 1
FOM = 0.24546866593449115
FORWARD_S = 16.533846269999685
ADJOINT_S = 17.33453442300015
EVAL_TOTAL_S = 33.868380692999835
ITERATION_TOTAL_S = 34.28424448700025
MAXRSS_MB = 1726.515625
NATIVE_SAMPLER_AVAILABLE = 1
DT = 0.005
FORWARD_ACTUAL_TIME_MEEP_UNITS = 70.03500366210938
ADJOINT_RUN_TIME_MEEP_UNITS = 70.03500366210938
FORWARD_STEPS = 14008
FORWARD_FIELD_SAMPLES = 14008
ADJOINT_STEPS = 14008
ADJOINT_FIELD_SAMPLES = 14008
GRAD_NORM = 0.04921397704018253
REPETITION = 3
EXECUTION_ORDER = 9
CPU_AFFINITY = 8
NUM_THREADS = 1
MACHINE_NAME = DESKTOP-T9UAKPN
PYTHON_VERSION = 3.9.23
TD_REPEAT_SUMMARY_END
