TD_REPEAT_SUMMARY_BEGIN
-----------
Initializing structure...
time for choose_chunkdivision = 0.000222921 s
Working in 2D dimensions.
Computational cell is 6.6 x 5.4 x 0 with resolution 100
     block, center = (0,-1.65,0)
          size (5,0.2,0)
          axes (1,0,0), (0,1,0), (0,0,1)
time for set_epsilon = 0.197197 s
-----------
field decay(t = 10.005): 0.02764637052122116 / 0.02764637052122116 = 1.0
on time step 3373 (time=16.865), 0.00118623 s/step
field decay(t = 20.01): 0.3082529391627392 / 0.3082529391627392 = 1.0
field decay(t = 30.015): 5.783104334573195e-05 / 0.3082529391627392 = 0.00018760905736311763
on time step 6698 (time=33.49), 0.00120311 s/step
field decay(t = 40.02): 5.4666095280480904e-06 / 0.3082529391627392 = 1.7734168384237353e-05
on time step 9991 (time=49.955), 0.00121499 s/step
field decay(t = 50.025): 4.6382576465209883e-07 / 0.3082529391627392 = 1.504692107435921e-06
field decay(t = 60.03): 5.2500065272769244e-08 / 0.3082529391627392 = 1.7031488950394836e-07
on time step 13294 (time=66.47), 0.00121134 s/step
field decay(t = 70.035): 6.213486703206159e-09 / 0.3082529391627392 = 2.0157104487252943e-08
run 0 finished at t = 70.035 (14007 timesteps)
-----------
Initializing structure...
time for choose_chunkdivision = 0.000217915 s
Working in 2D dimensions.
Computational cell is 6.6 x 5.4 x 0 with resolution 100
     block, center = (0,-1.65,0)
          size (5,0.2,0)
          axes (1,0,0), (0,1,0), (0,0,1)
time for set_epsilon = 0.195233 s
-----------
Meep progress: 15.860000000000001/70.03500366210938 = 22.6% done in 4.0s, 13.7s to go
on time step 3174 (time=15.87), 0.00126059 s/step
Meep progress: 31.68/70.03500366210938 = 45.2% done in 8.0s, 9.7s to go
on time step 6338 (time=31.69), 0.00126423 s/step
Meep progress: 47.575/70.03500366210938 = 67.9% done in 12.0s, 5.7s to go
on time step 9517 (time=47.585), 0.00125839 s/step
Meep progress: 63.480000000000004/70.03500366210938 = 90.6% done in 16.0s, 1.7s to go
on time step 12698 (time=63.49), 0.00125763 s/step
run 0 finished at t = 70.035 (14007 timesteps)
METHOD = time-domain
TERMINATION = moderate
DECAY_BY = 0.0001
MINIMUM_RUN_TIME = 67.5
MAXIMUM_RUN_TIME = 2000.0
DECAY_CHECK_INTERVAL = 10.0
FORWARD_CAP_HIT = 0
AFTER_SOURCES_TIME_MEEP_UNITS = 50.0
SAMPLING_INTERVAL = 1
FOM = 0.24546866593449115
FORWARD_S = 17.070394162999946
ADJOINT_S = 17.84253395299993
EVAL_TOTAL_S = 34.912928115999875
ITERATION_TOTAL_S = 35.32512348499995
MAXRSS_MB = 1726.61328125
NATIVE_SAMPLER_AVAILABLE = 1
DT = 0.005
FORWARD_ACTUAL_TIME_MEEP_UNITS = 70.03500366210938
ADJOINT_RUN_TIME_MEEP_UNITS = 70.03500366210938
FORWARD_STEPS = 14008
FORWARD_FIELD_SAMPLES = 14008
ADJOINT_STEPS = 14008
ADJOINT_FIELD_SAMPLES = 14008
GRAD_NORM = 0.04921397704018253
REPETITION = 5
EXECUTION_ORDER = 19
CPU_AFFINITY = 8
NUM_THREADS = 1
MACHINE_NAME = DESKTOP-T9UAKPN
PYTHON_VERSION = 3.9.23
TD_REPEAT_SUMMARY_END
