TD_REPEAT_SUMMARY_BEGIN
-----------
Initializing structure...
time for choose_chunkdivision = 0.000215054 s
Working in 2D dimensions.
Computational cell is 6.6 x 5.4 x 0 with resolution 100
     block, center = (0,-1.65,0)
          size (5,0.2,0)
          axes (1,0,0), (0,1,0), (0,0,1)
time for set_epsilon = 0.195742 s
-----------
field decay(t = 10.005): 0.02764637052122116 / 0.02764637052122116 = 1.0
on time step 3360 (time=16.8), 0.00119061 s/step
field decay(t = 20.01): 0.3082529391627392 / 0.3082529391627392 = 1.0
field decay(t = 30.015): 5.783104334573195e-05 / 0.3082529391627392 = 0.00018760905736311763
on time step 6667 (time=33.335), 0.00120983 s/step
field decay(t = 40.02): 5.4666095280480904e-06 / 0.3082529391627392 = 1.7734168384237353e-05
field decay(t = 50.025): 4.6382576465209883e-07 / 0.3082529391627392 = 1.504692107435921e-06
on time step 10030 (time=50.15), 0.00118959 s/step
field decay(t = 60.03): 5.2500065272769244e-08 / 0.3082529391627392 = 1.7031488950394836e-07
on time step 13397 (time=66.985), 0.00118829 s/step
field decay(t = 70.035): 6.213486703206159e-09 / 0.3082529391627392 = 2.0157104487252943e-08
run 0 finished at t = 70.035 (14007 timesteps)
-----------
Initializing structure...
time for choose_chunkdivision = 0.000218868 s
Working in 2D dimensions.
Computational cell is 6.6 x 5.4 x 0 with resolution 100
     block, center = (0,-1.65,0)
          size (5,0.2,0)
          axes (1,0,0), (0,1,0), (0,0,1)
time for set_epsilon = 0.193493 s
-----------
Meep progress: 16.26/70.03500366210938 = 23.2% done in 4.0s, 13.2s to go
on time step 3254 (time=16.27), 0.00122945 s/step
Meep progress: 32.545/70.03500366210938 = 46.5% done in 8.0s, 9.2s to go
on time step 6511 (time=32.555), 0.00122828 s/step
Meep progress: 48.82/70.03500366210938 = 69.7% done in 12.0s, 5.2s to go
on time step 9766 (time=48.83), 0.00122898 s/step
Meep progress: 64.97/70.03500366210938 = 92.8% done in 16.0s, 1.2s to go
on time step 12996 (time=64.98), 0.00123853 s/step
run 0 finished at t = 70.035 (14007 timesteps)
METHOD = time-domain
TERMINATION = moderate
DECAY_BY = 0.0001
MINIMUM_RUN_TIME = 67.5
MAXIMUM_RUN_TIME = 2000.0
DECAY_CHECK_INTERVAL = 10.0
FORWARD_CAP_HIT = 0
AFTER_SOURCES_TIME_MEEP_UNITS = 50.0
SAMPLING_INTERVAL = 1
FOM = 0.24546866593449115
FORWARD_S = 16.930113922000146
ADJOINT_S = 17.452527654000278
EVAL_TOTAL_S = 34.382641576000424
ITERATION_TOTAL_S = 34.78591684899993
MAXRSS_MB = 1726.421875
NATIVE_SAMPLER_AVAILABLE = 1
DT = 0.005
FORWARD_ACTUAL_TIME_MEEP_UNITS = 70.03500366210938
ADJOINT_RUN_TIME_MEEP_UNITS = 70.03500366210938
FORWARD_STEPS = 14008
FORWARD_FIELD_SAMPLES = 14008
ADJOINT_STEPS = 14008
ADJOINT_FIELD_SAMPLES = 14008
GRAD_NORM = 0.04921397704018253
REPETITION = 2
EXECUTION_ORDER = 6
CPU_AFFINITY = 8
NUM_THREADS = 1
MACHINE_NAME = DESKTOP-T9UAKPN
PYTHON_VERSION = 3.9.23
TD_REPEAT_SUMMARY_END
