TD_REPEAT_SUMMARY_BEGIN
-----------
Initializing structure...
time for choose_chunkdivision = 0.000232935 s
Working in 2D dimensions.
Computational cell is 6.6 x 5.4 x 0 with resolution 100
     block, center = (0,-1.65,0)
          size (5,0.2,0)
          axes (1,0,0), (0,1,0), (0,0,1)
time for set_epsilon = 0.200844 s
-----------
field decay(t = 10.005): 0.02764637052122116 / 0.02764637052122116 = 1.0
on time step 3257 (time=16.285), 0.00122848 s/step
field decay(t = 20.01): 0.3082529391627392 / 0.3082529391627392 = 1.0
field decay(t = 30.015): 5.783104334573195e-05 / 0.3082529391627392 = 0.00018760905736311763
on time step 6498 (time=32.49), 0.0012343 s/step
field decay(t = 40.02): 5.4666095280480904e-06 / 0.3082529391627392 = 1.7734168384237353e-05
on time step 9733 (time=48.665), 0.00123682 s/step
field decay(t = 50.025): 4.6382576465209883e-07 / 0.3082529391627392 = 1.504692107435921e-06
field decay(t = 60.03): 5.2500065272769244e-08 / 0.3082529391627392 = 1.7031488950394836e-07
on time step 13169 (time=65.845), 0.00116438 s/step
field decay(t = 70.035): 6.213486703206159e-09 / 0.3082529391627392 = 2.0157104487252943e-08
run 0 finished at t = 70.035 (14007 timesteps)
-----------
Initializing structure...
time for choose_chunkdivision = 0.000222921 s
Working in 2D dimensions.
Computational cell is 6.6 x 5.4 x 0 with resolution 100
     block, center = (0,-1.65,0)
          size (5,0.2,0)
          axes (1,0,0), (0,1,0), (0,0,1)
time for set_epsilon = 0.196768 s
-----------
Meep progress: 14.88/70.03500366210938 = 21.2% done in 4.0s, 14.8s to go
on time step 2978 (time=14.89), 0.00134343 s/step
Meep progress: 29.41/70.03500366210938 = 42.0% done in 8.0s, 11.1s to go
on time step 5884 (time=29.42), 0.00137663 s/step
Meep progress: 44.050000000000004/70.03500366210938 = 62.9% done in 12.0s, 7.1s to go
on time step 8812 (time=44.06), 0.00136655 s/step
Meep progress: 58.475/70.03500366210938 = 83.5% done in 16.0s, 3.2s to go
on time step 11697 (time=58.485), 0.00138672 s/step
run 0 finished at t = 70.035 (14007 timesteps)
METHOD = time-domain
TERMINATION = moderate
DECAY_BY = 0.0001
MINIMUM_RUN_TIME = 67.5
MAXIMUM_RUN_TIME = 2000.0
DECAY_CHECK_INTERVAL = 10.0
FORWARD_CAP_HIT = 0
AFTER_SOURCES_TIME_MEEP_UNITS = 50.0
SAMPLING_INTERVAL = 1
FOM = 0.24546866593449115
FORWARD_S = 17.728635018000205
ADJOINT_S = 19.398355323999567
EVAL_TOTAL_S = 37.12699034199977
ITERATION_TOTAL_S = 37.55560152399994
MAXRSS_MB = 1726.53515625
NATIVE_SAMPLER_AVAILABLE = 1
DT = 0.005
FORWARD_ACTUAL_TIME_MEEP_UNITS = 70.03500366210938
ADJOINT_RUN_TIME_MEEP_UNITS = 70.03500366210938
FORWARD_STEPS = 14008
FORWARD_FIELD_SAMPLES = 14008
ADJOINT_STEPS = 14008
ADJOINT_FIELD_SAMPLES = 14008
GRAD_NORM = 0.04921397704018253
GRADIENT_OUTPUT_PATH = td_sampling_convergence_sweep/gradients/interval_001/rep04.npy
REPETITION = 4
EXECUTION_ORDER = 28
CPU_AFFINITY = 8
NUM_THREADS = 1
MACHINE_NAME = DESKTOP-T9UAKPN
PYTHON_VERSION = 3.9.23
TD_REPEAT_SUMMARY_END
