Starting forward run...
-----------
Initializing structure...
time for choose_chunkdivision = 0.000234842 s
Working in 2D dimensions.
Computational cell is 6.6 x 5.4 x 0 with resolution 100
     block, center = (0,-1.65,0)
          size (5,0.2,0)
          axes (1,0,0), (0,1,0), (0,0,1)
time for set_epsilon = 0.199565 s
-----------
field decay(t = 10.005): 0.02764637052122116 / 0.02764637052122116 = 1.0
field decay(t = 20.01): 0.3082529391627392 / 0.3082529391627392 = 1.0
field decay(t = 30.015): 5.783104334573195e-05 / 0.3082529391627392 = 0.00018760905736311763
on time step 6093 (time=30.465), 0.00065652 s/step
field decay(t = 40.02): 5.4666095280480904e-06 / 0.3082529391627392 = 1.7734168384237353e-05
run 0 finished at t = 40.02 (8004 timesteps)
FD_ADJOINT_MEASURED_RUN_BEGIN
field decay(t = 10.005): 0.1382591478242935 / 0.1382591478242935 = 1.0
field decay(t = 20.01): 0.14573092825999523 / 0.14573092825999523 = 1.0
on time step 4034 (time=20.17), 0.000991658 s/step
field decay(t = 30.015): 7.937053797652285e-05 / 0.14573092825999523 = 0.0005446375654378574
field decay(t = 40.02): 1.67118583126225e-07 / 0.14573092825999523 = 1.146761261467247e-06
run 1 finished at t = 40.02 (8004 timesteps)
FD_ADJOINT_MEASURED_RUN_END
FD_ADJOINT_COMMON_SUMMARY_BEGIN
N_F = 10
REPETITION = 1
EXECUTION_ORDER = 33
TERMINATION = common_field_decay
DECAY_BY = 0.0001
DECAY_CHECK_INTERVAL = 10.0
MINIMUM_RUN_TIME = 0.0
MAXIMUM_RUN_TIME = 2000.0
RUNTIME_SECONDS = 6.6638258489983855
MEEP_TIME = 40.02
STEPS = 8004
TIME_PER_STEP_MS = 0.8325619501497233
MEEP_DT = 0.005
CAP_HIT = False
STOP_REASON = field_decay
SOURCE_BUILD_SECONDS = 0.004473841996514238
ADJOINT_SOURCE_END_TIME = 21.350000381469727
POST_SOURCE_TIME = 18.669999618530277
SOURCE_TYPE = FilteredSource
FILTERED_SOURCE_BASIS_COUNT = 10
DECAY_COMPONENT = Ez
DECAY_FOCUS_X = 0.0
DECAY_FOCUS_Y = 1.7800000000000002
DECAY_FOCUS_Z = 0.0
CPU_AFFINITY = 8
PEAK_RSS_MB = 155.6640625
WAVELENGTHS_NM = 500 522.222222 544.444444 566.666667 588.888889 611.111111 633.333333 655.555556 677.777778 700
FD_ADJOINT_COMMON_SUMMARY_END
