FD_ADJOINT_COMMON_SUMMARY_BEGIN
Starting forward run...
-----------
Initializing structure...
time for choose_chunkdivision = 0.000216961 s
Working in 2D dimensions.
Computational cell is 6.6 x 5.4 x 0 with resolution 100
     block, center = (0,-1.65,0)
          size (5,0.2,0)
          axes (1,0,0), (0,1,0), (0,0,1)
time for set_epsilon = 0.193897 s
-----------
field decay(t = 10.005): 0.02764637052122116 / 0.02764637052122116 = 1.0
field decay(t = 20.01): 0.3082529391627392 / 0.3082529391627392 = 1.0
field decay(t = 30.015): 5.783104334573195e-05 / 0.3082529391627392 = 0.00018760905736311763
on time step 6289 (time=31.445), 0.000636105 s/step
field decay(t = 40.02): 5.4666095280480904e-06 / 0.3082529391627392 = 1.7734168384237353e-05
field decay(t = 50.025): 4.6382576465209883e-07 / 0.3082529391627392 = 1.504692107435921e-06
field decay(t = 60.03): 5.2500065272769244e-08 / 0.3082529391627392 = 1.7031488950394836e-07
on time step 12617 (time=63.085), 0.00063218 s/step
field decay(t = 70.035): 6.213486703206159e-09 / 0.3082529391627392 = 2.0157104487252943e-08
run 0 finished at t = 70.035 (14007 timesteps)
field decay(t = 10.005): 0.13661494638018587 / 0.13661494638018587 = 1.0
field decay(t = 20.01): 0.14469039651878435 / 0.14469039651878435 = 1.0
on time step 4128 (time=20.64), 0.000969221 s/step
field decay(t = 30.015): 7.838101007526181e-05 / 0.14469039651878435 = 0.0005417153588703176
field decay(t = 40.02): 1.6436473735107547e-07 / 0.14469039651878435 = 1.1359754434686127e-06
field decay(t = 50.025): 1.612309823169121e-08 / 0.14469039651878435 = 1.1143170949564741e-07
on time step 10342 (time=51.71), 0.000643801 s/step
field decay(t = 60.03): 9.859196220508438e-10 / 0.14469039651878435 = 6.8139948868192325e-09
field decay(t = 70.035): 2.508116186158634e-11 / 0.14469039651878435 = 1.7334365282722958e-10
run 1 finished at t = 70.035 (14007 timesteps)
N_F = 10
REPETITION = 3
EXECUTION_ORDER = 49
TERMINATION = common_field_decay
DECAY_BY = 0.0001
DECAY_CHECK_INTERVAL = 10.0
MINIMUM_RUN_TIME = 67.5
MAXIMUM_RUN_TIME = 2000.0
RUNTIME_SECONDS = 10.330561685999783
MEEP_TIME = 70.035
STEPS = 14007
TIME_PER_STEP_MS = 0.7375284990361807
CAP_HIT = False
SOURCE_BUILD_SECONDS = 0.00665118600045389
ADJOINT_SOURCE_END_TIME = 21.350000381469727
CPU_AFFINITY = 8
PEAK_RSS_MB = 155.76953125
WAVELENGTHS_NM = 500 522.222222 544.444444 566.666667 588.888889 611.111111 633.333333 655.555556 677.777778 700
FD_ADJOINT_COMMON_SUMMARY_END
