FD_ADJOINT_COMMON_SUMMARY_BEGIN
Starting forward run...
-----------
Initializing structure...
time for choose_chunkdivision = 0.000217915 s
Working in 2D dimensions.
Computational cell is 6.6 x 5.4 x 0 with resolution 100
     block, center = (0,-1.65,0)
          size (5,0.2,0)
          axes (1,0,0), (0,1,0), (0,0,1)
time for set_epsilon = 0.194467 s
-----------
field decay(t = 10.005): 0.02764637052122116 / 0.02764637052122116 = 1.0
field decay(t = 20.01): 0.3082529391627392 / 0.3082529391627392 = 1.0
field decay(t = 30.015): 5.783104334573195e-05 / 0.3082529391627392 = 0.00018760905736311763
on time step 6114 (time=30.57), 0.000654269 s/step
field decay(t = 40.02): 5.4666095280480904e-06 / 0.3082529391627392 = 1.7734168384237353e-05
field decay(t = 50.025): 4.6382576465209883e-07 / 0.3082529391627392 = 1.504692107435921e-06
field decay(t = 60.03): 5.2500065272769244e-08 / 0.3082529391627392 = 1.7031488950394836e-07
on time step 12275 (time=61.375), 0.000649284 s/step
field decay(t = 70.035): 6.213486703206159e-09 / 0.3082529391627392 = 2.0157104487252943e-08
run 0 finished at t = 70.035 (14007 timesteps)
on time step 1802 (time=9.01), 0.00222043 s/step
field decay(t = 10.005): 3.665515045716948e-06 / 3.665515045716948e-06 = 1.0
on time step 3474 (time=17.37), 0.00239328 s/step
field decay(t = 20.01): 1.3358029454115845e-05 / 1.3358029454115845e-05 = 1.0
on time step 5202 (time=26.01), 0.00231539 s/step
field decay(t = 30.015): 5.4167824012431285e-05 / 5.4167824012431285e-05 = 1.0
on time step 6912 (time=34.56), 0.00233997 s/step
field decay(t = 40.02): 0.00014754834144131904 / 0.00014754834144131904 = 1.0
on time step 8588 (time=42.94), 0.00238743 s/step
field decay(t = 50.025): 0.0005037911423795664 / 0.0005037911423795664 = 1.0
on time step 10264 (time=51.32), 0.00238728 s/step
on time step 11934 (time=59.67), 0.00239623 s/step
field decay(t = 60.03): 0.0005967658712208259 / 0.0005967658712208259 = 1.0
on time step 13635 (time=68.175), 0.00235169 s/step
field decay(t = 70.035): 0.0003275532731863088 / 0.0005967658712208259 = 0.5488807067941419
on time step 15372 (time=76.86), 0.00230322 s/step
field decay(t = 80.04): 0.00025167727119376645 / 0.0005967658712208259 = 0.4217353627795453
on time step 17087 (time=85.435), 0.00233384 s/step
field decay(t = 90.045): 0.0002063247504396833 / 0.0005967658712208259 = 0.3457381871010773
on time step 18795 (time=93.975), 0.00234231 s/step
field decay(t = 100.05): 0.00021085297527220884 / 0.0005967658712208259 = 0.35332612912474226
on time step 20497 (time=102.485), 0.00235069 s/step
field decay(t = 110.055): 0.00015807177072776543 / 0.0005967658712208259 = 0.2648807151193016
on time step 22196 (time=110.98), 0.00235545 s/step
on time step 23971 (time=119.855), 0.00225366 s/step
field decay(t = 120.06): 1.0904745632805003e-05 / 0.0005967658712208259 = 0.018273071833844592
field decay(t = 130.065): 1.1089930366843998e-09 / 0.0005967658712208259 = 1.8583385715669227e-06
run 1 finished at t = 130.065 (26013 timesteps)
N_F = 50
REPETITION = 3
EXECUTION_ORDER = 59
TERMINATION = common_field_decay
DECAY_BY = 0.0001
DECAY_CHECK_INTERVAL = 10.0
MINIMUM_RUN_TIME = 67.5
MAXIMUM_RUN_TIME = 2000.0
RUNTIME_SECONDS = 57.343670907999694
MEEP_TIME = 130.065
STEPS = 26013
TIME_PER_STEP_MS = 2.2044235923576556
CAP_HIT = False
SOURCE_BUILD_SECONDS = 0.01661763999982213
ADJOINT_SOURCE_END_TIME = 119.3499984741211
CPU_AFFINITY = 8
PEAK_RSS_MB = 169.5234375
WAVELENGTHS_NM = 500 504.081633 508.163265 512.244898 516.326531 520.408163 524.489796 528.571429 532.653061 536.734694 540.816327 544.897959 548.979592 553.061224 557.142857 561.22449 565.306122 569.387755 573.469388 577.55102 581.632653 585.714286 589.795918 593.877551 597.959184 602.040816 606.122449 610.204082 614.285714 618.367347 622.44898 626.530612 630.612245 634.693878 638.77551 642.857143 646.938776 651.020408 655.102041 659.183673 663.265306 667.346939 671.428571 675.510204 679.591837 683.673469 687.755102 691.836735 695.918367 700
FD_ADJOINT_COMMON_SUMMARY_END
