FD_ADJOINT_COMMON_SUMMARY_BEGIN
Starting forward run...
-----------
Initializing structure...
time for choose_chunkdivision = 0.000218868 s
Working in 2D dimensions.
Computational cell is 6.6 x 5.4 x 0 with resolution 100
     block, center = (0,-1.65,0)
          size (5,0.2,0)
          axes (1,0,0), (0,1,0), (0,0,1)
time for set_epsilon = 0.198762 s
-----------
field decay(t = 10.005): 0.02764637052122116 / 0.02764637052122116 = 1.0
field decay(t = 20.01): 0.3082529391627392 / 0.3082529391627392 = 1.0
field decay(t = 30.015): 5.783104334573195e-05 / 0.3082529391627392 = 0.00018760905736311763
on time step 6131 (time=30.655), 0.000652528 s/step
field decay(t = 40.02): 5.4666095280480904e-06 / 0.3082529391627392 = 1.7734168384237353e-05
field decay(t = 50.025): 4.6382576465209883e-07 / 0.3082529391627392 = 1.504692107435921e-06
field decay(t = 60.03): 5.2500065272769244e-08 / 0.3082529391627392 = 1.7031488950394836e-07
on time step 12361 (time=61.805), 0.000642186 s/step
field decay(t = 70.035): 6.213486703206159e-09 / 0.3082529391627392 = 2.0157104487252943e-08
run 0 finished at t = 70.035 (14007 timesteps)
on time step 1764 (time=8.82), 0.00226813 s/step
field decay(t = 10.005): 3.665515045716948e-06 / 3.665515045716948e-06 = 1.0
on time step 3396 (time=16.98), 0.00245128 s/step
field decay(t = 20.01): 1.3358029454115845e-05 / 1.3358029454115845e-05 = 1.0
on time step 5097 (time=25.485), 0.00235182 s/step
field decay(t = 30.015): 5.4167824012431285e-05 / 5.4167824012431285e-05 = 1.0
on time step 6809 (time=34.045), 0.00233682 s/step
field decay(t = 40.02): 0.00014754834144131904 / 0.00014754834144131904 = 1.0
on time step 8491 (time=42.455), 0.00237865 s/step
field decay(t = 50.025): 0.0005037911423795664 / 0.0005037911423795664 = 1.0
on time step 10172 (time=50.86), 0.00238048 s/step
on time step 11835 (time=59.175), 0.00240536 s/step
field decay(t = 60.03): 0.0005967658712208259 / 0.0005967658712208259 = 1.0
on time step 13502 (time=67.51), 0.00239956 s/step
field decay(t = 70.035): 0.0003275532731863088 / 0.0005967658712208259 = 0.5488807067941419
on time step 15196 (time=75.98), 0.00236135 s/step
field decay(t = 80.04): 0.00025167727119376645 / 0.0005967658712208259 = 0.4217353627795453
on time step 16899 (time=84.495), 0.00234898 s/step
field decay(t = 90.045): 0.0002063247504396833 / 0.0005967658712208259 = 0.3457381871010773
on time step 18592 (time=92.96), 0.002363 s/step
field decay(t = 100.05): 0.00021085297527220884 / 0.0005967658712208259 = 0.35332612912474226
on time step 20295 (time=101.475), 0.00234932 s/step
on time step 21947 (time=109.735), 0.00242313 s/step
field decay(t = 110.055): 0.00015807177072776543 / 0.0005967658712208259 = 0.2648807151193016
on time step 23598 (time=117.99), 0.00242359 s/step
field decay(t = 120.06): 1.0904745632805003e-05 / 0.0005967658712208259 = 0.018273071833844592
field decay(t = 130.065): 1.1089930366843998e-09 / 0.0005967658712208259 = 1.8583385715669227e-06
run 1 finished at t = 130.065 (26013 timesteps)
N_F = 50
REPETITION = 1
EXECUTION_ORDER = 3
TERMINATION = common_field_decay
DECAY_BY = 0.0001
DECAY_CHECK_INTERVAL = 10.0
MINIMUM_RUN_TIME = 67.5
MAXIMUM_RUN_TIME = 2000.0
RUNTIME_SECONDS = 58.07997754400003
MEEP_TIME = 130.065
STEPS = 26013
TIME_PER_STEP_MS = 2.232728925691002
CAP_HIT = False
SOURCE_BUILD_SECONDS = 0.017144974999609985
ADJOINT_SOURCE_END_TIME = 119.3499984741211
CPU_AFFINITY = 8
PEAK_RSS_MB = 169.12890625
WAVELENGTHS_NM = 500 504.081633 508.163265 512.244898 516.326531 520.408163 524.489796 528.571429 532.653061 536.734694 540.816327 544.897959 548.979592 553.061224 557.142857 561.22449 565.306122 569.387755 573.469388 577.55102 581.632653 585.714286 589.795918 593.877551 597.959184 602.040816 606.122449 610.204082 614.285714 618.367347 622.44898 626.530612 630.612245 634.693878 638.77551 642.857143 646.938776 651.020408 655.102041 659.183673 663.265306 667.346939 671.428571 675.510204 679.591837 683.673469 687.755102 691.836735 695.918367 700
FD_ADJOINT_COMMON_SUMMARY_END
