THREEWAY_FORWARD_SUMMARY_BEGIN
-----------
Initializing structure...
time for choose_chunkdivision = 0.000219822 s
Working in 2D dimensions.
Computational cell is 6.6 x 5.4 x 0 with resolution 100
     block, center = (0,-1.65,0)
          size (5,0.2,0)
          axes (1,0,0), (0,1,0), (0,0,1)
time for set_epsilon = 0.196729 s
-----------
field decay(t = 10.005): 0.02764637052122116 / 0.02764637052122116 = 1.0
on time step 3296 (time=16.48), 0.00121398 s/step
field decay(t = 20.01): 0.3082529391627392 / 0.3082529391627392 = 1.0
field decay(t = 30.015): 5.783104334573195e-05 / 0.3082529391627392 = 0.00018760905736311763
on time step 6622 (time=33.11), 0.00120305 s/step
field decay(t = 40.02): 5.4666095280480904e-06 / 0.3082529391627392 = 1.7734168384237353e-05
on time step 9951 (time=49.755), 0.00120162 s/step
field decay(t = 50.025): 4.6382576465209883e-07 / 0.3082529391627392 = 1.504692107435921e-06
field decay(t = 60.03): 5.2500065272769244e-08 / 0.3082529391627392 = 1.7031488950394836e-07
on time step 13261 (time=66.305), 0.00120853 s/step
field decay(t = 70.035): 6.213486703206159e-09 / 0.3082529391627392 = 2.0157104487252943e-08
run 0 finished at t = 70.035 (14007 timesteps)
CONDITION = td_every
METHOD = TD every-step
RUNTIME_SECONDS = 17.113739870000245
STEPS = 14007
CALLBACK_STEPS = 14008
TIME_PER_STEP_MS = 1.2217990911687189
FIELD_SAMPLES = 14008
OBJECTIVE = 0.24546866593449115
PEAK_RSS_MB = 942.80859375
CPU_AFFINITY = 8
REPETITION = 1
EXECUTION_ORDER = 2
TERMINATION = common_field_decay
THREEWAY_FORWARD_SUMMARY_END
