-----------
Initializing structure...
time for choose_chunkdivision = 0.000206947 s
Working in 2D dimensions.
Computational cell is 6.6 x 5.4 x 0 with resolution 100
     block, center = (0,-1.65,0)
          size (5,0.2,0)
          axes (1,0,0), (0,1,0), (0,0,1)
time for set_epsilon = 0.200615 s
-----------
field decay(t = 10.005): 0.02764637052122116 / 0.02764637052122116 = 1.0
field decay(t = 20.01): 0.3082529391627392 / 0.3082529391627392 = 1.0
field decay(t = 30.015): 5.783104334573195e-05 / 0.3082529391627392 = 0.00018760905736311763
on time step 6238 (time=31.19), 0.000641232 s/step
field decay(t = 40.02): 5.4666095280480904e-06 / 0.3082529391627392 = 1.7734168384237353e-05
field decay(t = 50.025): 4.6382576465209883e-07 / 0.3082529391627392 = 1.504692107435921e-06
field decay(t = 60.03): 5.2500065272769244e-08 / 0.3082529391627392 = 1.7031488950394836e-07
on time step 12494 (time=62.47), 0.000639485 s/step
field decay(t = 70.035): 6.213486703206159e-09 / 0.3082529391627392 = 2.0157104487252943e-08
run 0 finished at t = 70.035 (14007 timesteps)
FD_FORWARD_NO_DFT_SUMMARY_BEGIN
BENCHMARK_PROFILE = fd_forward_no_dft_common_field_decay_min67p5
METHOD = FD_forward_no_DFT
N_F_LABEL = 200
REPETITION = 3
EXECUTION_ORDER = 38
RUNTIME_SECONDS = 9.167850367000028
TIME_PER_STEP_MS = 0.6545191951881223
MEEP_TIME = 70.035
MEEP_DT = 0.005
STEPS = 14007
DFT_OBJECTS_BEFORE_RUN = 0
DFT_OBJECTS_AFTER_RUN = 0
DFT_FREQUENCY_COUNT = 0
DFT_ACCUMULATORS = 0
OBJECTIVE_EVALUATED = False
INCIDENT_NORMALIZATION_COMPUTED = False
SOURCE_TYPE = GaussianSource
FORWARD_SOURCE_COUNT = 1
FORWARD_SOURCE_END_TIME = 17.5
POST_SOURCE_TIME = 52.535
TERMINATION = common_field_decay
DECAY_BY = 0.0001
DECAY_CHECK_INTERVAL = 10.0
DECAY_COMPONENT = Ez
DECAY_FOCUS_X = 0.0
DECAY_FOCUS_Y = 1.7800000000000002
DECAY_FOCUS_Z = 0.0
MINIMUM_RUN_TIME = 67.5
MAXIMUM_RUN_TIME = 2000.0
CAP_HIT = False
STOP_REASON = field_decay
CPU_AFFINITY = 8
NUM_THREADS = 1
NUM_MPI_RANKS = 1
PEAK_RSS_MB = 134.80078125
CPU_MODEL = AMD Ryzen 9 9950X 16-Core Processor
OPERATING_SYSTEM = Ubuntu 24.04.4 LTS
MEEP_VERSION = 1.30.0
PYMEEP_PACKAGE_VERSION = 1.30.1
PYMEEP_PACKAGE_BUILD = nompi_py39h9d793ab_103
PYTHON_VERSION = 3.9.23
WAVELENGTHS_NM_LABEL = 500 501.005025 502.01005 503.015075 504.020101 505.025126 506.030151 507.035176 508.040201 509.045226 510.050251 511.055276 512.060302 513.065327 514.070352 515.075377 516.080402 517.085427 518.090452 519.095477 520.100503 521.105528 522.110553 523.115578 524.120603 525.125628 526.130653 527.135678 528.140704 529.145729 530.150754 531.155779 532.160804 533.165829 534.170854 535.175879 536.180905 537.18593 538.190955 539.19598 540.201005 541.20603 542.211055 543.21608 544.221106 545.226131 546.231156 547.236181 548.241206 549.246231 550.251256 551.256281 552.261307 553.266332 554.271357 555.276382 556.281407 557.286432 558.291457 559.296482 560.301508 561.306533 562.311558 563.316583 564.321608 565.326633 566.331658 567.336683 568.341709 569.346734 570.351759 571.356784 572.361809 573.366834 574.371859 575.376884 576.38191 577.386935 578.39196 579.396985 580.40201 581.407035 582.41206 583.417085 584.422111 585.427136 586.432161 587.437186 588.442211 589.447236 590.452261 591.457286 592.462312 593.467337 594.472362 595.477387 596.482412 597.487437 598.492462 599.497487 600.502513 601.507538 602.512563 603.517588 604.522613 605.527638 606.532663 607.537688 608.542714 609.547739 610.552764 611.557789 612.562814 613.567839 614.572864 615.577889 616.582915 617.58794 618.592965 619.59799 620.603015 621.60804 622.613065 623.61809 624.623116 625.628141 626.633166 627.638191 628.643216 629.648241 630.653266 631.658291 632.663317 633.668342 634.673367 635.678392 636.683417 637.688442 638.693467 639.698492 640.703518 641.708543 642.713568 643.718593 644.723618 645.728643 646.733668 647.738693 648.743719 649.748744 650.753769 651.758794 652.763819 653.768844 654.773869 655.778894 656.78392 657.788945 658.79397 659.798995 660.80402 661.809045 662.81407 663.819095 664.824121 665.829146 666.834171 667.839196 668.844221 669.849246 670.854271 671.859296 672.864322 673.869347 674.874372 675.879397 676.884422 677.889447 678.894472 679.899497 680.904523 681.909548 682.914573 683.919598 684.924623 685.929648 686.934673 687.939698 688.944724 689.949749 690.954774 691.959799 692.964824 693.969849 694.974874 695.979899 696.984925 697.98995 698.994975 700
NOTES = Same geometry, material design, Gaussian source, CPU, and field-decay condition as the FD forward common-decay benchmark; all point and design-region DFT monitors, objective evaluation, and incident normalization are removed. N_F_LABEL does not alter the field solve.
FD_FORWARD_NO_DFT_SUMMARY_END
