-----------
Initializing structure...
time for choose_chunkdivision = 0.000227213 s
Working in 2D dimensions.
Computational cell is 6.6 x 5.4 x 0 with resolution 100
     block, center = (0,-1.65,0)
          size (5,0.2,0)
          axes (1,0,0), (0,1,0), (0,0,1)
time for set_epsilon = 0.202486 s
-----------
field decay(t = 10.005): 0.02764637052122116 / 0.02764637052122116 = 1.0
field decay(t = 20.01): 0.3082529391627392 / 0.3082529391627392 = 1.0
on time step 5957 (time=29.785), 0.000671562 s/step
field decay(t = 30.015): 5.783104334573195e-05 / 0.3082529391627392 = 0.00018760905736311763
field decay(t = 40.02): 5.4666095280480904e-06 / 0.3082529391627392 = 1.7734168384237353e-05
run 0 finished at t = 40.02 (8004 timesteps)
FORWARD_ONLY_SUMMARY_BEGIN
TERMINATION = common_field_decay
REPETITION = 3
EXECUTION_ORDER = 7
N_F = 5
DECAY_BY = 0.0001
DECAY_CHECK_INTERVAL = 10.0
MINIMUM_RUN_TIME = 0.0
MAXIMUM_RUN_TIME = 2000.0
RUNTIME_SECONDS = 5.568457102999673
TIME_PER_STEP_MS = 0.6957092832333425
MEEP_TIME = 40.02
MEEP_DT = 0.005
STEPS = 8004
CAP_HIT = False
STOP_REASON = field_decay
INCIDENT_RUNTIME_SECONDS = 0.00014372699661180377
INCIDENT_NORMALIZATION_SOURCE = cache
INCIDENT_NORMALIZATION_CACHE = forward_only_sweep/cache/incident_norm_Nf005.npy
EVAL_TOTAL_SECONDS = 5.582288425997831
OBJECTIVE = 0.9160521892351573
DFT_REGION_CELLS = 11569
DFT_FREQUENCY_COUNT = 5
DFT_ACCUMULATORS = 57845
SOURCE_TYPE = GaussianSource
FORWARD_SOURCE_COUNT = 1
FILTERED_SOURCE_BASIS_COUNT = 5
FILTERED_SOURCE_WINDOW_WIDTH = 9.099999999999977
FORWARD_SOURCE_END_TIME = 17.5
POST_SOURCE_TIME = 22.520000000000003
DECAY_COMPONENT = Ez
DECAY_FOCUS_X = 0.0
DECAY_FOCUS_Y = 1.7800000000000002
DECAY_FOCUS_Z = 0.0
CPU_AFFINITY = 8
CPU_MODEL = AMD Ryzen 9 9950X 16-Core Processor
NUM_THREADS = 1
NUM_MPI_RANKS = 1
PEAK_RSS_MB = 152.0078125
OPERATING_SYSTEM = Ubuntu 24.04.4 LTS
MEEP_VERSION = 1.30.0
PYMEEP_PACKAGE_VERSION = 1.30.1
PYMEEP_PACKAGE_BUILD = nompi_py39h9d793ab_103
PYTHON_VERSION = 3.9.23
WAVELENGTHS_NM = 500 550 600 650 700
NOTES = Forward-only; Simulation.run wall time; incident normalization excluded. FILTERED_SOURCE_BASIS_COUNT is a legacy field; the forward source is one GaussianSource and N_F is the DFT frequency count.
FORWARD_ONLY_SUMMARY_END
