-----------
Initializing structure...
time for choose_chunkdivision = 0.000207901 s
Working in 2D dimensions.
Computational cell is 6.6 x 5.4 x 0 with resolution 100
     block, center = (0,-1.65,0)
          size (5,0.2,0)
          axes (1,0,0), (0,1,0), (0,0,1)
time for set_epsilon = 0.203355 s
-----------
field decay(t = 10.005): 0.02764637052122116 / 0.02764637052122116 = 1.0
field decay(t = 20.01): 0.3082529391627392 / 0.3082529391627392 = 1.0
field decay(t = 30.015): 5.783104334573195e-05 / 0.3082529391627392 = 0.00018760905736311763
on time step 6358 (time=31.79), 0.000629143 s/step
field decay(t = 40.02): 5.4666095280480904e-06 / 0.3082529391627392 = 1.7734168384237353e-05
field decay(t = 50.025): 4.6382576465209883e-07 / 0.3082529391627392 = 1.504692107435921e-06
field decay(t = 60.03): 5.2500065272769244e-08 / 0.3082529391627392 = 1.7031488950394836e-07
on time step 12724 (time=63.62), 0.000628399 s/step
field decay(t = 70.035): 6.213486703206159e-09 / 0.3082529391627392 = 2.0157104487252943e-08
run 0 finished at t = 70.035 (14007 timesteps)
FD_FORWARD_NO_DFT_SUMMARY_BEGIN
BENCHMARK_PROFILE = fd_forward_no_dft_common_field_decay_min67p5
METHOD = FD_forward_no_DFT
N_F_LABEL = 100
REPETITION = 4
EXECUTION_ORDER = 44
RUNTIME_SECONDS = 9.020627555999909
TIME_PER_STEP_MS = 0.6440085354465559
MEEP_TIME = 70.035
MEEP_DT = 0.005
STEPS = 14007
DFT_OBJECTS_BEFORE_RUN = 0
DFT_OBJECTS_AFTER_RUN = 0
DFT_FREQUENCY_COUNT = 0
DFT_ACCUMULATORS = 0
OBJECTIVE_EVALUATED = False
INCIDENT_NORMALIZATION_COMPUTED = False
SOURCE_TYPE = GaussianSource
FORWARD_SOURCE_COUNT = 1
FORWARD_SOURCE_END_TIME = 17.5
POST_SOURCE_TIME = 52.535
TERMINATION = common_field_decay
DECAY_BY = 0.0001
DECAY_CHECK_INTERVAL = 10.0
DECAY_COMPONENT = Ez
DECAY_FOCUS_X = 0.0
DECAY_FOCUS_Y = 1.7800000000000002
DECAY_FOCUS_Z = 0.0
MINIMUM_RUN_TIME = 67.5
MAXIMUM_RUN_TIME = 2000.0
CAP_HIT = False
STOP_REASON = field_decay
CPU_AFFINITY = 8
NUM_THREADS = 1
NUM_MPI_RANKS = 1
PEAK_RSS_MB = 134.43359375
CPU_MODEL = AMD Ryzen 9 9950X 16-Core Processor
OPERATING_SYSTEM = Ubuntu 24.04.4 LTS
MEEP_VERSION = 1.30.0
PYMEEP_PACKAGE_VERSION = 1.30.1
PYMEEP_PACKAGE_BUILD = nompi_py39h9d793ab_103
PYTHON_VERSION = 3.9.23
WAVELENGTHS_NM_LABEL = 500 502.020202 504.040404 506.060606 508.080808 510.10101 512.121212 514.141414 516.161616 518.181818 520.20202 522.222222 524.242424 526.262626 528.282828 530.30303 532.323232 534.343434 536.363636 538.383838 540.40404 542.424242 544.444444 546.464646 548.484848 550.505051 552.525253 554.545455 556.565657 558.585859 560.606061 562.626263 564.646465 566.666667 568.686869 570.707071 572.727273 574.747475 576.767677 578.787879 580.808081 582.828283 584.848485 586.868687 588.888889 590.909091 592.929293 594.949495 596.969697 598.989899 601.010101 603.030303 605.050505 607.070707 609.090909 611.111111 613.131313 615.151515 617.171717 619.191919 621.212121 623.232323 625.252525 627.272727 629.292929 631.313131 633.333333 635.353535 637.373737 639.393939 641.414141 643.434343 645.454545 647.474747 649.494949 651.515152 653.535354 655.555556 657.575758 659.59596 661.616162 663.636364 665.656566 667.676768 669.69697 671.717172 673.737374 675.757576 677.777778 679.79798 681.818182 683.838384 685.858586 687.878788 689.89899 691.919192 693.939394 695.959596 697.979798 700
NOTES = Same geometry, material design, Gaussian source, CPU, and field-decay condition as the FD forward common-decay benchmark; all point and design-region DFT monitors, objective evaluation, and incident normalization are removed. N_F_LABEL does not alter the field solve.
FD_FORWARD_NO_DFT_SUMMARY_END
