TD_REPEAT_SUMMARY_BEGIN
-----------
Initializing structure...
time for choose_chunkdivision = 0.000219107 s
Working in 2D dimensions.
Computational cell is 6.6 x 5.4 x 0 with resolution 100
     block, center = (0,-1.65,0)
          size (5,0.2,0)
          axes (1,0,0), (0,1,0), (0,0,1)
time for set_epsilon = 0.198419 s
-----------
Meep progress: 17.080000000000002/67.5 = 25.3% done in 4.0s, 11.8s to go
on time step 3418 (time=17.09), 0.00117039 s/step
Meep progress: 34.05/67.5 = 50.4% done in 8.0s, 7.9s to go
on time step 6812 (time=34.06), 0.00117872 s/step
Meep progress: 51.015/67.5 = 75.6% done in 12.0s, 3.9s to go
on time step 10205 (time=51.025), 0.00117892 s/step
run 0 finished at t = 67.5 (13500 timesteps)
-----------
Initializing structure...
time for choose_chunkdivision = 0.000220776 s
Working in 2D dimensions.
Computational cell is 6.6 x 5.4 x 0 with resolution 100
     block, center = (0,-1.65,0)
          size (5,0.2,0)
          axes (1,0,0), (0,1,0), (0,0,1)
time for set_epsilon = 0.19606 s
-----------
Meep progress: 16.12/67.5 = 23.9% done in 4.0s, 12.8s to go
on time step 3226 (time=16.13), 0.00124017 s/step
Meep progress: 32.305/67.5 = 47.9% done in 8.0s, 8.7s to go
on time step 6463 (time=32.315), 0.00123583 s/step
Meep progress: 48.46/67.5 = 71.8% done in 12.0s, 4.7s to go
on time step 9694 (time=48.47), 0.00123831 s/step
Meep progress: 64.49/67.5 = 95.5% done in 16.0s, 0.7s to go
on time step 12900 (time=64.5), 0.00124803 s/step
run 0 finished at t = 67.5 (13500 timesteps)
METHOD = time-domain
TERMINATION = fixed
DECAY_BY = 0.0
MINIMUM_RUN_TIME = 67.5
MAXIMUM_RUN_TIME = 67.5
DECAY_CHECK_INTERVAL = 10.0
FORWARD_CAP_HIT = 0
AFTER_SOURCES_TIME_MEEP_UNITS = 50.0
SAMPLING_INTERVAL = 1
FOM = 0.24546866588755545
FORWARD_S = 16.09513956899991
ADJOINT_S = 16.945861067999886
EVAL_TOTAL_S = 33.0410006369998
ITERATION_TOTAL_S = 33.4407552990001
MAXRSS_MB = 1668.8359375
NATIVE_SAMPLER_AVAILABLE = 1
DT = 0.005
FORWARD_ACTUAL_TIME_MEEP_UNITS = 67.5
ADJOINT_RUN_TIME_MEEP_UNITS = 67.5
FORWARD_STEPS = 13501
FORWARD_FIELD_SAMPLES = 13501
ADJOINT_STEPS = 13501
ADJOINT_FIELD_SAMPLES = 13501
GRAD_NORM = 0.04921380379193007
REPETITION = 3
EXECUTION_ORDER = 11
CPU_AFFINITY = 8
NUM_THREADS = 1
MACHINE_NAME = DESKTOP-T9UAKPN
PYTHON_VERSION = 3.9.23
TD_REPEAT_SUMMARY_END
