TD_REPEAT_SUMMARY_BEGIN
-----------
Initializing structure...
time for choose_chunkdivision = 0.000221014 s
Working in 2D dimensions.
Computational cell is 6.6 x 5.4 x 0 with resolution 100
     block, center = (0,-1.65,0)
          size (5,0.2,0)
          axes (1,0,0), (0,1,0), (0,0,1)
time for set_epsilon = 0.197984 s
-----------
Meep progress: 17.18/67.5 = 25.5% done in 4.0s, 11.7s to go
on time step 3438 (time=17.19), 0.00116347 s/step
Meep progress: 34.215/67.5 = 50.7% done in 8.0s, 7.8s to go
on time step 6845 (time=34.225), 0.0011743 s/step
Meep progress: 51.245000000000005/67.5 = 75.9% done in 12.0s, 3.8s to go
on time step 10252 (time=51.26), 0.00117443 s/step
run 0 finished at t = 67.5 (13500 timesteps)
-----------
Initializing structure...
time for choose_chunkdivision = 0.000217915 s
Working in 2D dimensions.
Computational cell is 6.6 x 5.4 x 0 with resolution 100
     block, center = (0,-1.65,0)
          size (5,0.2,0)
          axes (1,0,0), (0,1,0), (0,0,1)
time for set_epsilon = 0.195996 s
-----------
Meep progress: 16.12/67.5 = 23.9% done in 4.0s, 12.8s to go
on time step 3226 (time=16.13), 0.00124021 s/step
Meep progress: 32.33/67.5 = 47.9% done in 8.0s, 8.7s to go
on time step 6468 (time=32.34), 0.00123382 s/step
Meep progress: 48.44/67.5 = 71.8% done in 12.0s, 4.7s to go
on time step 9690 (time=48.45), 0.00124175 s/step
Meep progress: 64.425/67.5 = 95.4% done in 16.0s, 0.8s to go
on time step 12887 (time=64.435), 0.00125154 s/step
run 0 finished at t = 67.5 (13500 timesteps)
METHOD = time-domain
TERMINATION = fixed
DECAY_BY = 0.0
MINIMUM_RUN_TIME = 67.5
MAXIMUM_RUN_TIME = 67.5
DECAY_CHECK_INTERVAL = 10.0
FORWARD_CAP_HIT = 0
AFTER_SOURCES_TIME_MEEP_UNITS = 50.0
SAMPLING_INTERVAL = 1
FOM = 0.24546866588755545
FORWARD_S = 16.02348013799974
ADJOINT_S = 16.975215708000178
EVAL_TOTAL_S = 32.99869584599992
ITERATION_TOTAL_S = 33.393550312000116
MAXRSS_MB = 1668.48046875
NATIVE_SAMPLER_AVAILABLE = 1
DT = 0.005
FORWARD_ACTUAL_TIME_MEEP_UNITS = 67.5
ADJOINT_RUN_TIME_MEEP_UNITS = 67.5
FORWARD_STEPS = 13501
FORWARD_FIELD_SAMPLES = 13501
ADJOINT_STEPS = 13501
ADJOINT_FIELD_SAMPLES = 13501
GRAD_NORM = 0.04921380379193007
REPETITION = 4
EXECUTION_ORDER = 14
CPU_AFFINITY = 8
NUM_THREADS = 1
MACHINE_NAME = DESKTOP-T9UAKPN
PYTHON_VERSION = 3.9.23
TD_REPEAT_SUMMARY_END
