TD_REPEAT_SUMMARY_BEGIN
-----------
Initializing structure...
time for choose_chunkdivision = 0.000226974 s
Working in 2D dimensions.
Computational cell is 6.6 x 5.4 x 0 with resolution 100
     block, center = (0,-1.65,0)
          size (5,0.2,0)
          axes (1,0,0), (0,1,0), (0,0,1)
time for set_epsilon = 0.20008 s
-----------
Meep progress: 16.81/67.5 = 24.9% done in 4.0s, 12.1s to go
on time step 3365 (time=16.825), 0.00118898 s/step
Meep progress: 33.910000000000004/67.5 = 50.2% done in 8.0s, 7.9s to go
on time step 6785 (time=33.925), 0.0011698 s/step
Meep progress: 50.935/67.5 = 75.5% done in 12.0s, 3.9s to go
on time step 10190 (time=50.95), 0.00117486 s/step
run 0 finished at t = 67.5 (13500 timesteps)
-----------
Initializing structure...
time for choose_chunkdivision = 0.000216007 s
Working in 2D dimensions.
Computational cell is 6.6 x 5.4 x 0 with resolution 100
     block, center = (0,-1.65,0)
          size (5,0.2,0)
          axes (1,0,0), (0,1,0), (0,0,1)
time for set_epsilon = 0.194038 s
-----------
Meep progress: 16.14/67.5 = 23.9% done in 4.0s, 12.7s to go
on time step 3230 (time=16.15), 0.00123863 s/step
Meep progress: 32.35/67.5 = 47.9% done in 8.0s, 8.7s to go
on time step 6472 (time=32.36), 0.00123416 s/step
Meep progress: 48.485/67.5 = 71.8% done in 12.0s, 4.7s to go
on time step 9699 (time=48.495), 0.00123956 s/step
Meep progress: 64.56/67.5 = 95.6% done in 16.0s, 0.7s to go
on time step 12914 (time=64.57), 0.00124424 s/step
run 0 finished at t = 67.5 (13500 timesteps)
METHOD = time-domain
TERMINATION = fixed
DECAY_BY = 0.0
MINIMUM_RUN_TIME = 67.5
MAXIMUM_RUN_TIME = 67.5
DECAY_CHECK_INTERVAL = 10.0
FORWARD_CAP_HIT = 0
AFTER_SOURCES_TIME_MEEP_UNITS = 50.0
SAMPLING_INTERVAL = 1
FOM = 0.24546866588755545
FORWARD_S = 16.091113689000395
ADJOINT_S = 16.925577911000346
EVAL_TOTAL_S = 33.01669160000074
ITERATION_TOTAL_S = 33.41080929100008
MAXRSS_MB = 1668.73046875
NATIVE_SAMPLER_AVAILABLE = 1
DT = 0.005
FORWARD_ACTUAL_TIME_MEEP_UNITS = 67.5
ADJOINT_RUN_TIME_MEEP_UNITS = 67.5
FORWARD_STEPS = 13501
FORWARD_FIELD_SAMPLES = 13501
ADJOINT_STEPS = 13501
ADJOINT_FIELD_SAMPLES = 13501
GRAD_NORM = 0.04921380379193007
REPETITION = 1
EXECUTION_ORDER = 1
CPU_AFFINITY = 8
NUM_THREADS = 1
MACHINE_NAME = DESKTOP-T9UAKPN
PYTHON_VERSION = 3.9.23
TD_REPEAT_SUMMARY_END
