FD_ADJOINT_COMMON_SUMMARY_BEGIN
Starting forward run...
-----------
Initializing structure...
time for choose_chunkdivision = 0.000216007 s
Working in 2D dimensions.
Computational cell is 6.6 x 5.4 x 0 with resolution 100
     block, center = (0,-1.65,0)
          size (5,0.2,0)
          axes (1,0,0), (0,1,0), (0,0,1)
time for set_epsilon = 0.194002 s
-----------
field decay(t = 10.005): 0.02764637052122116 / 0.02764637052122116 = 1.0
field decay(t = 20.01): 0.3082529391627392 / 0.3082529391627392 = 1.0
on time step 5813 (time=29.065), 0.000688185 s/step
field decay(t = 30.015): 5.783104334573195e-05 / 0.3082529391627392 = 0.00018760905736311763
field decay(t = 40.02): 5.4666095280480904e-06 / 0.3082529391627392 = 1.7734168384237353e-05
field decay(t = 50.025): 4.6382576465209883e-07 / 0.3082529391627392 = 1.504692107435921e-06
on time step 11643 (time=58.215), 0.000686141 s/step
field decay(t = 60.03): 5.2500065272769244e-08 / 0.3082529391627392 = 1.7031488950394836e-07
field decay(t = 70.035): 6.213486703206159e-09 / 0.3082529391627392 = 2.0157104487252943e-08
run 0 finished at t = 70.035 (14007 timesteps)
on time step 429 (time=2.145), 0.00934112 s/step
on time step 875 (time=4.375), 0.00897091 s/step
on time step 1332 (time=6.66), 0.00875986 s/step
on time step 1764 (time=8.82), 0.00928046 s/step
field decay(t = 10.005): 4.9936349138769646e-08 / 4.9936349138769646e-08 = 1.0
on time step 2162 (time=10.81), 0.0100779 s/step
on time step 2557 (time=12.785), 0.0101307 s/step
on time step 2953 (time=14.765), 0.0101203 s/step
on time step 3359 (time=16.795), 0.00985649 s/step
on time step 3781 (time=18.905), 0.00950265 s/step
field decay(t = 20.01): 2.4584839414144417e-07 / 2.4584839414144417e-07 = 1.0
on time step 4215 (time=21.075), 0.00922821 s/step
on time step 4644 (time=23.22), 0.00934573 s/step
on time step 5068 (time=25.34), 0.00944022 s/step
on time step 5490 (time=27.45), 0.00949255 s/step
on time step 5909 (time=29.545), 0.00955306 s/step
field decay(t = 30.015): 2.4616028336514293e-07 / 2.4616028336514293e-07 = 1.0
on time step 6327 (time=31.635), 0.0095734 s/step
on time step 6736 (time=33.68), 0.0097976 s/step
on time step 7142 (time=35.71), 0.00985382 s/step
on time step 7561 (time=37.805), 0.00955862 s/step
on time step 7975 (time=39.875), 0.00968099 s/step
field decay(t = 40.02): 3.365578901804998e-07 / 3.365578901804998e-07 = 1.0
on time step 8386 (time=41.93), 0.00973662 s/step
on time step 8795 (time=43.975), 0.00980544 s/step
on time step 9203 (time=46.015), 0.00980533 s/step
on time step 9611 (time=48.055), 0.00981612 s/step
field decay(t = 50.025): 4.5915932016404795e-07 / 4.5915932016404795e-07 = 1.0
on time step 10018 (time=50.09), 0.00984217 s/step
on time step 10425 (time=52.125), 0.00983632 s/step
on time step 10842 (time=54.21), 0.00960228 s/step
on time step 11258 (time=56.29), 0.00962096 s/step
on time step 11670 (time=58.35), 0.00973493 s/step
field decay(t = 60.03): 6.147496351156264e-07 / 6.147496351156264e-07 = 1.0
on time step 12080 (time=60.4), 0.00975988 s/step
on time step 12486 (time=62.43), 0.00986734 s/step
on time step 12896 (time=64.48), 0.00976473 s/step
on time step 13310 (time=66.55), 0.0096786 s/step
on time step 13723 (time=68.615), 0.00969138 s/step
field decay(t = 70.035): 7.881714745723701e-07 / 7.881714745723701e-07 = 1.0
on time step 14146 (time=70.73), 0.00947461 s/step
on time step 14569 (time=72.845), 0.00945996 s/step
on time step 14989 (time=74.945), 0.0095398 s/step
on time step 15406 (time=77.03), 0.00960319 s/step
on time step 15823 (time=79.115), 0.00959609 s/step
field decay(t = 80.04): 1.025166172034761e-06 / 1.025166172034761e-06 = 1.0
on time step 16239 (time=81.195), 0.00962685 s/step
on time step 16654 (time=83.27), 0.0096542 s/step
on time step 17068 (time=85.34), 0.00966753 s/step
on time step 17491 (time=87.455), 0.00946787 s/step
on time step 17917 (time=89.585), 0.00940782 s/step
field decay(t = 90.045): 1.3155177528438449e-06 / 1.3155177528438449e-06 = 1.0
on time step 18337 (time=91.685), 0.0095402 s/step
on time step 18754 (time=93.77), 0.00960225 s/step
on time step 19172 (time=95.86), 0.00958493 s/step
on time step 19589 (time=97.945), 0.00960997 s/step
on time step 20004 (time=100.02), 0.00963888 s/step
field decay(t = 100.05): 1.605578736328664e-06 / 1.605578736328664e-06 = 1.0
on time step 20418 (time=102.09), 0.00968481 s/step
on time step 20841 (time=104.205), 0.00947384 s/step
on time step 21267 (time=106.335), 0.00939239 s/step
on time step 21687 (time=108.435), 0.00953252 s/step
field decay(t = 110.055): 1.978367577224168e-06 / 1.978367577224168e-06 = 1.0
on time step 22104 (time=110.52), 0.00959723 s/step
on time step 22521 (time=112.605), 0.00960118 s/step
on time step 22939 (time=114.695), 0.00958727 s/step
on time step 23355 (time=116.775), 0.00961692 s/step
on time step 23771 (time=118.855), 0.00962778 s/step
field decay(t = 120.06): 2.395353014260821e-06 / 2.395353014260821e-06 = 1.0
on time step 24191 (time=120.955), 0.00954154 s/step
on time step 24619 (time=123.095), 0.00935125 s/step
on time step 25040 (time=125.2), 0.0095046 s/step
on time step 25460 (time=127.3), 0.00953986 s/step
on time step 25898 (time=129.49), 0.00915178 s/step
field decay(t = 130.065): 2.8836672356048055e-06 / 2.8836672356048055e-06 = 1.0
on time step 26344 (time=131.72), 0.00897958 s/step
on time step 26788 (time=133.94), 0.0090257 s/step
on time step 27233 (time=136.165), 0.00900186 s/step
on time step 27681 (time=138.405), 0.00893372 s/step
field decay(t = 140.07): 3.341514915466941e-06 / 3.341514915466941e-06 = 1.0
on time step 28138 (time=140.69), 0.00875917 s/step
on time step 28590 (time=142.95), 0.00885616 s/step
on time step 29039 (time=145.195), 0.00892448 s/step
on time step 29487 (time=147.435), 0.00893547 s/step
on time step 29933 (time=149.665), 0.00897895 s/step
field decay(t = 150.07500000000002): 3.905343345636013e-06 / 3.905343345636013e-06 = 1.0
on time step 30379 (time=151.895), 0.00897839 s/step
on time step 30824 (time=154.12), 0.0089983 s/step
on time step 31269 (time=156.345), 0.0090013 s/step
on time step 31728 (time=158.64), 0.00873115 s/step
field decay(t = 160.08): 4.449119827053557e-06 / 4.449119827053557e-06 = 1.0
on time step 32180 (time=160.9), 0.00886559 s/step
on time step 32630 (time=163.15), 0.00889712 s/step
on time step 33078 (time=165.39), 0.0089422 s/step
on time step 33522 (time=167.61), 0.00901434 s/step
on time step 33966 (time=169.83), 0.00903412 s/step
field decay(t = 170.085): 5.078892304524937e-06 / 5.078892304524937e-06 = 1.0
on time step 34410 (time=172.05), 0.00901472 s/step
on time step 34854 (time=174.27), 0.00901631 s/step
on time step 35315 (time=176.575), 0.00869394 s/step
on time step 35769 (time=178.845), 0.00882769 s/step
field decay(t = 180.09): 5.697720106921921e-06 / 5.697720106921921e-06 = 1.0
on time step 36218 (time=181.09), 0.00890873 s/step
on time step 36666 (time=183.33), 0.00895678 s/step
on time step 37112 (time=185.56), 0.00897779 s/step
on time step 37559 (time=187.795), 0.00896669 s/step
on time step 38004 (time=190.02), 0.00899613 s/step
field decay(t = 190.095): 6.393096247824233e-06 / 6.393096247824233e-06 = 1.0
on time step 38448 (time=192.24), 0.00901531 s/step
on time step 38905 (time=194.525), 0.00876954 s/step
on time step 39361 (time=196.805), 0.00878447 s/step
on time step 39812 (time=199.06), 0.0088706 s/step
field decay(t = 200.1): 7.041462112568402e-06 / 7.041462112568402e-06 = 1.0
on time step 40261 (time=201.305), 0.00891063 s/step
on time step 40709 (time=203.545), 0.00893968 s/step
on time step 41154 (time=205.77), 0.00900239 s/step
on time step 41600 (time=208), 0.00897638 s/step
field decay(t = 210.10500000000002): 8.455208318117504e-06 / 8.455208318117504e-06 = 1.0
on time step 42047 (time=210.235), 0.00896858 s/step
on time step 42505 (time=212.525), 0.00874286 s/step
on time step 42962 (time=214.81), 0.00876533 s/step
on time step 43413 (time=217.065), 0.00887213 s/step
on time step 43789 (time=218.945), 0.0106492 s/step
field decay(t = 220.11): 1.0203749173101131e-05 / 1.0203749173101131e-05 = 1.0
on time step 44234 (time=221.17), 0.00900397 s/step
on time step 44681 (time=223.405), 0.00895383 s/step
on time step 45129 (time=225.645), 0.0089552 s/step
on time step 45576 (time=227.88), 0.0089685 s/step
field decay(t = 230.115): 1.4319428614342855e-05 / 1.4319428614342855e-05 = 1.0
on time step 46032 (time=230.16), 0.00878519 s/step
on time step 46490 (time=232.45), 0.00873988 s/step
on time step 46943 (time=234.715), 0.00884541 s/step
on time step 47393 (time=236.965), 0.0088966 s/step
on time step 47842 (time=239.21), 0.00891351 s/step
field decay(t = 240.12): 2.1742086246274797e-05 / 2.1742086246274797e-05 = 1.0
on time step 48290 (time=241.45), 0.00893144 s/step
on time step 48737 (time=243.685), 0.00896426 s/step
on time step 49184 (time=245.92), 0.00894981 s/step
on time step 49641 (time=248.205), 0.00876791 s/step
field decay(t = 250.125): 2.2693723373308185e-05 / 2.2693723373308185e-05 = 1.0
on time step 50100 (time=250.5), 0.00872764 s/step
on time step 50553 (time=252.765), 0.00885288 s/step
on time step 51004 (time=255.02), 0.00888164 s/step
on time step 51462 (time=257.31), 0.00874942 s/step
on time step 51924 (time=259.62), 0.0086716 s/step
field decay(t = 260.13): 1.8605212707215504e-05 / 2.2693723373308185e-05 = 0.8198395830055156
on time step 52388 (time=261.94), 0.00863089 s/step
on time step 52850 (time=264.25), 0.00866607 s/step
on time step 53318 (time=266.59), 0.00855097 s/step
on time step 53793 (time=268.965), 0.00843763 s/step
field decay(t = 270.135): 1.0893730551371275e-05 / 2.2693723373308185e-05 = 0.48003275496801995
on time step 54262 (time=271.31), 0.00852925 s/step
on time step 54728 (time=273.64), 0.00859446 s/step
on time step 55193 (time=275.965), 0.00861778 s/step
on time step 55656 (time=278.28), 0.00864999 s/step
field decay(t = 280.14): 9.339131308679783e-06 / 2.2693723373308185e-05 = 0.4115292653855227
on time step 56119 (time=280.595), 0.00864693 s/step
on time step 56582 (time=282.91), 0.00865135 s/step
on time step 57050 (time=285.25), 0.00855977 s/step
on time step 57524 (time=287.62), 0.00844445 s/step
on time step 57994 (time=289.97), 0.0085242 s/step
field decay(t = 290.145): 7.935613608361758e-06 / 2.2693723373308185e-05 = 0.34968319115475943
on time step 58460 (time=292.3), 0.00859342 s/step
on time step 58924 (time=294.62), 0.00863085 s/step
on time step 59388 (time=296.94), 0.00862928 s/step
on time step 59849 (time=299.245), 0.00868355 s/step
field decay(t = 300.15000000000003): 7.5505100898535174e-06 / 2.2693723373308185e-05 = 0.3327135862920691
on time step 60312 (time=301.56), 0.00863938 s/step
on time step 60776 (time=303.88), 0.00863028 s/step
on time step 61254 (time=306.27), 0.00838348 s/step
on time step 61724 (time=308.62), 0.0085147 s/step
field decay(t = 310.15500000000003): 6.739850608156559e-06 / 2.2693723373308185e-05 = 0.296991837667494
on time step 62191 (time=310.955), 0.00857294 s/step
on time step 62653 (time=313.265), 0.00866841 s/step
on time step 63117 (time=315.585), 0.00862683 s/step
on time step 63579 (time=317.895), 0.00866576 s/step
field decay(t = 320.16): 6.292048760500967e-06 / 2.2693723373308185e-05 = 0.27725942794832537
on time step 64042 (time=320.21), 0.00864558 s/step
on time step 64505 (time=322.525), 0.00865092 s/step
on time step 64981 (time=324.905), 0.00842783 s/step
on time step 65451 (time=327.255), 0.00851813 s/step
on time step 65919 (time=329.595), 0.00857048 s/step
field decay(t = 330.165): 5.676725810359203e-06 / 2.2693723373308185e-05 = 0.2501451928790157
on time step 66385 (time=331.925), 0.0085961 s/step
on time step 66849 (time=334.245), 0.00862819 s/step
on time step 67312 (time=336.56), 0.00863947 s/step
on time step 67775 (time=338.875), 0.00864814 s/step
field decay(t = 340.17): 5.256713050684996e-06 / 2.2693723373308185e-05 = 0.23163731064369175
on time step 68237 (time=341.185), 0.00866798 s/step
on time step 68712 (time=343.56), 0.00843665 s/step
on time step 69183 (time=345.915), 0.00850222 s/step
on time step 69652 (time=348.26), 0.00854282 s/step
field decay(t = 350.175): 4.7808660623500645e-06 / 2.2693723373308185e-05 = 0.2106690904663624
on time step 70118 (time=350.59), 0.00858807 s/step
on time step 70581 (time=352.905), 0.00865609 s/step
on time step 71045 (time=355.225), 0.00863763 s/step
on time step 71508 (time=357.54), 0.00864295 s/step
on time step 71970 (time=359.85), 0.00866623 s/step
field decay(t = 360.18): 4.137546627236875e-06 / 2.2693723373308185e-05 = 0.18232118895497593
on time step 72446 (time=362.23), 0.00841227 s/step
on time step 72917 (time=364.585), 0.00849299 s/step
on time step 73386 (time=366.93), 0.0085305 s/step
on time step 73853 (time=369.265), 0.00856532 s/step
field decay(t = 370.185): 3.750486356773683e-06 / 2.2693723373308185e-05 = 0.16526535972430664
on time step 74316 (time=371.58), 0.00864586 s/step
on time step 74780 (time=373.9), 0.00863829 s/step
on time step 75243 (time=376.215), 0.00864473 s/step
on time step 75706 (time=378.53), 0.00865963 s/step
field decay(t = 380.19): 3.2844280095089094e-06 / 2.2693723373308185e-05 = 0.14472847648138581
on time step 76180 (time=380.9), 0.00844649 s/step
on time step 76653 (time=383.265), 0.00847078 s/step
on time step 77120 (time=385.6), 0.00857216 s/step
on time step 77586 (time=387.93), 0.00859803 s/step
field decay(t = 390.195): 2.9536981809587637e-06 / 2.2693723373308185e-05 = 0.1301548508532907
on time step 78052 (time=390.26), 0.00860071 s/step
on time step 78517 (time=392.585), 0.00861771 s/step
on time step 78981 (time=394.905), 0.00863436 s/step
on time step 79444 (time=397.22), 0.00865681 s/step
on time step 79918 (time=399.59), 0.00846351 s/step
field decay(t = 400.2): 2.6475525659985918e-06 / 2.2693723373308185e-05 = 0.11666452976652478
on time step 80393 (time=401.965), 0.00844464 s/step
on time step 80863 (time=404.315), 0.00851643 s/step
on time step 81328 (time=406.64), 0.00860415 s/step
on time step 81793 (time=408.965), 0.00862343 s/step
field decay(t = 410.205): 2.3425327136324067e-06 / 2.2693723373308185e-05 = 0.10322381546201614
on time step 82256 (time=411.28), 0.00865039 s/step
on time step 82720 (time=413.6), 0.00862927 s/step
on time step 83184 (time=415.92), 0.00863358 s/step
on time step 83653 (time=418.265), 0.00853538 s/step
field decay(t = 420.21000000000004): 2.247303520661135e-06 / 2.2693723373308185e-05 = 0.09902753654362245
on time step 84126 (time=420.63), 0.00845993 s/step
on time step 84593 (time=422.965), 0.00857558 s/step
on time step 85058 (time=425.29), 0.00860944 s/step
on time step 85524 (time=427.62), 0.00859225 s/step
on time step 85989 (time=429.945), 0.00861429 s/step
field decay(t = 430.21500000000003): 2.309316530088605e-06 / 2.2693723373308185e-05 = 0.10176014275404308
on time step 86453 (time=432.265), 0.0086287 s/step
on time step 86916 (time=434.58), 0.00864336 s/step
on time step 87385 (time=436.925), 0.00853591 s/step
on time step 87860 (time=439.3), 0.00842186 s/step
field decay(t = 440.22): 2.4543216311481094e-06 / 2.2693723373308185e-05 = 0.10814979943021708
on time step 88329 (time=441.645), 0.00854075 s/step
on time step 88795 (time=443.975), 0.00859926 s/step
on time step 89262 (time=446.31), 0.00858395 s/step
on time step 89727 (time=448.635), 0.00860846 s/step
field decay(t = 450.225): 4.305460230683692e-06 / 2.2693723373308185e-05 = 0.18972030987861918
on time step 90192 (time=450.96), 0.00861531 s/step
on time step 90656 (time=453.28), 0.00863322 s/step
on time step 91123 (time=455.615), 0.00856804 s/step
on time step 91602 (time=458.01), 0.00836001 s/step
field decay(t = 460.23): 4.478435267454433e-06 / 2.2693723373308185e-05 = 0.19734246310245684
on time step 92074 (time=460.37), 0.00848086 s/step
on time step 92543 (time=462.715), 0.00855074 s/step
on time step 93010 (time=465.05), 0.00858049 s/step
on time step 93475 (time=467.375), 0.00860365 s/step
on time step 93938 (time=469.69), 0.00865028 s/step
field decay(t = 470.235): 2.816783615088064e-06 / 2.2693723373308185e-05 = 0.1241217039950834
on time step 94403 (time=472.015), 0.00860734 s/step
on time step 94871 (time=474.355), 0.00856187 s/step
on time step 95350 (time=476.75), 0.00836585 s/step
on time step 95820 (time=479.1), 0.00852045 s/step
field decay(t = 480.24): 6.377339580232578e-07 / 2.2693723373308185e-05 = 0.028101777197713854
on time step 96289 (time=481.445), 0.00854236 s/step
on time step 96756 (time=483.78), 0.00857834 s/step
on time step 97222 (time=486.11), 0.00859182 s/step
field decay(t = 490.245): 1.1379155563500896e-08 / 2.2693723373308185e-05 = 0.0005014230312194952
field decay(t = 500.25): 6.626931837203943e-13 / 2.2693723373308185e-05 = 2.9201606665384762e-08
run 1 finished at t = 500.25 (100050 timesteps)
N_F = 200
REPETITION = 4
EXECUTION_ORDER = 64
TERMINATION = common_field_decay
DECAY_BY = 0.0001
DECAY_CHECK_INTERVAL = 10.0
MINIMUM_RUN_TIME = 67.5
MAXIMUM_RUN_TIME = 2000.0
RUNTIME_SECONDS = 872.2210047930002
MEEP_TIME = 500.25
STEPS = 100050
TIME_PER_STEP_MS = 8.717851122368819
CAP_HIT = False
SOURCE_BUILD_SECONDS = 0.09010179799952311
ADJOINT_SOURCE_END_TIME = 486.8500061035156
CPU_AFFINITY = 8
PEAK_RSS_MB = 276.01953125
WAVELENGTHS_NM = 500 501.005025 502.01005 503.015075 504.020101 505.025126 506.030151 507.035176 508.040201 509.045226 510.050251 511.055276 512.060302 513.065327 514.070352 515.075377 516.080402 517.085427 518.090452 519.095477 520.100503 521.105528 522.110553 523.115578 524.120603 525.125628 526.130653 527.135678 528.140704 529.145729 530.150754 531.155779 532.160804 533.165829 534.170854 535.175879 536.180905 537.18593 538.190955 539.19598 540.201005 541.20603 542.211055 543.21608 544.221106 545.226131 546.231156 547.236181 548.241206 549.246231 550.251256 551.256281 552.261307 553.266332 554.271357 555.276382 556.281407 557.286432 558.291457 559.296482 560.301508 561.306533 562.311558 563.316583 564.321608 565.326633 566.331658 567.336683 568.341709 569.346734 570.351759 571.356784 572.361809 573.366834 574.371859 575.376884 576.38191 577.386935 578.39196 579.396985 580.40201 581.407035 582.41206 583.417085 584.422111 585.427136 586.432161 587.437186 588.442211 589.447236 590.452261 591.457286 592.462312 593.467337 594.472362 595.477387 596.482412 597.487437 598.492462 599.497487 600.502513 601.507538 602.512563 603.517588 604.522613 605.527638 606.532663 607.537688 608.542714 609.547739 610.552764 611.557789 612.562814 613.567839 614.572864 615.577889 616.582915 617.58794 618.592965 619.59799 620.603015 621.60804 622.613065 623.61809 624.623116 625.628141 626.633166 627.638191 628.643216 629.648241 630.653266 631.658291 632.663317 633.668342 634.673367 635.678392 636.683417 637.688442 638.693467 639.698492 640.703518 641.708543 642.713568 643.718593 644.723618 645.728643 646.733668 647.738693 648.743719 649.748744 650.753769 651.758794 652.763819 653.768844 654.773869 655.778894 656.78392 657.788945 658.79397 659.798995 660.80402 661.809045 662.81407 663.819095 664.824121 665.829146 666.834171 667.839196 668.844221 669.849246 670.854271 671.859296 672.864322 673.869347 674.874372 675.879397 676.884422 677.889447 678.894472 679.899497 680.904523 681.909548 682.914573 683.919598 684.924623 685.929648 686.934673 687.939698 688.944724 689.949749 690.954774 691.959799 692.964824 693.969849 694.974874 695.979899 696.984925 697.98995 698.994975 700
FD_ADJOINT_COMMON_SUMMARY_END
