FD_ADJOINT_COMMON_SUMMARY_BEGIN
Starting forward run...
-----------
Initializing structure...
time for choose_chunkdivision = 0.000224829 s
Working in 2D dimensions.
Computational cell is 6.6 x 5.4 x 0 with resolution 100
     block, center = (0,-1.65,0)
          size (5,0.2,0)
          axes (1,0,0), (0,1,0), (0,0,1)
time for set_epsilon = 0.188476 s
-----------
field decay(t = 10.005): 0.02764637052122116 / 0.02764637052122116 = 1.0
field decay(t = 20.01): 0.3082529391627392 / 0.3082529391627392 = 1.0
on time step 5987 (time=29.935), 0.000668157 s/step
field decay(t = 30.015): 5.783104334573195e-05 / 0.3082529391627392 = 0.00018760905736311763
field decay(t = 40.02): 5.4666095280480904e-06 / 0.3082529391627392 = 1.7734168384237353e-05
field decay(t = 50.025): 4.6382576465209883e-07 / 0.3082529391627392 = 1.504692107435921e-06
on time step 11920 (time=59.6), 0.000674276 s/step
field decay(t = 60.03): 5.2500065272769244e-08 / 0.3082529391627392 = 1.7031488950394836e-07
field decay(t = 70.035): 6.213486703206159e-09 / 0.3082529391627392 = 2.0157104487252943e-08
run 0 finished at t = 70.035 (14007 timesteps)
on time step 427 (time=2.135), 0.00938341 s/step
on time step 858 (time=4.29), 0.0092909 s/step
on time step 1306 (time=6.53), 0.00893881 s/step
on time step 1734 (time=8.67), 0.00935432 s/step
field decay(t = 10.005): 4.9936349138769646e-08 / 4.9936349138769646e-08 = 1.0
on time step 2127 (time=10.635), 0.0101974 s/step
on time step 2534 (time=12.67), 0.00983565 s/step
on time step 2935 (time=14.675), 0.00999575 s/step
on time step 3343 (time=16.715), 0.00982344 s/step
on time step 3762 (time=18.81), 0.0095501 s/step
field decay(t = 20.01): 2.4584839414144417e-07 / 2.4584839414144417e-07 = 1.0
on time step 4181 (time=20.905), 0.00955002 s/step
on time step 4599 (time=22.995), 0.00957019 s/step
on time step 5016 (time=25.08), 0.00959649 s/step
on time step 5434 (time=27.17), 0.00958068 s/step
on time step 5863 (time=29.315), 0.00933729 s/step
field decay(t = 30.015): 2.4616028336514293e-07 / 2.4616028336514293e-07 = 1.0
on time step 6286 (time=31.43), 0.00945786 s/step
on time step 6697 (time=33.485), 0.00974596 s/step
on time step 7102 (time=35.51), 0.00989329 s/step
on time step 7507 (time=37.535), 0.00989341 s/step
on time step 7912 (time=39.56), 0.00990283 s/step
field decay(t = 40.02): 3.365578901804998e-07 / 3.365578901804998e-07 = 1.0
on time step 8317 (time=41.585), 0.00989539 s/step
on time step 8720 (time=43.6), 0.00993212 s/step
on time step 9137 (time=45.685), 0.00961123 s/step
on time step 9551 (time=47.755), 0.00967217 s/step
on time step 9960 (time=49.8), 0.00979688 s/step
field decay(t = 50.025): 4.5915932016404795e-07 / 4.5915932016404795e-07 = 1.0
on time step 10367 (time=51.835), 0.00984291 s/step
on time step 10774 (time=53.87), 0.00983786 s/step
on time step 11180 (time=55.9), 0.00985527 s/step
on time step 11586 (time=57.93), 0.00987051 s/step
on time step 11991 (time=59.955), 0.00989147 s/step
field decay(t = 60.03): 6.147496351156264e-07 / 6.147496351156264e-07 = 1.0
on time step 12409 (time=62.045), 0.00958316 s/step
on time step 12824 (time=64.12), 0.00964957 s/step
on time step 13240 (time=66.2), 0.00963647 s/step
on time step 13656 (time=68.28), 0.00964207 s/step
field decay(t = 70.035): 7.881714745723701e-07 / 7.881714745723701e-07 = 1.0
on time step 14070 (time=70.35), 0.00968046 s/step
on time step 14484 (time=72.42), 0.00968787 s/step
on time step 14897 (time=74.485), 0.0096956 s/step
on time step 15310 (time=76.55), 0.00969762 s/step
on time step 15731 (time=78.655), 0.00950871 s/step
field decay(t = 80.04): 1.025166172034761e-06 / 1.025166172034761e-06 = 1.0
on time step 16156 (time=80.78), 0.00942838 s/step
on time step 16576 (time=82.88), 0.0095251 s/step
on time step 16993 (time=84.965), 0.0095959 s/step
on time step 17409 (time=87.045), 0.00963648 s/step
on time step 17824 (time=89.12), 0.00965539 s/step
field decay(t = 90.045): 1.3155177528438449e-06 / 1.3155177528438449e-06 = 1.0
on time step 18238 (time=91.19), 0.00967104 s/step
on time step 18652 (time=93.26), 0.0096708 s/step
on time step 19076 (time=95.38), 0.00945152 s/step
on time step 19501 (time=97.505), 0.00942222 s/step
on time step 19921 (time=99.605), 0.00955194 s/step
field decay(t = 100.05): 1.605578736328664e-06 / 1.605578736328664e-06 = 1.0
on time step 20339 (time=101.695), 0.00957654 s/step
on time step 20754 (time=103.77), 0.00964938 s/step
on time step 21169 (time=105.845), 0.00965461 s/step
on time step 21584 (time=107.92), 0.0096657 s/step
on time step 21998 (time=109.99), 0.0096626 s/step
field decay(t = 110.055): 1.978367577224168e-06 / 1.978367577224168e-06 = 1.0
on time step 22418 (time=112.09), 0.00952523 s/step
on time step 22844 (time=114.22), 0.00939889 s/step
on time step 23265 (time=116.325), 0.00951608 s/step
on time step 23683 (time=118.415), 0.00957229 s/step
field decay(t = 120.06): 2.395353014260821e-06 / 2.395353014260821e-06 = 1.0
on time step 24099 (time=120.495), 0.00963576 s/step
on time step 24515 (time=122.575), 0.00963345 s/step
on time step 24930 (time=124.65), 0.00965371 s/step
on time step 25344 (time=126.72), 0.00966613 s/step
on time step 25776 (time=128.88), 0.00927003 s/step
field decay(t = 130.065): 2.8836672356048055e-06 / 2.8836672356048055e-06 = 1.0
on time step 26229 (time=131.145), 0.00883806 s/step
on time step 26679 (time=133.395), 0.00890714 s/step
on time step 27126 (time=135.63), 0.00895354 s/step
on time step 27571 (time=137.855), 0.0089929 s/step
field decay(t = 140.07): 3.341514915466941e-06 / 3.341514915466941e-06 = 1.0
on time step 28015 (time=140.075), 0.00901658 s/step
on time step 28458 (time=142.29), 0.00904078 s/step
on time step 28901 (time=144.505), 0.00903669 s/step
on time step 29346 (time=146.73), 0.00900291 s/step
on time step 29804 (time=149.02), 0.00875399 s/step
field decay(t = 150.07500000000002): 3.905343345636013e-06 / 3.905343345636013e-06 = 1.0
on time step 30255 (time=151.275), 0.00887267 s/step
on time step 30703 (time=153.515), 0.00893636 s/step
on time step 31148 (time=155.74), 0.00900841 s/step
on time step 31591 (time=157.955), 0.00905635 s/step
field decay(t = 160.08): 4.449119827053557e-06 / 4.449119827053557e-06 = 1.0
on time step 32035 (time=160.175), 0.00903353 s/step
on time step 32474 (time=162.37), 0.00912048 s/step
on time step 32915 (time=164.575), 0.00908045 s/step
on time step 33372 (time=166.86), 0.0087614 s/step
on time step 33823 (time=169.115), 0.00888208 s/step
field decay(t = 170.085): 5.078892304524937e-06 / 5.078892304524937e-06 = 1.0
on time step 34271 (time=171.355), 0.00894292 s/step
on time step 34716 (time=173.58), 0.00900023 s/step
on time step 35157 (time=175.785), 0.00908495 s/step
on time step 35600 (time=178), 0.00903441 s/step
field decay(t = 180.09): 5.697720106921921e-06 / 5.697720106921921e-06 = 1.0
on time step 36042 (time=180.21), 0.00906167 s/step
on time step 36485 (time=182.425), 0.00903572 s/step
on time step 36942 (time=184.71), 0.00875435 s/step
on time step 37395 (time=186.975), 0.00883584 s/step
on time step 37843 (time=189.215), 0.00893408 s/step
field decay(t = 190.095): 6.393096247824233e-06 / 6.393096247824233e-06 = 1.0
on time step 38289 (time=191.445), 0.00898083 s/step
on time step 38734 (time=193.67), 0.00899817 s/step
on time step 39177 (time=195.885), 0.00904359 s/step
on time step 39621 (time=198.105), 0.00902378 s/step
field decay(t = 200.1): 7.041462112568402e-06 / 7.041462112568402e-06 = 1.0
on time step 40064 (time=200.32), 0.00902957 s/step
on time step 40523 (time=202.615), 0.00872484 s/step
on time step 40977 (time=204.885), 0.00882654 s/step
on time step 41426 (time=207.13), 0.00891897 s/step
on time step 41874 (time=209.37), 0.00894618 s/step
field decay(t = 210.10500000000002): 8.455208318117504e-06 / 8.455208318117504e-06 = 1.0
on time step 42320 (time=211.6), 0.00897685 s/step
on time step 42765 (time=213.825), 0.00899101 s/step
on time step 43209 (time=216.045), 0.0090107 s/step
on time step 43653 (time=218.265), 0.00901085 s/step
field decay(t = 220.11): 1.0203749173101131e-05 / 1.0203749173101131e-05 = 1.0
on time step 44108 (time=220.54), 0.00880845 s/step
on time step 44563 (time=222.815), 0.0087951 s/step
on time step 45014 (time=225.07), 0.00887723 s/step
on time step 45461 (time=227.305), 0.00895151 s/step
on time step 45907 (time=229.535), 0.0089699 s/step
field decay(t = 230.115): 1.4319428614342855e-05 / 1.4319428614342855e-05 = 1.0
on time step 46351 (time=231.755), 0.00902132 s/step
on time step 46790 (time=233.95), 0.00911929 s/step
on time step 47225 (time=236.125), 0.00920726 s/step
on time step 47677 (time=238.385), 0.00886711 s/step
field decay(t = 240.12): 2.1742086246274797e-05 / 2.1742086246274797e-05 = 1.0
on time step 48126 (time=240.63), 0.00891043 s/step
on time step 48572 (time=242.86), 0.00898379 s/step
on time step 49016 (time=245.08), 0.00903561 s/step
on time step 49458 (time=247.29), 0.00906524 s/step
on time step 49898 (time=249.49), 0.00909338 s/step
field decay(t = 250.125): 2.2693723373308185e-05 / 2.2693723373308185e-05 = 1.0
on time step 50331 (time=251.655), 0.00924835 s/step
on time step 50770 (time=253.85), 0.00912666 s/step
on time step 51218 (time=256.09), 0.00893575 s/step
on time step 51685 (time=258.425), 0.00858124 s/step
field decay(t = 260.13): 1.8605212707215504e-05 / 2.2693723373308185e-05 = 0.8198395830055156
on time step 52144 (time=260.72), 0.00873973 s/step
on time step 52585 (time=262.925), 0.00907395 s/step
on time step 53043 (time=265.215), 0.00873867 s/step
on time step 53499 (time=267.495), 0.00877233 s/step
on time step 53947 (time=269.735), 0.00893927 s/step
field decay(t = 270.135): 1.0893730551371275e-05 / 2.2693723373308185e-05 = 0.48003275496801995
on time step 54389 (time=271.945), 0.00905341 s/step
on time step 54845 (time=274.225), 0.00877432 s/step
on time step 55304 (time=276.52), 0.00871863 s/step
on time step 55757 (time=278.785), 0.00883214 s/step
field decay(t = 280.14): 9.339131308679783e-06 / 2.2693723373308185e-05 = 0.4115292653855227
on time step 56206 (time=281.03), 0.00893477 s/step
on time step 56656 (time=283.28), 0.00891363 s/step
on time step 57106 (time=285.53), 0.0089127 s/step
on time step 57550 (time=287.75), 0.00902463 s/step
on time step 58006 (time=290.03), 0.00877226 s/step
field decay(t = 290.145): 7.935613608361758e-06 / 2.2693723373308185e-05 = 0.34968319115475943
on time step 58468 (time=292.34), 0.00867543 s/step
on time step 58940 (time=294.7), 0.00847604 s/step
on time step 59404 (time=297.02), 0.00862594 s/step
on time step 59866 (time=299.33), 0.00866915 s/step
field decay(t = 300.15000000000003): 7.5505100898535174e-06 / 2.2693723373308185e-05 = 0.3327135862920691
on time step 60327 (time=301.635), 0.00868242 s/step
on time step 60783 (time=303.915), 0.00877853 s/step
on time step 61242 (time=306.21), 0.00873115 s/step
on time step 61698 (time=308.49), 0.00877448 s/step
field decay(t = 310.15500000000003): 6.739850608156559e-06 / 2.2693723373308185e-05 = 0.296991837667494
on time step 62156 (time=310.78), 0.00873493 s/step
on time step 62626 (time=313.13), 0.00852472 s/step
on time step 63090 (time=315.45), 0.0086258 s/step
on time step 63553 (time=317.765), 0.00865512 s/step
on time step 64013 (time=320.065), 0.00871295 s/step
field decay(t = 320.16): 6.292048760500967e-06 / 2.2693723373308185e-05 = 0.27725942794832537
on time step 64470 (time=322.35), 0.00876776 s/step
on time step 64929 (time=324.645), 0.00872571 s/step
on time step 65385 (time=326.925), 0.00878147 s/step
on time step 65840 (time=329.2), 0.00880525 s/step
field decay(t = 330.165): 5.676725810359203e-06 / 2.2693723373308185e-05 = 0.2501451928790157
on time step 66313 (time=331.565), 0.00846008 s/step
on time step 66780 (time=333.9), 0.00858255 s/step
on time step 67242 (time=336.21), 0.00866015 s/step
on time step 67699 (time=338.495), 0.00875363 s/step
field decay(t = 340.17): 5.256713050684996e-06 / 2.2693723373308185e-05 = 0.23163731064369175
on time step 68156 (time=340.78), 0.00875788 s/step
on time step 68614 (time=343.07), 0.00874522 s/step
on time step 69070 (time=345.35), 0.0087894 s/step
on time step 69529 (time=347.645), 0.00872534 s/step
on time step 70003 (time=350.015), 0.00844836 s/step
field decay(t = 350.175): 4.7808660623500645e-06 / 2.2693723373308185e-05 = 0.2106690904663624
on time step 70471 (time=352.355), 0.0085576 s/step
on time step 70934 (time=354.67), 0.00864204 s/step
on time step 71392 (time=356.96), 0.00874851 s/step
on time step 71848 (time=359.24), 0.00877599 s/step
field decay(t = 360.18): 4.137546627236875e-06 / 2.2693723373308185e-05 = 0.18232118895497593
on time step 72304 (time=361.52), 0.00877444 s/step
on time step 72763 (time=363.815), 0.00871691 s/step
on time step 73221 (time=366.105), 0.00873808 s/step
on time step 73693 (time=368.465), 0.00847663 s/step
field decay(t = 370.185): 3.750486356773683e-06 / 2.2693723373308185e-05 = 0.16526535972430664
on time step 74162 (time=370.81), 0.00853485 s/step
on time step 74626 (time=373.13), 0.00862759 s/step
on time step 75081 (time=375.405), 0.00881694 s/step
on time step 75536 (time=377.68), 0.0087987 s/step
on time step 75994 (time=379.97), 0.00874654 s/step
field decay(t = 380.19): 3.2844280095089094e-06 / 2.2693723373308185e-05 = 0.14472847648138581
on time step 76451 (time=382.255), 0.00876865 s/step
on time step 76909 (time=384.545), 0.00873709 s/step
on time step 77381 (time=386.905), 0.00849432 s/step
on time step 77851 (time=389.255), 0.00852423 s/step
field decay(t = 390.195): 2.9536981809587637e-06 / 2.2693723373308185e-05 = 0.1301548508532907
on time step 78315 (time=391.575), 0.00862593 s/step
on time step 78779 (time=393.895), 0.00863126 s/step
on time step 79240 (time=396.2), 0.00868763 s/step
on time step 79700 (time=398.5), 0.008707 s/step
field decay(t = 400.2): 2.6475525659985918e-06 / 2.2693723373308185e-05 = 0.11666452976652478
on time step 80157 (time=400.785), 0.00875683 s/step
on time step 80614 (time=403.07), 0.0087634 s/step
on time step 81081 (time=405.405), 0.00857079 s/step
on time step 81551 (time=407.755), 0.00852221 s/step
on time step 82015 (time=410.075), 0.00863001 s/step
field decay(t = 410.205): 2.3425327136324067e-06 / 2.2693723373308185e-05 = 0.10322381546201614
on time step 82475 (time=412.375), 0.00870087 s/step
on time step 82935 (time=414.675), 0.00870073 s/step
on time step 83394 (time=416.97), 0.00871549 s/step
on time step 83852 (time=419.26), 0.00874825 s/step
field decay(t = 420.21000000000004): 2.247303520661135e-06 / 2.2693723373308185e-05 = 0.09902753654362245
on time step 84311 (time=421.555), 0.00872271 s/step
on time step 84780 (time=423.9), 0.00854074 s/step
on time step 85252 (time=426.26), 0.00847562 s/step
on time step 85717 (time=428.585), 0.0086106 s/step
field decay(t = 430.21500000000003): 2.309316530088605e-06 / 2.2693723373308185e-05 = 0.10176014275404308
on time step 86177 (time=430.885), 0.00871186 s/step
on time step 86638 (time=433.19), 0.00868789 s/step
on time step 87084 (time=435.42), 0.00898515 s/step
on time step 87534 (time=437.67), 0.00890568 s/step
on time step 87988 (time=439.94), 0.00881475 s/step
field decay(t = 440.22): 2.4543216311481094e-06 / 2.2693723373308185e-05 = 0.10814979943021708
on time step 88450 (time=442.25), 0.00866596 s/step
on time step 88921 (time=444.605), 0.00849411 s/step
on time step 89388 (time=446.94), 0.00857899 s/step
on time step 89850 (time=449.25), 0.00866098 s/step
field decay(t = 450.225): 4.305460230683692e-06 / 2.2693723373308185e-05 = 0.18972030987861918
on time step 90308 (time=451.54), 0.00873772 s/step
on time step 90766 (time=453.83), 0.00873519 s/step
on time step 91226 (time=456.13), 0.00869968 s/step
on time step 91684 (time=458.42), 0.00874463 s/step
field decay(t = 460.23): 4.478435267454433e-06 / 2.2693723373308185e-05 = 0.19734246310245684
on time step 92147 (time=460.735), 0.00865592 s/step
on time step 92620 (time=463.1), 0.00845795 s/step
on time step 93087 (time=465.435), 0.00857526 s/step
on time step 93551 (time=467.755), 0.00862956 s/step
on time step 94012 (time=470.06), 0.00869362 s/step
field decay(t = 470.235): 2.816783615088064e-06 / 2.2693723373308185e-05 = 0.1241217039950834
on time step 94474 (time=472.37), 0.00866866 s/step
on time step 94935 (time=474.675), 0.00868214 s/step
on time step 95395 (time=476.975), 0.00871305 s/step
on time step 95853 (time=479.265), 0.00873633 s/step
field decay(t = 480.24): 6.377339580232578e-07 / 2.2693723373308185e-05 = 0.028101777197713854
on time step 96328 (time=481.64), 0.00843187 s/step
on time step 96795 (time=483.975), 0.00856911 s/step
on time step 97255 (time=486.275), 0.00869884 s/step
field decay(t = 490.245): 1.1379155563500896e-08 / 2.2693723373308185e-05 = 0.0005014230312194952
field decay(t = 500.25): 6.626931837203943e-13 / 2.2693723373308185e-05 = 2.9201606665384762e-08
run 1 finished at t = 500.25 (100050 timesteps)
N_F = 200
REPETITION = 5
EXECUTION_ORDER = 81
TERMINATION = common_field_decay
DECAY_BY = 0.0001
DECAY_CHECK_INTERVAL = 10.0
MINIMUM_RUN_TIME = 67.5
MAXIMUM_RUN_TIME = 2000.0
RUNTIME_SECONDS = 879.8740671190008
MEEP_TIME = 500.25
STEPS = 100050
TIME_PER_STEP_MS = 8.794343499440288
CAP_HIT = False
SOURCE_BUILD_SECONDS = 0.08889639500011981
ADJOINT_SOURCE_END_TIME = 486.8500061035156
CPU_AFFINITY = 8
PEAK_RSS_MB = 275.90625
WAVELENGTHS_NM = 500 501.005025 502.01005 503.015075 504.020101 505.025126 506.030151 507.035176 508.040201 509.045226 510.050251 511.055276 512.060302 513.065327 514.070352 515.075377 516.080402 517.085427 518.090452 519.095477 520.100503 521.105528 522.110553 523.115578 524.120603 525.125628 526.130653 527.135678 528.140704 529.145729 530.150754 531.155779 532.160804 533.165829 534.170854 535.175879 536.180905 537.18593 538.190955 539.19598 540.201005 541.20603 542.211055 543.21608 544.221106 545.226131 546.231156 547.236181 548.241206 549.246231 550.251256 551.256281 552.261307 553.266332 554.271357 555.276382 556.281407 557.286432 558.291457 559.296482 560.301508 561.306533 562.311558 563.316583 564.321608 565.326633 566.331658 567.336683 568.341709 569.346734 570.351759 571.356784 572.361809 573.366834 574.371859 575.376884 576.38191 577.386935 578.39196 579.396985 580.40201 581.407035 582.41206 583.417085 584.422111 585.427136 586.432161 587.437186 588.442211 589.447236 590.452261 591.457286 592.462312 593.467337 594.472362 595.477387 596.482412 597.487437 598.492462 599.497487 600.502513 601.507538 602.512563 603.517588 604.522613 605.527638 606.532663 607.537688 608.542714 609.547739 610.552764 611.557789 612.562814 613.567839 614.572864 615.577889 616.582915 617.58794 618.592965 619.59799 620.603015 621.60804 622.613065 623.61809 624.623116 625.628141 626.633166 627.638191 628.643216 629.648241 630.653266 631.658291 632.663317 633.668342 634.673367 635.678392 636.683417 637.688442 638.693467 639.698492 640.703518 641.708543 642.713568 643.718593 644.723618 645.728643 646.733668 647.738693 648.743719 649.748744 650.753769 651.758794 652.763819 653.768844 654.773869 655.778894 656.78392 657.788945 658.79397 659.798995 660.80402 661.809045 662.81407 663.819095 664.824121 665.829146 666.834171 667.839196 668.844221 669.849246 670.854271 671.859296 672.864322 673.869347 674.874372 675.879397 676.884422 677.889447 678.894472 679.899497 680.904523 681.909548 682.914573 683.919598 684.924623 685.929648 686.934673 687.939698 688.944724 689.949749 690.954774 691.959799 692.964824 693.969849 694.974874 695.979899 696.984925 697.98995 698.994975 700
FD_ADJOINT_COMMON_SUMMARY_END
