FD_ADJOINT_COMMON_SUMMARY_BEGIN
Starting forward run...
-----------
Initializing structure...
time for choose_chunkdivision = 0.0002141 s
Working in 2D dimensions.
Computational cell is 6.6 x 5.4 x 0 with resolution 100
     block, center = (0,-1.65,0)
          size (5,0.2,0)
          axes (1,0,0), (0,1,0), (0,0,1)
time for set_epsilon = 0.189854 s
-----------
field decay(t = 10.005): 0.02764637052122116 / 0.02764637052122116 = 1.0
field decay(t = 20.01): 0.3082529391627392 / 0.3082529391627392 = 1.0
on time step 5928 (time=29.64), 0.000674867 s/step
field decay(t = 30.015): 5.783104334573195e-05 / 0.3082529391627392 = 0.00018760905736311763
field decay(t = 40.02): 5.4666095280480904e-06 / 0.3082529391627392 = 1.7734168384237353e-05
field decay(t = 50.025): 4.6382576465209883e-07 / 0.3082529391627392 = 1.504692107435921e-06
on time step 11810 (time=59.05), 0.000680104 s/step
field decay(t = 60.03): 5.2500065272769244e-08 / 0.3082529391627392 = 1.7031488950394836e-07
field decay(t = 70.035): 6.213486703206159e-09 / 0.3082529391627392 = 2.0157104487252943e-08
run 0 finished at t = 70.035 (14007 timesteps)
on time step 429 (time=2.145), 0.00932938 s/step
on time step 866 (time=4.33), 0.00916597 s/step
on time step 1319 (time=6.595), 0.00884666 s/step
on time step 1750 (time=8.75), 0.00928371 s/step
field decay(t = 10.005): 4.9936349138769646e-08 / 4.9936349138769646e-08 = 1.0
on time step 2148 (time=10.74), 0.010078 s/step
on time step 2554 (time=12.77), 0.00986944 s/step
on time step 2956 (time=14.78), 0.00995942 s/step
on time step 3367 (time=16.835), 0.00975737 s/step
on time step 3792 (time=18.96), 0.00943725 s/step
field decay(t = 20.01): 2.4584839414144417e-07 / 2.4584839414144417e-07 = 1.0
on time step 4216 (time=21.08), 0.00944261 s/step
on time step 4639 (time=23.195), 0.00946064 s/step
on time step 5060 (time=25.3), 0.00952878 s/step
on time step 5481 (time=27.405), 0.00951505 s/step
on time step 5911 (time=29.555), 0.00931739 s/step
field decay(t = 30.015): 2.4616028336514293e-07 / 2.4616028336514293e-07 = 1.0
on time step 6338 (time=31.69), 0.00938337 s/step
on time step 6751 (time=33.755), 0.0096975 s/step
on time step 7160 (time=35.8), 0.00978255 s/step
on time step 7568 (time=37.84), 0.0098147 s/step
on time step 7976 (time=39.88), 0.00980869 s/step
field decay(t = 40.02): 3.365578901804998e-07 / 3.365578901804998e-07 = 1.0
on time step 8384 (time=41.92), 0.00980652 s/step
on time step 8792 (time=43.96), 0.00982432 s/step
on time step 9209 (time=46.045), 0.00959592 s/step
on time step 9622 (time=48.11), 0.00970396 s/step
field decay(t = 50.025): 4.5915932016404795e-07 / 4.5915932016404795e-07 = 1.0
on time step 10034 (time=50.17), 0.00973293 s/step
on time step 10444 (time=52.22), 0.00977628 s/step
on time step 10853 (time=54.265), 0.00978933 s/step
on time step 11262 (time=56.31), 0.00979213 s/step
on time step 11671 (time=58.355), 0.00978198 s/step
field decay(t = 60.03): 6.147496351156264e-07 / 6.147496351156264e-07 = 1.0
on time step 12080 (time=60.4), 0.00979119 s/step
on time step 12495 (time=62.475), 0.00965333 s/step
on time step 12913 (time=64.565), 0.00958165 s/step
on time step 13334 (time=66.67), 0.0095239 s/step
on time step 13752 (time=68.76), 0.00958701 s/step
field decay(t = 70.035): 7.881714745723701e-07 / 7.881714745723701e-07 = 1.0
on time step 14168 (time=70.84), 0.00963033 s/step
on time step 14584 (time=72.92), 0.00961924 s/step
on time step 15000 (time=75), 0.00961673 s/step
on time step 15418 (time=77.09), 0.00959729 s/step
on time step 15842 (time=79.21), 0.00944343 s/step
field decay(t = 80.04): 1.025166172034761e-06 / 1.025166172034761e-06 = 1.0
on time step 16266 (time=81.33), 0.00944763 s/step
on time step 16687 (time=83.435), 0.00951523 s/step
on time step 17106 (time=85.53), 0.00956887 s/step
on time step 17523 (time=87.615), 0.00959891 s/step
on time step 17939 (time=89.695), 0.00962425 s/step
field decay(t = 90.045): 1.3155177528438449e-06 / 1.3155177528438449e-06 = 1.0
on time step 18356 (time=91.78), 0.00959684 s/step
on time step 18774 (time=93.87), 0.00957981 s/step
on time step 19195 (time=95.975), 0.00950155 s/step
on time step 19621 (time=98.105), 0.00939759 s/step
field decay(t = 100.05): 1.605578736328664e-06 / 1.605578736328664e-06 = 1.0
on time step 20043 (time=100.215), 0.00948825 s/step
on time step 20464 (time=102.32), 0.00951536 s/step
on time step 20882 (time=104.41), 0.00957269 s/step
on time step 21298 (time=106.49), 0.0096177 s/step
on time step 21715 (time=108.575), 0.00961817 s/step
field decay(t = 110.055): 1.978367577224168e-06 / 1.978367577224168e-06 = 1.0
on time step 22132 (time=110.66), 0.0096116 s/step
on time step 22553 (time=112.765), 0.00950199 s/step
on time step 22978 (time=114.89), 0.00941402 s/step
on time step 23399 (time=116.995), 0.00951201 s/step
on time step 23819 (time=119.095), 0.0095353 s/step
field decay(t = 120.06): 2.395353014260821e-06 / 2.395353014260821e-06 = 1.0
on time step 24237 (time=121.185), 0.00959748 s/step
on time step 24656 (time=123.28), 0.00956419 s/step
on time step 25074 (time=125.37), 0.00958779 s/step
on time step 25490 (time=127.45), 0.00962975 s/step
on time step 25929 (time=129.645), 0.00912611 s/step
field decay(t = 130.065): 2.8836672356048055e-06 / 2.8836672356048055e-06 = 1.0
on time step 26374 (time=131.87), 0.0089977 s/step
on time step 26820 (time=134.1), 0.00897921 s/step
on time step 27268 (time=136.34), 0.00893148 s/step
on time step 27721 (time=138.605), 0.00884086 s/step
field decay(t = 140.07): 3.341514915466941e-06 / 3.341514915466941e-06 = 1.0
on time step 28173 (time=140.865), 0.00886812 s/step
on time step 28628 (time=143.14), 0.00880289 s/step
on time step 29074 (time=145.37), 0.00897548 s/step
on time step 29531 (time=147.655), 0.00876594 s/step
on time step 29989 (time=149.945), 0.00873499 s/step
field decay(t = 150.07500000000002): 3.905343345636013e-06 / 3.905343345636013e-06 = 1.0
on time step 30443 (time=152.215), 0.00881871 s/step
on time step 30893 (time=154.465), 0.00890169 s/step
on time step 31341 (time=156.705), 0.00893718 s/step
on time step 31787 (time=158.935), 0.00898464 s/step
field decay(t = 160.08): 4.449119827053557e-06 / 4.449119827053557e-06 = 1.0
on time step 32229 (time=161.145), 0.00907186 s/step
on time step 32667 (time=163.335), 0.00913976 s/step
on time step 33115 (time=165.575), 0.00894499 s/step
on time step 33573 (time=167.865), 0.00875072 s/step
field decay(t = 170.085): 5.078892304524937e-06 / 5.078892304524937e-06 = 1.0
on time step 34027 (time=170.135), 0.0088233 s/step
on time step 34476 (time=172.38), 0.00892682 s/step
on time step 34923 (time=174.615), 0.00895537 s/step
on time step 35369 (time=176.845), 0.00897547 s/step
on time step 35816 (time=179.08), 0.00897526 s/step
field decay(t = 180.09): 5.697720106921921e-06 / 5.697720106921921e-06 = 1.0
on time step 36263 (time=181.315), 0.00895085 s/step
on time step 36710 (time=183.55), 0.00895026 s/step
on time step 37158 (time=185.79), 0.0089455 s/step
on time step 37606 (time=188.03), 0.00894504 s/step
field decay(t = 190.095): 6.393096247824233e-06 / 6.393096247824233e-06 = 1.0
on time step 38052 (time=190.26), 0.00897128 s/step
on time step 38507 (time=192.535), 0.00880636 s/step
on time step 38960 (time=194.8), 0.00885514 s/step
on time step 39411 (time=197.055), 0.0088808 s/step
on time step 39861 (time=199.305), 0.00890096 s/step
field decay(t = 200.1): 7.041462112568402e-06 / 7.041462112568402e-06 = 1.0
on time step 40314 (time=201.57), 0.00883943 s/step
on time step 40760 (time=203.8), 0.0089838 s/step
on time step 41212 (time=206.06), 0.00885234 s/step
on time step 41663 (time=208.315), 0.00887463 s/step
field decay(t = 210.10500000000002): 8.455208318117504e-06 / 8.455208318117504e-06 = 1.0
on time step 42114 (time=210.57), 0.0088823 s/step
on time step 42565 (time=212.825), 0.00888576 s/step
on time step 43015 (time=215.075), 0.00889125 s/step
on time step 43463 (time=217.315), 0.00893401 s/step
on time step 43912 (time=219.56), 0.00891071 s/step
field decay(t = 220.11): 1.0203749173101131e-05 / 1.0203749173101131e-05 = 1.0
on time step 44369 (time=221.845), 0.0087595 s/step
on time step 44824 (time=224.12), 0.00880051 s/step
on time step 45278 (time=226.39), 0.0088155 s/step
on time step 45731 (time=228.655), 0.00883433 s/step
field decay(t = 230.115): 1.4319428614342855e-05 / 1.4319428614342855e-05 = 1.0
on time step 46182 (time=230.91), 0.00888428 s/step
on time step 46633 (time=233.165), 0.00888083 s/step
on time step 47082 (time=235.41), 0.00891832 s/step
on time step 47528 (time=237.64), 0.00897035 s/step
on time step 47963 (time=239.815), 0.0091957 s/step
field decay(t = 240.12): 2.1742086246274797e-05 / 2.1742086246274797e-05 = 1.0
on time step 48411 (time=242.055), 0.00894675 s/step
on time step 48853 (time=244.265), 0.00906126 s/step
on time step 49305 (time=246.525), 0.00886743 s/step
on time step 49761 (time=248.805), 0.00878872 s/step
field decay(t = 250.125): 2.2693723373308185e-05 / 2.2693723373308185e-05 = 1.0
on time step 50213 (time=251.065), 0.00886312 s/step
on time step 50663 (time=253.315), 0.00890122 s/step
on time step 51115 (time=255.575), 0.00885995 s/step
on time step 51583 (time=257.915), 0.00855715 s/step
field decay(t = 260.13): 1.8605212707215504e-05 / 2.2693723373308185e-05 = 0.8198395830055156
on time step 52056 (time=260.28), 0.00845718 s/step
on time step 52524 (time=262.62), 0.00854749 s/step
on time step 52991 (time=264.955), 0.00856835 s/step
on time step 53451 (time=267.255), 0.00870219 s/step
on time step 53915 (time=269.575), 0.008621 s/step
field decay(t = 270.135): 1.0893730551371275e-05 / 2.2693723373308185e-05 = 0.48003275496801995
on time step 54374 (time=271.87), 0.00872502 s/step
on time step 54841 (time=274.205), 0.00857548 s/step
on time step 55306 (time=276.53), 0.00861429 s/step
on time step 55780 (time=278.9), 0.0084512 s/step
field decay(t = 280.14): 9.339131308679783e-06 / 2.2693723373308185e-05 = 0.4115292653855227
on time step 56247 (time=281.235), 0.00857346 s/step
on time step 56713 (time=283.565), 0.00859068 s/step
on time step 57173 (time=285.865), 0.00870519 s/step
on time step 57639 (time=288.195), 0.00858494 s/step
field decay(t = 290.145): 7.935613608361758e-06 / 2.2693723373308185e-05 = 0.34968319115475943
on time step 58101 (time=290.505), 0.00865887 s/step
on time step 58567 (time=292.835), 0.00859965 s/step
on time step 59032 (time=295.16), 0.00861754 s/step
on time step 59504 (time=297.52), 0.00848136 s/step
on time step 59969 (time=299.845), 0.00862291 s/step
field decay(t = 300.15000000000003): 7.5505100898535174e-06 / 2.2693723373308185e-05 = 0.3327135862920691
on time step 60437 (time=302.185), 0.00855447 s/step
on time step 60899 (time=304.495), 0.00867501 s/step
on time step 61366 (time=306.83), 0.00857766 s/step
on time step 61827 (time=309.135), 0.00867933 s/step
field decay(t = 310.15500000000003): 6.739850608156559e-06 / 2.2693723373308185e-05 = 0.296991837667494
on time step 62293 (time=311.465), 0.00858667 s/step
on time step 62758 (time=313.79), 0.00861817 s/step
on time step 63237 (time=316.185), 0.00836789 s/step
on time step 63707 (time=318.535), 0.00852696 s/step
field decay(t = 320.16): 6.292048760500967e-06 / 2.2693723373308185e-05 = 0.27725942794832537
on time step 64175 (time=320.875), 0.00854986 s/step
on time step 64636 (time=323.18), 0.00867686 s/step
on time step 65104 (time=325.52), 0.00855788 s/step
on time step 65561 (time=327.805), 0.00876998 s/step
on time step 66027 (time=330.135), 0.00859144 s/step
field decay(t = 330.165): 5.676725810359203e-06 / 2.2693723373308185e-05 = 0.2501451928790157
on time step 66490 (time=332.45), 0.00864924 s/step
on time step 66967 (time=334.835), 0.00839847 s/step
on time step 67437 (time=337.185), 0.00851429 s/step
on time step 67907 (time=339.535), 0.0085183 s/step
field decay(t = 340.17): 5.256713050684996e-06 / 2.2693723373308185e-05 = 0.23163731064369175
on time step 68372 (time=341.86), 0.00861676 s/step
on time step 68839 (time=344.195), 0.00857051 s/step
on time step 69300 (time=346.5), 0.00867721 s/step
on time step 69766 (time=348.83), 0.00858631 s/step
field decay(t = 350.175): 4.7808660623500645e-06 / 2.2693723373308185e-05 = 0.2106690904663624
on time step 70229 (time=351.145), 0.008647 s/step
on time step 70704 (time=353.52), 0.00842604 s/step
on time step 71172 (time=355.86), 0.00854803 s/step
on time step 71643 (time=358.215), 0.00850501 s/step
field decay(t = 360.18): 4.137546627236875e-06 / 2.2693723373308185e-05 = 0.18232118895497593
on time step 72106 (time=360.53), 0.00866023 s/step
on time step 72571 (time=362.855), 0.00861452 s/step
on time step 73036 (time=365.18), 0.00861869 s/step
on time step 73502 (time=367.51), 0.00859956 s/step
on time step 73968 (time=369.84), 0.00858503 s/step
field decay(t = 370.185): 3.750486356773683e-06 / 2.2693723373308185e-05 = 0.16526535972430664
on time step 74443 (time=372.215), 0.00842727 s/step
on time step 74916 (time=374.58), 0.00846285 s/step
on time step 75386 (time=376.93), 0.0085189 s/step
on time step 75854 (time=379.27), 0.00855439 s/step
field decay(t = 380.19): 3.2844280095089094e-06 / 2.2693723373308185e-05 = 0.14472847648138581
on time step 76319 (time=381.595), 0.00860315 s/step
on time step 76785 (time=383.925), 0.00859157 s/step
on time step 77250 (time=386.25), 0.00860382 s/step
on time step 77715 (time=388.575), 0.00861451 s/step
field decay(t = 390.195): 2.9536981809587637e-06 / 2.2693723373308185e-05 = 0.1301548508532907
on time step 78187 (time=390.935), 0.00847623 s/step
on time step 78661 (time=393.305), 0.00844781 s/step
on time step 79131 (time=395.655), 0.00852107 s/step
on time step 79598 (time=397.99), 0.0085812 s/step
field decay(t = 400.2): 2.6475525659985918e-06 / 2.2693723373308185e-05 = 0.11666452976652478
on time step 80065 (time=400.325), 0.00857928 s/step
on time step 80529 (time=402.645), 0.00863359 s/step
on time step 80994 (time=404.97), 0.00860825 s/step
on time step 81458 (time=407.29), 0.00862371 s/step
on time step 81931 (time=409.655), 0.0084814 s/step
field decay(t = 410.205): 2.3425327136324067e-06 / 2.2693723373308185e-05 = 0.10322381546201614
on time step 82405 (time=412.025), 0.00844423 s/step
on time step 82874 (time=414.37), 0.00854457 s/step
on time step 83342 (time=416.71), 0.00856292 s/step
on time step 83809 (time=419.045), 0.00857744 s/step
field decay(t = 420.21000000000004): 2.247303520661135e-06 / 2.2693723373308185e-05 = 0.09902753654362245
on time step 84275 (time=421.375), 0.00860026 s/step
on time step 84741 (time=423.705), 0.00859473 s/step
on time step 85206 (time=426.03), 0.00860506 s/step
on time step 85676 (time=428.38), 0.00852284 s/step
field decay(t = 430.21500000000003): 2.309316530088605e-06 / 2.2693723373308185e-05 = 0.10176014275404308
on time step 86151 (time=430.755), 0.00842893 s/step
on time step 86621 (time=433.105), 0.00852541 s/step
on time step 87089 (time=435.445), 0.00855883 s/step
on time step 87553 (time=437.765), 0.00862304 s/step
on time step 88019 (time=440.095), 0.00859028 s/step
field decay(t = 440.22): 2.4543216311481094e-06 / 2.2693723373308185e-05 = 0.10814979943021708
on time step 88486 (time=442.43), 0.00858266 s/step
on time step 88951 (time=444.755), 0.00860727 s/step
on time step 89421 (time=447.105), 0.0085247 s/step
on time step 89896 (time=449.48), 0.00842545 s/step
field decay(t = 450.225): 4.305460230683692e-06 / 2.2693723373308185e-05 = 0.18972030987861918
on time step 90367 (time=451.835), 0.00850608 s/step
on time step 90836 (time=454.18), 0.00853854 s/step
on time step 91305 (time=456.525), 0.00853926 s/step
on time step 91772 (time=458.86), 0.00857797 s/step
field decay(t = 460.23): 4.478435267454433e-06 / 2.2693723373308185e-05 = 0.19734246310245684
on time step 92238 (time=461.19), 0.00859607 s/step
on time step 92704 (time=463.52), 0.00859955 s/step
on time step 93169 (time=465.845), 0.00860402 s/step
on time step 93647 (time=468.235), 0.00837752 s/step
field decay(t = 470.235): 2.816783615088064e-06 / 2.2693723373308185e-05 = 0.1241217039950834
on time step 94120 (time=470.6), 0.00846184 s/step
on time step 94588 (time=472.94), 0.00855209 s/step
on time step 95056 (time=475.28), 0.00855766 s/step
on time step 95523 (time=477.615), 0.00857105 s/step
on time step 95989 (time=479.945), 0.00859271 s/step
field decay(t = 480.24): 6.377339580232578e-07 / 2.2693723373308185e-05 = 0.028101777197713854
on time step 96454 (time=482.27), 0.00861273 s/step
on time step 96920 (time=484.6), 0.00859198 s/step
on time step 97710 (time=488.55), 0.00506387 s/step
field decay(t = 490.245): 1.1379155563500896e-08 / 2.2693723373308185e-05 = 0.0005014230312194952
field decay(t = 500.25): 6.626931837203943e-13 / 2.2693723373308185e-05 = 2.9201606665384762e-08
run 1 finished at t = 500.25 (100050 timesteps)
N_F = 200
REPETITION = 3
EXECUTION_ORDER = 45
TERMINATION = common_field_decay
DECAY_BY = 0.0001
DECAY_CHECK_INTERVAL = 10.0
MINIMUM_RUN_TIME = 67.5
MAXIMUM_RUN_TIME = 2000.0
RUNTIME_SECONDS = 870.6336975020004
MEEP_TIME = 500.25
STEPS = 100050
TIME_PER_STEP_MS = 8.701985982028988
CAP_HIT = False
SOURCE_BUILD_SECONDS = 0.08899777499937045
ADJOINT_SOURCE_END_TIME = 486.8500061035156
CPU_AFFINITY = 8
PEAK_RSS_MB = 274.96484375
WAVELENGTHS_NM = 500 501.005025 502.01005 503.015075 504.020101 505.025126 506.030151 507.035176 508.040201 509.045226 510.050251 511.055276 512.060302 513.065327 514.070352 515.075377 516.080402 517.085427 518.090452 519.095477 520.100503 521.105528 522.110553 523.115578 524.120603 525.125628 526.130653 527.135678 528.140704 529.145729 530.150754 531.155779 532.160804 533.165829 534.170854 535.175879 536.180905 537.18593 538.190955 539.19598 540.201005 541.20603 542.211055 543.21608 544.221106 545.226131 546.231156 547.236181 548.241206 549.246231 550.251256 551.256281 552.261307 553.266332 554.271357 555.276382 556.281407 557.286432 558.291457 559.296482 560.301508 561.306533 562.311558 563.316583 564.321608 565.326633 566.331658 567.336683 568.341709 569.346734 570.351759 571.356784 572.361809 573.366834 574.371859 575.376884 576.38191 577.386935 578.39196 579.396985 580.40201 581.407035 582.41206 583.417085 584.422111 585.427136 586.432161 587.437186 588.442211 589.447236 590.452261 591.457286 592.462312 593.467337 594.472362 595.477387 596.482412 597.487437 598.492462 599.497487 600.502513 601.507538 602.512563 603.517588 604.522613 605.527638 606.532663 607.537688 608.542714 609.547739 610.552764 611.557789 612.562814 613.567839 614.572864 615.577889 616.582915 617.58794 618.592965 619.59799 620.603015 621.60804 622.613065 623.61809 624.623116 625.628141 626.633166 627.638191 628.643216 629.648241 630.653266 631.658291 632.663317 633.668342 634.673367 635.678392 636.683417 637.688442 638.693467 639.698492 640.703518 641.708543 642.713568 643.718593 644.723618 645.728643 646.733668 647.738693 648.743719 649.748744 650.753769 651.758794 652.763819 653.768844 654.773869 655.778894 656.78392 657.788945 658.79397 659.798995 660.80402 661.809045 662.81407 663.819095 664.824121 665.829146 666.834171 667.839196 668.844221 669.849246 670.854271 671.859296 672.864322 673.869347 674.874372 675.879397 676.884422 677.889447 678.894472 679.899497 680.904523 681.909548 682.914573 683.919598 684.924623 685.929648 686.934673 687.939698 688.944724 689.949749 690.954774 691.959799 692.964824 693.969849 694.974874 695.979899 696.984925 697.98995 698.994975 700
FD_ADJOINT_COMMON_SUMMARY_END
