FD_ADJOINT_COMMON_SUMMARY_BEGIN
Starting forward run...
-----------
Initializing structure...
time for choose_chunkdivision = 0.000218153 s
Working in 2D dimensions.
Computational cell is 6.6 x 5.4 x 0 with resolution 100
     block, center = (0,-1.65,0)
          size (5,0.2,0)
          axes (1,0,0), (0,1,0), (0,0,1)
time for set_epsilon = 0.196433 s
-----------
field decay(t = 10.005): 0.02764637052122116 / 0.02764637052122116 = 1.0
field decay(t = 20.01): 0.3082529391627392 / 0.3082529391627392 = 1.0
on time step 5859 (time=29.295), 0.000682774 s/step
field decay(t = 30.015): 5.783104334573195e-05 / 0.3082529391627392 = 0.00018760905736311763
field decay(t = 40.02): 5.4666095280480904e-06 / 0.3082529391627392 = 1.7734168384237353e-05
field decay(t = 50.025): 4.6382576465209883e-07 / 0.3082529391627392 = 1.504692107435921e-06
on time step 11771 (time=58.855), 0.000676626 s/step
field decay(t = 60.03): 5.2500065272769244e-08 / 0.3082529391627392 = 1.7031488950394836e-07
field decay(t = 70.035): 6.213486703206159e-09 / 0.3082529391627392 = 2.0157104487252943e-08
run 0 finished at t = 70.035 (14007 timesteps)
on time step 425 (time=2.125), 0.0094212 s/step
on time step 861 (time=4.305), 0.00918649 s/step
on time step 1313 (time=6.565), 0.00886059 s/step
on time step 1743 (time=8.715), 0.009307 s/step
field decay(t = 10.005): 4.9936349138769646e-08 / 4.9936349138769646e-08 = 1.0
on time step 2139 (time=10.695), 0.0101092 s/step
on time step 2536 (time=12.68), 0.0100774 s/step
on time step 2934 (time=14.67), 0.0100662 s/step
on time step 3341 (time=16.705), 0.00982863 s/step
on time step 3764 (time=18.82), 0.00946324 s/step
field decay(t = 20.01): 2.4584839414144417e-07 / 2.4584839414144417e-07 = 1.0
on time step 4188 (time=20.94), 0.00944958 s/step
on time step 4609 (time=23.045), 0.00952105 s/step
on time step 5028 (time=25.14), 0.00954807 s/step
on time step 5447 (time=27.235), 0.0095652 s/step
on time step 5866 (time=29.33), 0.00955834 s/step
field decay(t = 30.015): 2.4616028336514293e-07 / 2.4616028336514293e-07 = 1.0
on time step 6287 (time=31.435), 0.00951326 s/step
on time step 6695 (time=33.475), 0.00980802 s/step
on time step 7100 (time=35.5), 0.00988642 s/step
on time step 7508 (time=37.54), 0.00981964 s/step
on time step 7917 (time=39.585), 0.00979841 s/step
field decay(t = 40.02): 3.365578901804998e-07 / 3.365578901804998e-07 = 1.0
on time step 8325 (time=41.625), 0.00981391 s/step
on time step 8732 (time=43.66), 0.00984469 s/step
on time step 9141 (time=45.705), 0.00979593 s/step
on time step 9548 (time=47.74), 0.00984559 s/step
on time step 9954 (time=49.77), 0.00986392 s/step
field decay(t = 50.025): 4.5915932016404795e-07 / 4.5915932016404795e-07 = 1.0
on time step 10360 (time=51.8), 0.00985342 s/step
on time step 10768 (time=53.84), 0.0098062 s/step
on time step 11176 (time=55.88), 0.00980644 s/step
on time step 11585 (time=57.925), 0.00978015 s/step
on time step 11994 (time=59.97), 0.00978211 s/step
field decay(t = 60.03): 6.147496351156264e-07 / 6.147496351156264e-07 = 1.0
on time step 12403 (time=62.015), 0.00980352 s/step
on time step 12810 (time=64.05), 0.00983451 s/step
on time step 13225 (time=66.125), 0.00966505 s/step
on time step 13640 (time=68.2), 0.00965499 s/step
field decay(t = 70.035): 7.881714745723701e-07 / 7.881714745723701e-07 = 1.0
on time step 14056 (time=70.28), 0.00963709 s/step
on time step 14470 (time=72.35), 0.00967328 s/step
on time step 14884 (time=74.42), 0.00966275 s/step
on time step 15302 (time=76.51), 0.00958781 s/step
on time step 15719 (time=78.595), 0.00961218 s/step
field decay(t = 80.04): 1.025166172034761e-06 / 1.025166172034761e-06 = 1.0
on time step 16137 (time=80.685), 0.00959534 s/step
on time step 16555 (time=82.775), 0.00958026 s/step
on time step 16972 (time=84.86), 0.00960009 s/step
on time step 17388 (time=86.94), 0.00962957 s/step
on time step 17806 (time=89.03), 0.0095756 s/step
field decay(t = 90.045): 1.3155177528438449e-06 / 1.3155177528438449e-06 = 1.0
on time step 18225 (time=91.125), 0.00955812 s/step
on time step 18643 (time=93.215), 0.00959094 s/step
on time step 19059 (time=95.295), 0.00962519 s/step
on time step 19474 (time=97.37), 0.00963963 s/step
on time step 19893 (time=99.465), 0.00957179 s/step
field decay(t = 100.05): 1.605578736328664e-06 / 1.605578736328664e-06 = 1.0
on time step 20310 (time=101.55), 0.00959613 s/step
on time step 20728 (time=103.64), 0.00959256 s/step
on time step 21144 (time=105.72), 0.00963623 s/step
on time step 21553 (time=107.765), 0.00980294 s/step
on time step 21970 (time=109.85), 0.0096076 s/step
field decay(t = 110.055): 1.978367577224168e-06 / 1.978367577224168e-06 = 1.0
on time step 22384 (time=111.92), 0.00966633 s/step
on time step 22800 (time=114), 0.00962254 s/step
on time step 23218 (time=116.09), 0.00959314 s/step
on time step 23637 (time=118.185), 0.00955738 s/step
field decay(t = 120.06): 2.395353014260821e-06 / 2.395353014260821e-06 = 1.0
on time step 24053 (time=120.265), 0.00961907 s/step
on time step 24469 (time=122.345), 0.00962872 s/step
on time step 24885 (time=124.425), 0.00961566 s/step
on time step 25303 (time=126.515), 0.00958162 s/step
on time step 25726 (time=128.63), 0.00946204 s/step
field decay(t = 130.065): 2.8836672356048055e-06 / 2.8836672356048055e-06 = 1.0
on time step 26170 (time=130.85), 0.00902104 s/step
on time step 26615 (time=133.075), 0.00899391 s/step
on time step 27061 (time=135.305), 0.00898306 s/step
on time step 27508 (time=137.54), 0.0089627 s/step
on time step 27954 (time=139.77), 0.00898046 s/step
field decay(t = 140.07): 3.341514915466941e-06 / 3.341514915466941e-06 = 1.0
on time step 28399 (time=141.995), 0.00899142 s/step
on time step 28846 (time=144.23), 0.00895711 s/step
on time step 29293 (time=146.465), 0.00895357 s/step
on time step 29739 (time=148.695), 0.0089826 s/step
field decay(t = 150.07500000000002): 3.905343345636013e-06 / 3.905343345636013e-06 = 1.0
on time step 30184 (time=150.92), 0.00899901 s/step
on time step 30628 (time=153.14), 0.00902037 s/step
on time step 31075 (time=155.375), 0.00895913 s/step
on time step 31522 (time=157.61), 0.00896123 s/step
on time step 31969 (time=159.845), 0.00896238 s/step
field decay(t = 160.08): 4.449119827053557e-06 / 4.449119827053557e-06 = 1.0
on time step 32414 (time=162.07), 0.00899316 s/step
on time step 32861 (time=164.305), 0.00895986 s/step
on time step 33308 (time=166.54), 0.00896538 s/step
on time step 33753 (time=168.765), 0.00899127 s/step
field decay(t = 170.085): 5.078892304524937e-06 / 5.078892304524937e-06 = 1.0
on time step 34199 (time=170.995), 0.00896924 s/step
on time step 34646 (time=173.23), 0.00895264 s/step
on time step 35093 (time=175.465), 0.00895643 s/step
on time step 35541 (time=177.705), 0.00895241 s/step
on time step 35990 (time=179.95), 0.00892675 s/step
field decay(t = 180.09): 5.697720106921921e-06 / 5.697720106921921e-06 = 1.0
on time step 36438 (time=182.19), 0.0089467 s/step
on time step 36884 (time=184.42), 0.00898751 s/step
on time step 37328 (time=186.64), 0.00900943 s/step
on time step 37773 (time=188.865), 0.00899796 s/step
field decay(t = 190.095): 6.393096247824233e-06 / 6.393096247824233e-06 = 1.0
on time step 38218 (time=191.09), 0.00899409 s/step
on time step 38664 (time=193.32), 0.00897611 s/step
on time step 39109 (time=195.545), 0.00900575 s/step
on time step 39554 (time=197.77), 0.00901559 s/step
on time step 40001 (time=200.005), 0.00895775 s/step
field decay(t = 200.1): 7.041462112568402e-06 / 7.041462112568402e-06 = 1.0
on time step 40448 (time=202.24), 0.00895748 s/step
on time step 40897 (time=204.485), 0.0089342 s/step
on time step 41344 (time=206.72), 0.00894867 s/step
on time step 41792 (time=208.96), 0.00894186 s/step
field decay(t = 210.10500000000002): 8.455208318117504e-06 / 8.455208318117504e-06 = 1.0
on time step 42240 (time=211.2), 0.00893863 s/step
on time step 42689 (time=213.445), 0.00891785 s/step
on time step 43135 (time=215.675), 0.00897391 s/step
on time step 43581 (time=217.905), 0.00898112 s/step
field decay(t = 220.11): 1.0203749173101131e-05 / 1.0203749173101131e-05 = 1.0
on time step 44027 (time=220.135), 0.00898176 s/step
on time step 44474 (time=222.37), 0.00896226 s/step
on time step 44922 (time=224.61), 0.00894466 s/step
on time step 45372 (time=226.86), 0.00890671 s/step
on time step 45822 (time=229.11), 0.0089128 s/step
field decay(t = 230.115): 1.4319428614342855e-05 / 1.4319428614342855e-05 = 1.0
on time step 46271 (time=231.355), 0.00891625 s/step
on time step 46722 (time=233.61), 0.0088876 s/step
on time step 47171 (time=235.855), 0.00891112 s/step
on time step 47619 (time=238.095), 0.00893724 s/step
field decay(t = 240.12): 2.1742086246274797e-05 / 2.1742086246274797e-05 = 1.0
on time step 48069 (time=240.345), 0.00890098 s/step
on time step 48520 (time=242.6), 0.00888482 s/step
on time step 48968 (time=244.84), 0.00894229 s/step
on time step 49416 (time=247.08), 0.00894394 s/step
on time step 49853 (time=249.265), 0.00915928 s/step
field decay(t = 250.125): 2.2693723373308185e-05 / 2.2693723373308185e-05 = 1.0
on time step 50302 (time=251.51), 0.00891243 s/step
on time step 50747 (time=253.735), 0.00898987 s/step
on time step 51193 (time=255.965), 0.00897056 s/step
on time step 51654 (time=258.27), 0.00867755 s/step
field decay(t = 260.13): 1.8605212707215504e-05 / 2.2693723373308185e-05 = 0.8198395830055156
on time step 52118 (time=260.59), 0.00862781 s/step
on time step 52583 (time=262.915), 0.00861405 s/step
on time step 53043 (time=265.215), 0.00870646 s/step
on time step 53507 (time=267.535), 0.00863258 s/step
on time step 53970 (time=269.85), 0.00865357 s/step
field decay(t = 270.135): 1.0893730551371275e-05 / 2.2693723373308185e-05 = 0.48003275496801995
on time step 54435 (time=272.175), 0.00861037 s/step
on time step 54897 (time=274.485), 0.00866488 s/step
on time step 55360 (time=276.8), 0.00865031 s/step
on time step 55823 (time=279.115), 0.00864274 s/step
field decay(t = 280.14): 9.339131308679783e-06 / 2.2693723373308185e-05 = 0.4115292653855227
on time step 56287 (time=281.435), 0.00862435 s/step
on time step 56750 (time=283.75), 0.0086416 s/step
on time step 57213 (time=286.065), 0.00865455 s/step
on time step 57672 (time=288.36), 0.00872693 s/step
field decay(t = 290.145): 7.935613608361758e-06 / 2.2693723373308185e-05 = 0.34968319115475943
on time step 58133 (time=290.665), 0.00868056 s/step
on time step 58595 (time=292.975), 0.00866087 s/step
on time step 59057 (time=295.285), 0.00866736 s/step
on time step 59522 (time=297.61), 0.00860939 s/step
on time step 59985 (time=299.925), 0.0086418 s/step
field decay(t = 300.15000000000003): 7.5505100898535174e-06 / 2.2693723373308185e-05 = 0.3327135862920691
on time step 60447 (time=302.235), 0.00866675 s/step
on time step 60916 (time=304.58), 0.00853963 s/step
on time step 61383 (time=306.915), 0.00856595 s/step
on time step 61849 (time=309.245), 0.00859405 s/step
field decay(t = 310.15500000000003): 6.739850608156559e-06 / 2.2693723373308185e-05 = 0.296991837667494
on time step 62313 (time=311.565), 0.00863415 s/step
on time step 62776 (time=313.88), 0.00865154 s/step
on time step 63238 (time=316.19), 0.00866467 s/step
on time step 63699 (time=318.495), 0.00869316 s/step
field decay(t = 320.16): 6.292048760500967e-06 / 2.2693723373308185e-05 = 0.27725942794832537
on time step 64159 (time=320.795), 0.00870517 s/step
on time step 64607 (time=323.035), 0.00893721 s/step
on time step 65070 (time=325.35), 0.00865355 s/step
on time step 65535 (time=327.675), 0.008617 s/step
on time step 65999 (time=329.995), 0.00863412 s/step
field decay(t = 330.165): 5.676725810359203e-06 / 2.2693723373308185e-05 = 0.2501451928790157
on time step 66461 (time=332.305), 0.0086652 s/step
on time step 66924 (time=334.62), 0.00865056 s/step
on time step 67388 (time=336.94), 0.00863433 s/step
on time step 67855 (time=339.275), 0.00857048 s/step
field decay(t = 340.17): 5.256713050684996e-06 / 2.2693723373308185e-05 = 0.23163731064369175
on time step 68329 (time=341.645), 0.00845375 s/step
on time step 68796 (time=343.98), 0.00858297 s/step
on time step 69263 (time=346.315), 0.00858294 s/step
on time step 69727 (time=348.635), 0.00863636 s/step
field decay(t = 350.175): 4.7808660623500645e-06 / 2.2693723373308185e-05 = 0.2106690904663624
on time step 70189 (time=350.945), 0.00867243 s/step
on time step 70652 (time=353.26), 0.00865438 s/step
on time step 71108 (time=355.54), 0.0087797 s/step
on time step 71568 (time=357.84), 0.00870859 s/step
on time step 72030 (time=360.15), 0.00867279 s/step
field decay(t = 360.18): 4.137546627236875e-06 / 2.2693723373308185e-05 = 0.18232118895497593
on time step 72494 (time=362.47), 0.0086398 s/step
on time step 72957 (time=364.785), 0.00864359 s/step
on time step 73419 (time=367.095), 0.00866269 s/step
on time step 73881 (time=369.405), 0.00867498 s/step
field decay(t = 370.185): 3.750486356773683e-06 / 2.2693723373308185e-05 = 0.16526535972430664
on time step 74340 (time=371.7), 0.00872088 s/step
on time step 74804 (time=374.02), 0.00863769 s/step
on time step 75267 (time=376.335), 0.00864136 s/step
on time step 75742 (time=378.71), 0.00843692 s/step
field decay(t = 380.19): 3.2844280095089094e-06 / 2.2693723373308185e-05 = 0.14472847648138581
on time step 76213 (time=381.065), 0.00850567 s/step
on time step 76679 (time=383.395), 0.00859242 s/step
on time step 77141 (time=385.705), 0.0086737 s/step
on time step 77604 (time=388.02), 0.00864992 s/step
field decay(t = 390.195): 2.9536981809587637e-06 / 2.2693723373308185e-05 = 0.1301548508532907
on time step 78066 (time=390.33), 0.00867237 s/step
on time step 78530 (time=392.65), 0.00862072 s/step
on time step 78992 (time=394.96), 0.00866932 s/step
on time step 79460 (time=397.3), 0.00856107 s/step
on time step 79926 (time=399.63), 0.00859506 s/step
field decay(t = 400.2): 2.6475525659985918e-06 / 2.2693723373308185e-05 = 0.11666452976652478
on time step 80387 (time=401.935), 0.00868902 s/step
on time step 80848 (time=404.24), 0.00868003 s/step
on time step 81306 (time=406.53), 0.00873512 s/step
on time step 81767 (time=408.835), 0.00868253 s/step
field decay(t = 410.205): 2.3425327136324067e-06 / 2.2693723373308185e-05 = 0.10322381546201614
on time step 82230 (time=411.15), 0.0086468 s/step
on time step 82692 (time=413.46), 0.00867268 s/step
on time step 83161 (time=415.805), 0.00853509 s/step
on time step 83631 (time=418.155), 0.00853102 s/step
field decay(t = 420.21000000000004): 2.247303520661135e-06 / 2.2693723373308185e-05 = 0.09902753654362245
on time step 84095 (time=420.475), 0.00863126 s/step
on time step 84558 (time=422.79), 0.00865033 s/step
on time step 85020 (time=425.1), 0.00867201 s/step
on time step 85483 (time=427.415), 0.00864748 s/step
on time step 85945 (time=429.725), 0.00866642 s/step
field decay(t = 430.21500000000003): 2.309316530088605e-06 / 2.2693723373308185e-05 = 0.10176014275404308
on time step 86408 (time=432.04), 0.00865085 s/step
on time step 86875 (time=434.375), 0.00856642 s/step
on time step 87340 (time=436.7), 0.00860536 s/step
on time step 87805 (time=439.025), 0.00861477 s/step
field decay(t = 440.22): 2.4543216311481094e-06 / 2.2693723373308185e-05 = 0.10814979943021708
on time step 88268 (time=441.34), 0.00864149 s/step
on time step 88729 (time=443.645), 0.00869051 s/step
on time step 89192 (time=445.96), 0.00865487 s/step
on time step 89655 (time=448.275), 0.00864827 s/step
field decay(t = 450.225): 4.305460230683692e-06 / 2.2693723373308185e-05 = 0.18972030987861918
on time step 90117 (time=450.585), 0.00866491 s/step
on time step 90586 (time=452.93), 0.00854118 s/step
on time step 91055 (time=455.275), 0.00853186 s/step
on time step 91522 (time=457.61), 0.0085657 s/step
on time step 91986 (time=459.93), 0.0086302 s/step
field decay(t = 460.23): 4.478435267454433e-06 / 2.2693723373308185e-05 = 0.19734246310245684
on time step 92451 (time=462.255), 0.00860394 s/step
on time step 92915 (time=464.575), 0.00863727 s/step
on time step 93376 (time=466.88), 0.00868516 s/step
on time step 93839 (time=469.195), 0.00864947 s/step
field decay(t = 470.235): 2.816783615088064e-06 / 2.2693723373308185e-05 = 0.1241217039950834
on time step 94306 (time=471.53), 0.00856652 s/step
on time step 94775 (time=473.875), 0.00854307 s/step
on time step 95242 (time=476.21), 0.00857483 s/step
on time step 95706 (time=478.53), 0.0086339 s/step
field decay(t = 480.24): 6.377339580232578e-07 / 2.2693723373308185e-05 = 0.028101777197713854
on time step 96169 (time=480.845), 0.00864068 s/step
on time step 96632 (time=483.16), 0.00864968 s/step
on time step 97096 (time=485.48), 0.00863737 s/step
field decay(t = 490.245): 1.1379155563500896e-08 / 2.2693723373308185e-05 = 0.0005014230312194952
on time step 99741 (time=498.705), 0.00151238 s/step
field decay(t = 500.25): 6.626931837203943e-13 / 2.2693723373308185e-05 = 2.9201606665384762e-08
run 1 finished at t = 500.25 (100050 timesteps)
N_F = 200
REPETITION = 2
EXECUTION_ORDER = 28
TERMINATION = common_field_decay
DECAY_BY = 0.0001
DECAY_CHECK_INTERVAL = 10.0
MINIMUM_RUN_TIME = 67.5
MAXIMUM_RUN_TIME = 2000.0
RUNTIME_SECONDS = 877.2668233099994
MEEP_TIME = 500.25
STEPS = 100050
TIME_PER_STEP_MS = 8.768284091054467
CAP_HIT = False
SOURCE_BUILD_SECONDS = 0.09121912299997348
ADJOINT_SOURCE_END_TIME = 486.8500061035156
CPU_AFFINITY = 8
PEAK_RSS_MB = 276.046875
WAVELENGTHS_NM = 500 501.005025 502.01005 503.015075 504.020101 505.025126 506.030151 507.035176 508.040201 509.045226 510.050251 511.055276 512.060302 513.065327 514.070352 515.075377 516.080402 517.085427 518.090452 519.095477 520.100503 521.105528 522.110553 523.115578 524.120603 525.125628 526.130653 527.135678 528.140704 529.145729 530.150754 531.155779 532.160804 533.165829 534.170854 535.175879 536.180905 537.18593 538.190955 539.19598 540.201005 541.20603 542.211055 543.21608 544.221106 545.226131 546.231156 547.236181 548.241206 549.246231 550.251256 551.256281 552.261307 553.266332 554.271357 555.276382 556.281407 557.286432 558.291457 559.296482 560.301508 561.306533 562.311558 563.316583 564.321608 565.326633 566.331658 567.336683 568.341709 569.346734 570.351759 571.356784 572.361809 573.366834 574.371859 575.376884 576.38191 577.386935 578.39196 579.396985 580.40201 581.407035 582.41206 583.417085 584.422111 585.427136 586.432161 587.437186 588.442211 589.447236 590.452261 591.457286 592.462312 593.467337 594.472362 595.477387 596.482412 597.487437 598.492462 599.497487 600.502513 601.507538 602.512563 603.517588 604.522613 605.527638 606.532663 607.537688 608.542714 609.547739 610.552764 611.557789 612.562814 613.567839 614.572864 615.577889 616.582915 617.58794 618.592965 619.59799 620.603015 621.60804 622.613065 623.61809 624.623116 625.628141 626.633166 627.638191 628.643216 629.648241 630.653266 631.658291 632.663317 633.668342 634.673367 635.678392 636.683417 637.688442 638.693467 639.698492 640.703518 641.708543 642.713568 643.718593 644.723618 645.728643 646.733668 647.738693 648.743719 649.748744 650.753769 651.758794 652.763819 653.768844 654.773869 655.778894 656.78392 657.788945 658.79397 659.798995 660.80402 661.809045 662.81407 663.819095 664.824121 665.829146 666.834171 667.839196 668.844221 669.849246 670.854271 671.859296 672.864322 673.869347 674.874372 675.879397 676.884422 677.889447 678.894472 679.899497 680.904523 681.909548 682.914573 683.919598 684.924623 685.929648 686.934673 687.939698 688.944724 689.949749 690.954774 691.959799 692.964824 693.969849 694.974874 695.979899 696.984925 697.98995 698.994975 700
FD_ADJOINT_COMMON_SUMMARY_END
