FD_ADJOINT_COMMON_SUMMARY_BEGIN
Starting forward run...
-----------
Initializing structure...
time for choose_chunkdivision = 0.000213861 s
Working in 2D dimensions.
Computational cell is 6.6 x 5.4 x 0 with resolution 100
     block, center = (0,-1.65,0)
          size (5,0.2,0)
          axes (1,0,0), (0,1,0), (0,0,1)
time for set_epsilon = 0.197064 s
-----------
field decay(t = 10.005): 0.02764637052122116 / 0.02764637052122116 = 1.0
field decay(t = 20.01): 0.3082529391627392 / 0.3082529391627392 = 1.0
on time step 5885 (time=29.425), 0.000679773 s/step
field decay(t = 30.015): 5.783104334573195e-05 / 0.3082529391627392 = 0.00018760905736311763
field decay(t = 40.02): 5.4666095280480904e-06 / 0.3082529391627392 = 1.7734168384237353e-05
field decay(t = 50.025): 4.6382576465209883e-07 / 0.3082529391627392 = 1.504692107435921e-06
on time step 11778 (time=58.89), 0.000678839 s/step
field decay(t = 60.03): 5.2500065272769244e-08 / 0.3082529391627392 = 1.7031488950394836e-07
field decay(t = 70.035): 6.213486703206159e-09 / 0.3082529391627392 = 2.0157104487252943e-08
run 0 finished at t = 70.035 (14007 timesteps)
on time step 429 (time=2.145), 0.00932466 s/step
on time step 866 (time=4.33), 0.00916293 s/step
on time step 1318 (time=6.59), 0.00886393 s/step
on time step 1750 (time=8.75), 0.00927323 s/step
field decay(t = 10.005): 4.9936349138769646e-08 / 4.9936349138769646e-08 = 1.0
on time step 2149 (time=10.745), 0.0100418 s/step
on time step 2548 (time=12.74), 0.0100512 s/step
on time step 2947 (time=14.735), 0.0100373 s/step
on time step 3355 (time=16.775), 0.00980533 s/step
on time step 3780 (time=18.9), 0.00941434 s/step
field decay(t = 20.01): 2.4584839414144417e-07 / 2.4584839414144417e-07 = 1.0
on time step 4203 (time=21.015), 0.00947898 s/step
on time step 4627 (time=23.135), 0.00944704 s/step
on time step 5046 (time=25.23), 0.0095666 s/step
on time step 5465 (time=27.325), 0.00955839 s/step
on time step 5888 (time=29.44), 0.0094703 s/step
field decay(t = 30.015): 2.4616028336514293e-07 / 2.4616028336514293e-07 = 1.0
on time step 6310 (time=31.55), 0.00949881 s/step
on time step 6723 (time=33.615), 0.00970244 s/step
on time step 7131 (time=35.655), 0.00981044 s/step
on time step 7540 (time=37.7), 0.00978167 s/step
on time step 7948 (time=39.74), 0.00981859 s/step
field decay(t = 40.02): 3.365578901804998e-07 / 3.365578901804998e-07 = 1.0
on time step 8358 (time=41.79), 0.00975756 s/step
on time step 8768 (time=43.84), 0.00976512 s/step
on time step 9178 (time=45.89), 0.00976329 s/step
on time step 9585 (time=47.925), 0.00984551 s/step
on time step 9993 (time=49.965), 0.00981592 s/step
field decay(t = 50.025): 4.5915932016404795e-07 / 4.5915932016404795e-07 = 1.0
on time step 10403 (time=52.015), 0.00977671 s/step
on time step 10814 (time=54.07), 0.0097608 s/step
on time step 11225 (time=56.125), 0.00973583 s/step
on time step 11633 (time=58.165), 0.00980617 s/step
field decay(t = 60.03): 6.147496351156264e-07 / 6.147496351156264e-07 = 1.0
on time step 12042 (time=60.21), 0.0097944 s/step
on time step 12451 (time=62.255), 0.00978942 s/step
on time step 12863 (time=64.315), 0.00971339 s/step
on time step 13281 (time=66.405), 0.009594 s/step
on time step 13698 (time=68.49), 0.00960417 s/step
field decay(t = 70.035): 7.881714745723701e-07 / 7.881714745723701e-07 = 1.0
on time step 14114 (time=70.57), 0.00962146 s/step
on time step 14532 (time=72.66), 0.00958836 s/step
on time step 14948 (time=74.74), 0.00963403 s/step
on time step 15362 (time=76.81), 0.0096773 s/step
on time step 15775 (time=78.875), 0.00970402 s/step
field decay(t = 80.04): 1.025166172034761e-06 / 1.025166172034761e-06 = 1.0
on time step 16188 (time=80.94), 0.00970235 s/step
on time step 16600 (time=83), 0.00972023 s/step
on time step 17012 (time=85.06), 0.00972954 s/step
on time step 17424 (time=87.12), 0.00971239 s/step
on time step 17838 (time=89.19), 0.00967916 s/step
field decay(t = 90.045): 1.3155177528438449e-06 / 1.3155177528438449e-06 = 1.0
on time step 18252 (time=91.26), 0.00967605 s/step
on time step 18667 (time=93.335), 0.00965482 s/step
on time step 19071 (time=95.355), 0.00991399 s/step
on time step 19487 (time=97.435), 0.00963823 s/step
on time step 19904 (time=99.52), 0.00960065 s/step
field decay(t = 100.05): 1.605578736328664e-06 / 1.605578736328664e-06 = 1.0
on time step 20320 (time=101.6), 0.00962925 s/step
on time step 20735 (time=103.675), 0.00964413 s/step
on time step 21152 (time=105.76), 0.00960368 s/step
on time step 21565 (time=107.825), 0.00968998 s/step
on time step 21980 (time=109.9), 0.00965676 s/step
field decay(t = 110.055): 1.978367577224168e-06 / 1.978367577224168e-06 = 1.0
on time step 22395 (time=111.975), 0.00964359 s/step
on time step 22807 (time=114.035), 0.00970918 s/step
on time step 23224 (time=116.12), 0.00961109 s/step
on time step 23644 (time=118.22), 0.00953218 s/step
field decay(t = 120.06): 2.395353014260821e-06 / 2.395353014260821e-06 = 1.0
on time step 24062 (time=120.31), 0.00957392 s/step
on time step 24480 (time=122.4), 0.0095702 s/step
on time step 24898 (time=124.49), 0.009584 s/step
on time step 25317 (time=126.585), 0.0095641 s/step
on time step 25745 (time=128.725), 0.00934983 s/step
field decay(t = 130.065): 2.8836672356048055e-06 / 2.8836672356048055e-06 = 1.0
on time step 26191 (time=130.955), 0.00897071 s/step
on time step 26633 (time=133.165), 0.0090514 s/step
on time step 27079 (time=135.395), 0.0089838 s/step
on time step 27525 (time=137.625), 0.00897256 s/step
on time step 27972 (time=139.86), 0.00895636 s/step
field decay(t = 140.07): 3.341514915466941e-06 / 3.341514915466941e-06 = 1.0
on time step 28418 (time=142.09), 0.00897051 s/step
on time step 28864 (time=144.32), 0.00897752 s/step
on time step 29311 (time=146.555), 0.00896018 s/step
on time step 29759 (time=148.795), 0.00893778 s/step
field decay(t = 150.07500000000002): 3.905343345636013e-06 / 3.905343345636013e-06 = 1.0
on time step 30204 (time=151.02), 0.00899041 s/step
on time step 30652 (time=153.26), 0.00893913 s/step
on time step 31100 (time=155.5), 0.00894381 s/step
on time step 31548 (time=157.74), 0.00893555 s/step
on time step 31994 (time=159.97), 0.00898317 s/step
field decay(t = 160.08): 4.449119827053557e-06 / 4.449119827053557e-06 = 1.0
on time step 32434 (time=162.17), 0.00910964 s/step
on time step 32881 (time=164.405), 0.00894882 s/step
on time step 33328 (time=166.64), 0.00895581 s/step
on time step 33774 (time=168.87), 0.00898386 s/step
field decay(t = 170.085): 5.078892304524937e-06 / 5.078892304524937e-06 = 1.0
on time step 34223 (time=171.115), 0.00890924 s/step
on time step 34669 (time=173.345), 0.00898179 s/step
on time step 35116 (time=175.58), 0.0089549 s/step
on time step 35564 (time=177.82), 0.00893922 s/step
on time step 36013 (time=180.065), 0.00892368 s/step
field decay(t = 180.09): 5.697720106921921e-06 / 5.697720106921921e-06 = 1.0
on time step 36460 (time=182.3), 0.00895322 s/step
on time step 36904 (time=184.52), 0.00902301 s/step
on time step 37352 (time=186.76), 0.00893759 s/step
on time step 37801 (time=189.005), 0.00890982 s/step
field decay(t = 190.095): 6.393096247824233e-06 / 6.393096247824233e-06 = 1.0
on time step 38248 (time=191.24), 0.00895082 s/step
on time step 38697 (time=193.485), 0.00892921 s/step
on time step 39146 (time=195.73), 0.00891177 s/step
on time step 39595 (time=197.975), 0.00891917 s/step
field decay(t = 200.1): 7.041462112568402e-06 / 7.041462112568402e-06 = 1.0
on time step 40044 (time=200.22), 0.00891325 s/step
on time step 40494 (time=202.47), 0.008899 s/step
on time step 40944 (time=204.72), 0.0089058 s/step
on time step 41393 (time=206.965), 0.00890988 s/step
on time step 41842 (time=209.21), 0.00890932 s/step
field decay(t = 210.10500000000002): 8.455208318117504e-06 / 8.455208318117504e-06 = 1.0
on time step 42291 (time=211.455), 0.00891521 s/step
on time step 42740 (time=213.7), 0.00892371 s/step
on time step 43190 (time=215.95), 0.00889583 s/step
on time step 43637 (time=218.185), 0.00895211 s/step
field decay(t = 220.11): 1.0203749173101131e-05 / 1.0203749173101131e-05 = 1.0
on time step 44086 (time=220.43), 0.00891008 s/step
on time step 44535 (time=222.675), 0.00892483 s/step
on time step 44985 (time=224.925), 0.00889276 s/step
on time step 45434 (time=227.17), 0.00891075 s/step
on time step 45884 (time=229.42), 0.00889972 s/step
field decay(t = 230.115): 1.4319428614342855e-05 / 1.4319428614342855e-05 = 1.0
on time step 46332 (time=231.66), 0.00894627 s/step
on time step 46782 (time=233.91), 0.00889682 s/step
on time step 47233 (time=236.165), 0.00887951 s/step
on time step 47682 (time=238.41), 0.00891854 s/step
field decay(t = 240.12): 2.1742086246274797e-05 / 2.1742086246274797e-05 = 1.0
on time step 48130 (time=240.65), 0.00893172 s/step
on time step 48581 (time=242.905), 0.00888555 s/step
on time step 49031 (time=245.155), 0.00889499 s/step
on time step 49478 (time=247.39), 0.00896005 s/step
on time step 49927 (time=249.635), 0.00891423 s/step
field decay(t = 250.125): 2.2693723373308185e-05 / 2.2693723373308185e-05 = 1.0
on time step 50377 (time=251.885), 0.00890368 s/step
on time step 50824 (time=254.12), 0.00895664 s/step
on time step 51276 (time=256.38), 0.00886162 s/step
on time step 51741 (time=258.705), 0.00861078 s/step
field decay(t = 260.13): 1.8605212707215504e-05 / 2.2693723373308185e-05 = 0.8198395830055156
on time step 52207 (time=261.035), 0.0085955 s/step
on time step 52673 (time=263.365), 0.0085954 s/step
on time step 53137 (time=265.685), 0.00862242 s/step
on time step 53601 (time=268.005), 0.00862961 s/step
field decay(t = 270.135): 1.0893730551371275e-05 / 2.2693723373308185e-05 = 0.48003275496801995
on time step 54067 (time=270.335), 0.00859166 s/step
on time step 54533 (time=272.665), 0.00859777 s/step
on time step 54999 (time=274.995), 0.00859642 s/step
on time step 55464 (time=277.32), 0.0086152 s/step
on time step 55931 (time=279.655), 0.00858299 s/step
field decay(t = 280.14): 9.339131308679783e-06 / 2.2693723373308185e-05 = 0.4115292653855227
on time step 56397 (time=281.985), 0.00858918 s/step
on time step 56861 (time=284.305), 0.00862852 s/step
on time step 57324 (time=286.62), 0.00864506 s/step
on time step 57787 (time=288.935), 0.00864839 s/step
field decay(t = 290.145): 7.935613608361758e-06 / 2.2693723373308185e-05 = 0.34968319115475943
on time step 58252 (time=291.26), 0.00861454 s/step
on time step 58718 (time=293.59), 0.008596 s/step
on time step 59182 (time=295.91), 0.00862602 s/step
on time step 59648 (time=298.24), 0.00859986 s/step
field decay(t = 300.15000000000003): 7.5505100898535174e-06 / 2.2693723373308185e-05 = 0.3327135862920691
on time step 60112 (time=300.56), 0.00863206 s/step
on time step 60573 (time=302.865), 0.00868155 s/step
on time step 61031 (time=305.155), 0.00874135 s/step
on time step 61492 (time=307.46), 0.00868015 s/step
on time step 61952 (time=309.76), 0.0087115 s/step
field decay(t = 310.15500000000003): 6.739850608156559e-06 / 2.2693723373308185e-05 = 0.296991837667494
on time step 62411 (time=312.055), 0.00871961 s/step
on time step 62872 (time=314.36), 0.00869138 s/step
on time step 63332 (time=316.66), 0.0086984 s/step
on time step 63790 (time=318.95), 0.00874761 s/step
field decay(t = 320.16): 6.292048760500967e-06 / 2.2693723373308185e-05 = 0.27725942794832537
on time step 64251 (time=321.255), 0.0086925 s/step
on time step 64708 (time=323.54), 0.00875288 s/step
on time step 65164 (time=325.82), 0.00877797 s/step
on time step 65624 (time=328.12), 0.0087086 s/step
field decay(t = 330.165): 5.676725810359203e-06 / 2.2693723373308185e-05 = 0.2501451928790157
on time step 66081 (time=330.405), 0.00875293 s/step
on time step 66541 (time=332.705), 0.00870601 s/step
on time step 66999 (time=334.995), 0.00875052 s/step
on time step 67457 (time=337.285), 0.00874322 s/step
on time step 67917 (time=339.585), 0.00871414 s/step
field decay(t = 340.17): 5.256713050684996e-06 / 2.2693723373308185e-05 = 0.23163731064369175
on time step 68375 (time=341.875), 0.00874038 s/step
on time step 68834 (time=344.17), 0.00872791 s/step
on time step 69296 (time=346.48), 0.0086747 s/step
on time step 69760 (time=348.8), 0.00863145 s/step
field decay(t = 350.175): 4.7808660623500645e-06 / 2.2693723373308185e-05 = 0.2106690904663624
on time step 70224 (time=351.12), 0.00863554 s/step
on time step 70687 (time=353.435), 0.00865195 s/step
on time step 71150 (time=355.75), 0.00864128 s/step
on time step 71613 (time=358.065), 0.00865048 s/step
field decay(t = 360.18): 4.137546627236875e-06 / 2.2693723373308185e-05 = 0.18232118895497593
on time step 72072 (time=360.36), 0.00872847 s/step
on time step 72534 (time=362.67), 0.00866658 s/step
on time step 72996 (time=364.98), 0.00867092 s/step
on time step 73459 (time=367.295), 0.00865513 s/step
on time step 73921 (time=369.605), 0.00866968 s/step
field decay(t = 370.185): 3.750486356773683e-06 / 2.2693723373308185e-05 = 0.16526535972430664
on time step 74333 (time=371.665), 0.00971276 s/step
on time step 74767 (time=373.835), 0.00922822 s/step
on time step 75229 (time=376.145), 0.0086655 s/step
on time step 75692 (time=378.46), 0.00864616 s/step
field decay(t = 380.19): 3.2844280095089094e-06 / 2.2693723373308185e-05 = 0.14472847648138581
on time step 76156 (time=380.78), 0.00862353 s/step
on time step 76620 (time=383.1), 0.0086212 s/step
on time step 77086 (time=385.43), 0.00860046 s/step
on time step 77551 (time=387.755), 0.00861662 s/step
on time step 78017 (time=390.085), 0.00859342 s/step
field decay(t = 390.195): 2.9536981809587637e-06 / 2.2693723373308185e-05 = 0.1301548508532907
on time step 78482 (time=392.41), 0.00861069 s/step
on time step 78947 (time=394.735), 0.00860275 s/step
on time step 79412 (time=397.06), 0.00860696 s/step
on time step 79877 (time=399.385), 0.00860378 s/step
field decay(t = 400.2): 2.6475525659985918e-06 / 2.2693723373308185e-05 = 0.11666452976652478
on time step 80343 (time=401.715), 0.00858707 s/step
on time step 80808 (time=404.04), 0.00860709 s/step
on time step 81272 (time=406.36), 0.00862742 s/step
on time step 81737 (time=408.685), 0.0086084 s/step
field decay(t = 410.205): 2.3425327136324067e-06 / 2.2693723373308185e-05 = 0.10322381546201614
on time step 82204 (time=411.02), 0.00857944 s/step
on time step 82669 (time=413.345), 0.00860794 s/step
on time step 83134 (time=415.67), 0.00861401 s/step
on time step 83601 (time=418.005), 0.00857322 s/step
field decay(t = 420.21000000000004): 2.247303520661135e-06 / 2.2693723373308185e-05 = 0.09902753654362245
on time step 84068 (time=420.34), 0.00857583 s/step
on time step 84531 (time=422.655), 0.00864063 s/step
on time step 84996 (time=424.98), 0.00861137 s/step
on time step 85463 (time=427.315), 0.00857886 s/step
on time step 85924 (time=429.62), 0.00868609 s/step
field decay(t = 430.21500000000003): 2.309316530088605e-06 / 2.2693723373308185e-05 = 0.10176014275404308
on time step 86389 (time=431.945), 0.00861481 s/step
on time step 86853 (time=434.265), 0.0086302 s/step
on time step 87319 (time=436.595), 0.00858997 s/step
on time step 87785 (time=438.925), 0.00859273 s/step
field decay(t = 440.22): 2.4543216311481094e-06 / 2.2693723373308185e-05 = 0.10814979943021708
on time step 88246 (time=441.23), 0.00867997 s/step
on time step 88707 (time=443.535), 0.00868615 s/step
on time step 89174 (time=445.87), 0.00857536 s/step
on time step 89640 (time=448.2), 0.00858385 s/step
field decay(t = 450.225): 4.305460230683692e-06 / 2.2693723373308185e-05 = 0.18972030987861918
on time step 90108 (time=450.54), 0.00855715 s/step
on time step 90574 (time=452.87), 0.0085909 s/step
on time step 91044 (time=455.22), 0.00852956 s/step
on time step 91511 (time=457.555), 0.00857293 s/step
on time step 91980 (time=459.9), 0.00853986 s/step
field decay(t = 460.23): 4.478435267454433e-06 / 2.2693723373308185e-05 = 0.19734246310245684
on time step 92445 (time=462.225), 0.0086072 s/step
on time step 92906 (time=464.53), 0.00870248 s/step
on time step 93372 (time=466.86), 0.00859165 s/step
on time step 93840 (time=469.2), 0.00855155 s/step
field decay(t = 470.235): 2.816783615088064e-06 / 2.2693723373308185e-05 = 0.1241217039950834
on time step 94310 (time=471.55), 0.00852737 s/step
on time step 94781 (time=473.905), 0.00850695 s/step
on time step 95250 (time=476.25), 0.00852917 s/step
on time step 95721 (time=478.605), 0.00849479 s/step
field decay(t = 480.24): 6.377339580232578e-07 / 2.2693723373308185e-05 = 0.028101777197713854
on time step 96191 (time=480.955), 0.00852 s/step
on time step 96660 (time=483.3), 0.00853225 s/step
on time step 97130 (time=485.65), 0.00851389 s/step
field decay(t = 490.245): 1.1379155563500896e-08 / 2.2693723373308185e-05 = 0.0005014230312194952
field decay(t = 500.25): 6.626931837203943e-13 / 2.2693723373308185e-05 = 2.9201606665384762e-08
run 1 finished at t = 500.25 (100050 timesteps)
N_F = 200
REPETITION = 1
EXECUTION_ORDER = 9
TERMINATION = common_field_decay
DECAY_BY = 0.0001
DECAY_CHECK_INTERVAL = 10.0
MINIMUM_RUN_TIME = 67.5
MAXIMUM_RUN_TIME = 2000.0
RUNTIME_SECONDS = 876.848680305
MEEP_TIME = 500.25
STEPS = 100050
TIME_PER_STEP_MS = 8.764104750674663
CAP_HIT = False
SOURCE_BUILD_SECONDS = 0.09981687599974975
ADJOINT_SOURCE_END_TIME = 486.8500061035156
CPU_AFFINITY = 8
PEAK_RSS_MB = 276.08203125
WAVELENGTHS_NM = 500 501.005025 502.01005 503.015075 504.020101 505.025126 506.030151 507.035176 508.040201 509.045226 510.050251 511.055276 512.060302 513.065327 514.070352 515.075377 516.080402 517.085427 518.090452 519.095477 520.100503 521.105528 522.110553 523.115578 524.120603 525.125628 526.130653 527.135678 528.140704 529.145729 530.150754 531.155779 532.160804 533.165829 534.170854 535.175879 536.180905 537.18593 538.190955 539.19598 540.201005 541.20603 542.211055 543.21608 544.221106 545.226131 546.231156 547.236181 548.241206 549.246231 550.251256 551.256281 552.261307 553.266332 554.271357 555.276382 556.281407 557.286432 558.291457 559.296482 560.301508 561.306533 562.311558 563.316583 564.321608 565.326633 566.331658 567.336683 568.341709 569.346734 570.351759 571.356784 572.361809 573.366834 574.371859 575.376884 576.38191 577.386935 578.39196 579.396985 580.40201 581.407035 582.41206 583.417085 584.422111 585.427136 586.432161 587.437186 588.442211 589.447236 590.452261 591.457286 592.462312 593.467337 594.472362 595.477387 596.482412 597.487437 598.492462 599.497487 600.502513 601.507538 602.512563 603.517588 604.522613 605.527638 606.532663 607.537688 608.542714 609.547739 610.552764 611.557789 612.562814 613.567839 614.572864 615.577889 616.582915 617.58794 618.592965 619.59799 620.603015 621.60804 622.613065 623.61809 624.623116 625.628141 626.633166 627.638191 628.643216 629.648241 630.653266 631.658291 632.663317 633.668342 634.673367 635.678392 636.683417 637.688442 638.693467 639.698492 640.703518 641.708543 642.713568 643.718593 644.723618 645.728643 646.733668 647.738693 648.743719 649.748744 650.753769 651.758794 652.763819 653.768844 654.773869 655.778894 656.78392 657.788945 658.79397 659.798995 660.80402 661.809045 662.81407 663.819095 664.824121 665.829146 666.834171 667.839196 668.844221 669.849246 670.854271 671.859296 672.864322 673.869347 674.874372 675.879397 676.884422 677.889447 678.894472 679.899497 680.904523 681.909548 682.914573 683.919598 684.924623 685.929648 686.934673 687.939698 688.944724 689.949749 690.954774 691.959799 692.964824 693.969849 694.974874 695.979899 696.984925 697.98995 698.994975 700
FD_ADJOINT_COMMON_SUMMARY_END
