FD_ADJOINT_COMMON_SUMMARY_BEGIN
Starting forward run...
-----------
Initializing structure...
time for choose_chunkdivision = 0.000222921 s
Working in 2D dimensions.
Computational cell is 6.6 x 5.4 x 0 with resolution 100
     block, center = (0,-1.65,0)
          size (5,0.2,0)
          axes (1,0,0), (0,1,0), (0,0,1)
time for set_epsilon = 0.198597 s
-----------
field decay(t = 10.005): 0.02764637052122116 / 0.02764637052122116 = 1.0
field decay(t = 20.01): 0.3082529391627392 / 0.3082529391627392 = 1.0
field decay(t = 30.015): 5.783104334573195e-05 / 0.3082529391627392 = 0.00018760905736311763
on time step 6151 (time=30.755), 0.000650352 s/step
field decay(t = 40.02): 5.4666095280480904e-06 / 0.3082529391627392 = 1.7734168384237353e-05
field decay(t = 50.025): 4.6382576465209883e-07 / 0.3082529391627392 = 1.504692107435921e-06
field decay(t = 60.03): 5.2500065272769244e-08 / 0.3082529391627392 = 1.7031488950394836e-07
on time step 12352 (time=61.76), 0.000645093 s/step
field decay(t = 70.035): 6.213486703206159e-09 / 0.3082529391627392 = 2.0157104487252943e-08
run 0 finished at t = 70.035 (14007 timesteps)
field decay(t = 10.005): 1.3845300429966902e-05 / 1.3845300429966902e-05 = 1.0
on time step 2453 (time=12.265), 0.00163136 s/step
field decay(t = 20.01): 0.00044840382166220317 / 0.00044840382166220317 = 1.0
on time step 4889 (time=24.445), 0.00164224 s/step
field decay(t = 30.015): 0.001802631682017476 / 0.001802631682017476 = 1.0
on time step 7401 (time=37.005), 0.00159287 s/step
field decay(t = 40.02): 0.0013953075130671837 / 0.001802631682017476 = 0.7740391600715563
on time step 9848 (time=49.24), 0.00163498 s/step
field decay(t = 50.025): 0.0014675907471697063 / 0.001802631682017476 = 0.814137886186047
field decay(t = 60.03): 0.0014505181451091548 / 0.001802631682017476 = 0.8046669541976309
on time step 12268 (time=61.34), 0.00165305 s/step
field decay(t = 70.035): 0.00010305481832625449 / 0.001802631682017476 = 0.05716909302898594
on time step 15679 (time=78.395), 0.00117284 s/step
field decay(t = 80.04): 1.3216753843975469e-08 / 0.001802631682017476 = 7.331921421232036e-06
run 1 finished at t = 80.04 (16008 timesteps)
N_F = 30
REPETITION = 5
EXECUTION_ORDER = 83
TERMINATION = common_field_decay
DECAY_BY = 0.0001
DECAY_CHECK_INTERVAL = 10.0
MINIMUM_RUN_TIME = 67.5
MAXIMUM_RUN_TIME = 2000.0
RUNTIME_SECONDS = 24.216783918000147
MEEP_TIME = 80.04
STEPS = 16008
TIME_PER_STEP_MS = 1.5127925985757213
CAP_HIT = False
SOURCE_BUILD_SECONDS = 0.011453691999122384
ADJOINT_SOURCE_END_TIME = 70.3499984741211
CPU_AFFINITY = 8
PEAK_RSS_MB = 159.08984375
WAVELENGTHS_NM = 500 506.896552 513.793103 520.689655 527.586207 534.482759 541.37931 548.275862 555.172414 562.068966 568.965517 575.862069 582.758621 589.655172 596.551724 603.448276 610.344828 617.241379 624.137931 631.034483 637.931034 644.827586 651.724138 658.62069 665.517241 672.413793 679.310345 686.206897 693.103448 700
FD_ADJOINT_COMMON_SUMMARY_END
