FD_ADJOINT_COMMON_SUMMARY_BEGIN
Starting forward run...
-----------
Initializing structure...
time for choose_chunkdivision = 0.000232935 s
Working in 2D dimensions.
Computational cell is 6.6 x 5.4 x 0 with resolution 100
     block, center = (0,-1.65,0)
          size (5,0.2,0)
          axes (1,0,0), (0,1,0), (0,0,1)
time for set_epsilon = 0.199146 s
-----------
field decay(t = 10.005): 0.02764637052122116 / 0.02764637052122116 = 1.0
field decay(t = 20.01): 0.3082529391627392 / 0.3082529391627392 = 1.0
on time step 5908 (time=29.54), 0.000677106 s/step
field decay(t = 30.015): 5.783104334573195e-05 / 0.3082529391627392 = 0.00018760905736311763
field decay(t = 40.02): 5.4666095280480904e-06 / 0.3082529391627392 = 1.7734168384237353e-05
field decay(t = 50.025): 4.6382576465209883e-07 / 0.3082529391627392 = 1.504692107435921e-06
on time step 11986 (time=59.93), 0.000658141 s/step
field decay(t = 60.03): 5.2500065272769244e-08 / 0.3082529391627392 = 1.7031488950394836e-07
field decay(t = 70.035): 6.213486703206159e-09 / 0.3082529391627392 = 2.0157104487252943e-08
run 0 finished at t = 70.035 (14007 timesteps)
on time step 605 (time=3.025), 0.00661175 s/step
on time step 1229 (time=6.145), 0.00641106 s/step
on time step 1832 (time=9.16), 0.00664403 s/step
field decay(t = 10.005): 1.468715562255718e-07 / 1.468715562255718e-07 = 1.0
on time step 2389 (time=11.945), 0.00718958 s/step
on time step 2945 (time=14.725), 0.00719733 s/step
on time step 3514 (time=17.57), 0.00704188 s/step
field decay(t = 20.01): 4.421897282569925e-07 / 4.421897282569925e-07 = 1.0
on time step 4099 (time=20.495), 0.00683827 s/step
on time step 4693 (time=23.465), 0.00673475 s/step
on time step 5286 (time=26.43), 0.00675251 s/step
on time step 5878 (time=29.39), 0.0067685 s/step
field decay(t = 30.015): 5.720235789848881e-07 / 5.720235789848881e-07 = 1.0
on time step 6464 (time=32.32), 0.00683619 s/step
on time step 7029 (time=35.145), 0.00708685 s/step
on time step 7595 (time=37.975), 0.00706784 s/step
field decay(t = 40.02): 8.62777260621358e-07 / 8.62777260621358e-07 = 1.0
on time step 8160 (time=40.8), 0.00708041 s/step
on time step 8726 (time=43.63), 0.00707229 s/step
on time step 9308 (time=46.54), 0.00687308 s/step
on time step 9888 (time=49.44), 0.00689783 s/step
field decay(t = 50.025): 1.311003346620331e-06 / 1.311003346620331e-06 = 1.0
on time step 10461 (time=52.305), 0.00698332 s/step
on time step 11030 (time=55.15), 0.00703361 s/step
on time step 11601 (time=58.005), 0.00701767 s/step
field decay(t = 60.03): 1.9060777406966077e-06 / 1.9060777406966077e-06 = 1.0
on time step 12166 (time=60.83), 0.0070867 s/step
on time step 12733 (time=63.665), 0.00705698 s/step
on time step 13306 (time=66.53), 0.00698629 s/step
on time step 13893 (time=69.465), 0.00682138 s/step
field decay(t = 70.035): 2.545733039530508e-06 / 2.545733039530508e-06 = 1.0
on time step 14489 (time=72.445), 0.00671938 s/step
on time step 15076 (time=75.38), 0.00681527 s/step
on time step 15660 (time=78.3), 0.00685267 s/step
field decay(t = 80.04): 3.4812672853490706e-06 / 3.4812672853490706e-06 = 1.0
on time step 16242 (time=81.21), 0.00688244 s/step
on time step 16819 (time=84.095), 0.00693463 s/step
on time step 17398 (time=86.99), 0.00691156 s/step
on time step 17976 (time=89.88), 0.00692634 s/step
field decay(t = 90.045): 4.5613742399259674e-06 / 4.5613742399259674e-06 = 1.0
on time step 18567 (time=92.835), 0.00677093 s/step
on time step 19163 (time=95.815), 0.00672139 s/step
on time step 19749 (time=98.745), 0.00682883 s/step
field decay(t = 100.05): 5.953203227971909e-06 / 5.953203227971909e-06 = 1.0
on time step 20333 (time=101.665), 0.00685743 s/step
on time step 20912 (time=104.56), 0.00690966 s/step
on time step 21490 (time=107.45), 0.00693369 s/step
field decay(t = 110.055): 7.253208973557902e-06 / 7.253208973557902e-06 = 1.0
on time step 22068 (time=110.34), 0.00692111 s/step
on time step 22646 (time=113.23), 0.00692429 s/step
on time step 23232 (time=116.16), 0.00683144 s/step
on time step 23831 (time=119.155), 0.00668575 s/step
field decay(t = 120.06): 8.777909325682097e-06 / 8.777909325682097e-06 = 1.0
on time step 24421 (time=122.105), 0.00678761 s/step
on time step 25006 (time=125.03), 0.00685024 s/step
on time step 25588 (time=127.94), 0.00687927 s/step
field decay(t = 130.065): 1.0719590095653014e-05 / 1.0719590095653014e-05 = 1.0
on time step 26208 (time=131.04), 0.00645541 s/step
on time step 26826 (time=134.13), 0.00647884 s/step
on time step 27444 (time=137.22), 0.00647409 s/step
field decay(t = 140.07): 1.3000491615509768e-05 / 1.3000491615509768e-05 = 1.0
on time step 28070 (time=140.35), 0.00639868 s/step
on time step 28706 (time=143.53), 0.00629126 s/step
on time step 29337 (time=146.685), 0.00634609 s/step
on time step 29963 (time=149.815), 0.00639412 s/step
field decay(t = 150.07500000000002): 1.4851697372349438e-05 / 1.4851697372349438e-05 = 1.0
on time step 30584 (time=152.92), 0.00644732 s/step
on time step 31205 (time=156.025), 0.00644463 s/step
on time step 31824 (time=159.12), 0.00647052 s/step
field decay(t = 160.08): 2.050199012098826e-05 / 2.050199012098826e-05 = 1.0
on time step 32442 (time=162.21), 0.00647455 s/step
on time step 33064 (time=165.32), 0.00643118 s/step
on time step 33707 (time=168.535), 0.00622514 s/step
field decay(t = 170.085): 3.2167463922352207e-05 / 3.2167463922352207e-05 = 1.0
on time step 34341 (time=171.705), 0.00631468 s/step
on time step 34963 (time=174.815), 0.00643202 s/step
on time step 35589 (time=177.945), 0.00639343 s/step
field decay(t = 180.09): 4.415302967232937e-05 / 4.415302967232937e-05 = 1.0
on time step 36209 (time=181.045), 0.00645975 s/step
on time step 36827 (time=184.135), 0.00647624 s/step
on time step 37447 (time=187.235), 0.0064581 s/step
field decay(t = 190.095): 4.519482080348087e-05 / 4.519482080348087e-05 = 1.0
on time step 38066 (time=190.33), 0.00647053 s/step
on time step 38710 (time=193.55), 0.00621545 s/step
on time step 39340 (time=196.7), 0.00635337 s/step
on time step 39965 (time=199.825), 0.00640577 s/step
field decay(t = 200.1): 2.1462639773325424e-05 / 4.519482080348087e-05 = 0.4748915781003028
on time step 40588 (time=202.94), 0.00642948 s/step
on time step 41211 (time=206.055), 0.00642877 s/step
on time step 41831 (time=209.155), 0.00645299 s/step
field decay(t = 210.10500000000002): 1.866834929497452e-05 / 4.519482080348087e-05 = 0.4130639078346937
on time step 42449 (time=212.245), 0.00647638 s/step
on time step 43058 (time=215.29), 0.0065718 s/step
on time step 43697 (time=218.485), 0.00626403 s/step
field decay(t = 220.11): 1.6140003544264435e-05 / 4.519482080348087e-05 = 0.3571206447403669
on time step 44331 (time=221.655), 0.00631122 s/step
on time step 44958 (time=224.79), 0.00638633 s/step
on time step 45580 (time=227.9), 0.00643398 s/step
field decay(t = 230.115): 1.4792962759298442e-05 / 4.519482080348087e-05 = 0.3273154422632228
on time step 46203 (time=231.015), 0.00642481 s/step
on time step 46822 (time=234.11), 0.00647205 s/step
on time step 47441 (time=237.205), 0.00647262 s/step
field decay(t = 240.12): 1.3204166935795553e-05 / 4.519482080348087e-05 = 0.29216106405667125
on time step 48058 (time=240.29), 0.00648303 s/step
on time step 48695 (time=243.475), 0.00628202 s/step
on time step 49327 (time=246.635), 0.00633188 s/step
on time step 49951 (time=249.755), 0.00641292 s/step
field decay(t = 250.125): 1.1829743476026522e-05 / 4.519482080348087e-05 = 0.261749980765836
on time step 50577 (time=252.885), 0.00639868 s/step
on time step 51199 (time=255.995), 0.00643838 s/step
on time step 51840 (time=259.2), 0.00624285 s/step
field decay(t = 260.13): 1.0257513310093346e-05 / 4.519482080348087e-05 = 0.22696214140765705
on time step 52481 (time=262.405), 0.00624555 s/step
on time step 53122 (time=265.61), 0.00624805 s/step
on time step 53779 (time=268.895), 0.00609313 s/step
field decay(t = 270.135): 9.150048362126697e-06 / 4.519482080348087e-05 = 0.20245789671151804
on time step 54438 (time=272.19), 0.00607447 s/step
on time step 55090 (time=275.45), 0.00614045 s/step
on time step 55736 (time=278.68), 0.00619715 s/step
field decay(t = 280.14): 8.047783500481885e-06 / 4.519482080348087e-05 = 0.17806871135690067
on time step 56380 (time=281.9), 0.00621955 s/step
on time step 57021 (time=285.105), 0.00624687 s/step
on time step 57661 (time=288.305), 0.00625635 s/step
field decay(t = 290.145): 6.624566234807393e-06 / 4.519482080348087e-05 = 0.1465779953772308
on time step 58298 (time=291.49), 0.00628018 s/step
on time step 58952 (time=294.76), 0.00612418 s/step
on time step 59609 (time=298.045), 0.00609646 s/step
field decay(t = 300.15000000000003): 5.558323223602695e-06 / 4.519482080348087e-05 = 0.12298584494386573
on time step 60260 (time=301.3), 0.00615092 s/step
on time step 60906 (time=304.53), 0.00620341 s/step
on time step 61549 (time=307.745), 0.00622106 s/step
field decay(t = 310.15500000000003): 5.272185582006432e-06 / 4.519482080348087e-05 = 0.11665464069281967
on time step 62190 (time=310.95), 0.00624925 s/step
on time step 62828 (time=314.14), 0.00627848 s/step
on time step 63470 (time=317.35), 0.00623486 s/step
field decay(t = 320.16): 5.427228457949984e-06 / 4.519482080348087e-05 = 0.12008518590103545
on time step 64121 (time=320.605), 0.00615034 s/step
on time step 64782 (time=323.91), 0.00605479 s/step
on time step 65432 (time=327.16), 0.00616151 s/step
field decay(t = 330.165): 8.43163319560574e-06 / 4.519482080348087e-05 = 0.18656193443644192
on time step 66078 (time=330.39), 0.00619828 s/step
on time step 66720 (time=333.6), 0.0062332 s/step
on time step 67360 (time=336.8), 0.00625047 s/step
on time step 68001 (time=340.005), 0.00624183 s/step
field decay(t = 340.17): 9.537008775552769e-06 / 4.519482080348087e-05 = 0.2110199488791476
on time step 68639 (time=343.195), 0.00627542 s/step
on time step 69284 (time=346.42), 0.00620679 s/step
on time step 69947 (time=349.735), 0.00603751 s/step
field decay(t = 350.175): 5.731492532553673e-06 / 4.519482080348087e-05 = 0.12681746338758
on time step 70599 (time=352.995), 0.00613548 s/step
on time step 71245 (time=356.225), 0.00619207 s/step
on time step 71890 (time=359.45), 0.00620877 s/step
field decay(t = 360.18): 1.0408339701533498e-06 / 4.519482080348087e-05 = 0.023029939087028876
on time step 72534 (time=362.67), 0.00622023 s/step
field decay(t = 370.185): 5.084750671020445e-09 / 4.519482080348087e-05 = 0.00011250737541653935
on time step 75587 (time=377.935), 0.00131035 s/step
field decay(t = 380.19): 2.6525281333565807e-13 / 4.519482080348087e-05 = 5.869097578438202e-09
run 1 finished at t = 380.19 (76038 timesteps)
N_F = 150
REPETITION = 5
EXECUTION_ORDER = 89
TERMINATION = common_field_decay
DECAY_BY = 0.0001
DECAY_CHECK_INTERVAL = 10.0
MINIMUM_RUN_TIME = 67.5
MAXIMUM_RUN_TIME = 2000.0
RUNTIME_SECONDS = 476.701663490001
MEEP_TIME = 380.19
STEPS = 76038
TIME_PER_STEP_MS = 6.2692556812383415
CAP_HIT = False
SOURCE_BUILD_SECONDS = 0.06398969899964868
ADJOINT_SOURCE_END_TIME = 364.3500061035156
CPU_AFFINITY = 8
PEAK_RSS_MB = 245.5234375
WAVELENGTHS_NM = 500 501.342282 502.684564 504.026846 505.369128 506.711409 508.053691 509.395973 510.738255 512.080537 513.422819 514.765101 516.107383 517.449664 518.791946 520.134228 521.47651 522.818792 524.161074 525.503356 526.845638 528.187919 529.530201 530.872483 532.214765 533.557047 534.899329 536.241611 537.583893 538.926174 540.268456 541.610738 542.95302 544.295302 545.637584 546.979866 548.322148 549.66443 551.006711 552.348993 553.691275 555.033557 556.375839 557.718121 559.060403 560.402685 561.744966 563.087248 564.42953 565.771812 567.114094 568.456376 569.798658 571.14094 572.483221 573.825503 575.167785 576.510067 577.852349 579.194631 580.536913 581.879195 583.221477 584.563758 585.90604 587.248322 588.590604 589.932886 591.275168 592.61745 593.959732 595.302013 596.644295 597.986577 599.328859 600.671141 602.013423 603.355705 604.697987 606.040268 607.38255 608.724832 610.067114 611.409396 612.751678 614.09396 615.436242 616.778523 618.120805 619.463087 620.805369 622.147651 623.489933 624.832215 626.174497 627.516779 628.85906 630.201342 631.543624 632.885906 634.228188 635.57047 636.912752 638.255034 639.597315 640.939597 642.281879 643.624161 644.966443 646.308725 647.651007 648.993289 650.33557 651.677852 653.020134 654.362416 655.704698 657.04698 658.389262 659.731544 661.073826 662.416107 663.758389 665.100671 666.442953 667.785235 669.127517 670.469799 671.812081 673.154362 674.496644 675.838926 677.181208 678.52349 679.865772 681.208054 682.550336 683.892617 685.234899 686.577181 687.919463 689.261745 690.604027 691.946309 693.288591 694.630872 695.973154 697.315436 698.657718 700
FD_ADJOINT_COMMON_SUMMARY_END
