FD_ADJOINT_COMMON_SUMMARY_BEGIN
Starting forward run...
-----------
Initializing structure...
time for choose_chunkdivision = 0.000230074 s
Working in 2D dimensions.
Computational cell is 6.6 x 5.4 x 0 with resolution 100
     block, center = (0,-1.65,0)
          size (5,0.2,0)
          axes (1,0,0), (0,1,0), (0,0,1)
time for set_epsilon = 0.19335 s
-----------
field decay(t = 10.005): 0.02764637052122116 / 0.02764637052122116 = 1.0
field decay(t = 20.01): 0.3082529391627392 / 0.3082529391627392 = 1.0
field decay(t = 30.015): 5.783104334573195e-05 / 0.3082529391627392 = 0.00018760905736311763
on time step 6063 (time=30.315), 0.000659831 s/step
field decay(t = 40.02): 5.4666095280480904e-06 / 0.3082529391627392 = 1.7734168384237353e-05
field decay(t = 50.025): 4.6382576465209883e-07 / 0.3082529391627392 = 1.504692107435921e-06
field decay(t = 60.03): 5.2500065272769244e-08 / 0.3082529391627392 = 1.7031488950394836e-07
on time step 12138 (time=60.69), 0.000658461 s/step
field decay(t = 70.035): 6.213486703206159e-09 / 0.3082529391627392 = 2.0157104487252943e-08
run 0 finished at t = 70.035 (14007 timesteps)
on time step 599 (time=2.995), 0.00668284 s/step
on time step 1223 (time=6.115), 0.00641112 s/step
on time step 1829 (time=9.145), 0.00660266 s/step
field decay(t = 10.005): 1.468715562255718e-07 / 1.468715562255718e-07 = 1.0
on time step 2391 (time=11.955), 0.00712068 s/step
on time step 2949 (time=14.745), 0.00717533 s/step
on time step 3530 (time=17.65), 0.00689399 s/step
field decay(t = 20.01): 4.421897282569925e-07 / 4.421897282569925e-07 = 1.0
on time step 4126 (time=20.63), 0.00671454 s/step
on time step 4717 (time=23.585), 0.00677166 s/step
on time step 5310 (time=26.55), 0.00674999 s/step
on time step 5905 (time=29.525), 0.00672928 s/step
field decay(t = 30.015): 5.720235789848881e-07 / 5.720235789848881e-07 = 1.0
on time step 6499 (time=32.495), 0.00673863 s/step
on time step 7078 (time=35.39), 0.00691855 s/step
on time step 7656 (time=38.28), 0.00693068 s/step
field decay(t = 40.02): 8.62777260621358e-07 / 8.62777260621358e-07 = 1.0
on time step 8232 (time=41.16), 0.0069509 s/step
on time step 8809 (time=44.045), 0.00694049 s/step
on time step 9387 (time=46.935), 0.00693084 s/step
on time step 9963 (time=49.815), 0.00694802 s/step
field decay(t = 50.025): 1.311003346620331e-06 / 1.311003346620331e-06 = 1.0
on time step 10543 (time=52.715), 0.0069053 s/step
on time step 11123 (time=55.615), 0.00690492 s/step
on time step 11704 (time=58.52), 0.00689063 s/step
field decay(t = 60.03): 1.9060777406966077e-06 / 1.9060777406966077e-06 = 1.0
on time step 12281 (time=61.405), 0.00693251 s/step
on time step 12858 (time=64.29), 0.00693906 s/step
on time step 13445 (time=67.225), 0.0068201 s/step
field decay(t = 70.035): 2.545733039530508e-06 / 2.545733039530508e-06 = 1.0
on time step 14031 (time=70.155), 0.00683181 s/step
on time step 14619 (time=73.095), 0.00680706 s/step
on time step 15210 (time=76.05), 0.00677758 s/step
on time step 15800 (time=79), 0.00678668 s/step
field decay(t = 80.04): 3.4812672853490706e-06 / 3.4812672853490706e-06 = 1.0
on time step 16389 (time=81.945), 0.00679326 s/step
on time step 16973 (time=84.865), 0.00684933 s/step
on time step 17561 (time=87.805), 0.00680311 s/step
field decay(t = 90.045): 4.5613742399259674e-06 / 4.5613742399259674e-06 = 1.0
on time step 18149 (time=90.745), 0.00681007 s/step
on time step 18739 (time=93.695), 0.00678594 s/step
on time step 19324 (time=96.62), 0.00684262 s/step
on time step 19914 (time=99.57), 0.00678691 s/step
field decay(t = 100.05): 5.953203227971909e-06 / 5.953203227971909e-06 = 1.0
on time step 20506 (time=102.53), 0.00677046 s/step
on time step 21096 (time=105.48), 0.00678925 s/step
on time step 21687 (time=108.435), 0.00677408 s/step
field decay(t = 110.055): 7.253208973557902e-06 / 7.253208973557902e-06 = 1.0
on time step 22279 (time=111.395), 0.00676448 s/step
on time step 22871 (time=114.355), 0.00676507 s/step
on time step 23462 (time=117.31), 0.00678119 s/step
field decay(t = 120.06): 8.777909325682097e-06 / 8.777909325682097e-06 = 1.0
on time step 24054 (time=120.27), 0.006766 s/step
on time step 24646 (time=123.23), 0.00676685 s/step
on time step 25237 (time=126.185), 0.00676991 s/step
on time step 25842 (time=129.21), 0.00662359 s/step
field decay(t = 130.065): 1.0719590095653014e-05 / 1.0719590095653014e-05 = 1.0
on time step 26473 (time=132.365), 0.00635007 s/step
on time step 27101 (time=135.505), 0.0063739 s/step
on time step 27732 (time=138.66), 0.00634822 s/step
field decay(t = 140.07): 1.3000491615509768e-05 / 1.3000491615509768e-05 = 1.0
on time step 28361 (time=141.805), 0.0063633 s/step
on time step 28989 (time=144.945), 0.00637313 s/step
on time step 29617 (time=148.085), 0.00637354 s/step
field decay(t = 150.07500000000002): 1.4851697372349438e-05 / 1.4851697372349438e-05 = 1.0
on time step 30244 (time=151.22), 0.00638364 s/step
on time step 30870 (time=154.35), 0.00639612 s/step
on time step 31498 (time=157.49), 0.00638098 s/step
field decay(t = 160.08): 2.050199012098826e-05 / 2.050199012098826e-05 = 1.0
on time step 32126 (time=160.63), 0.00637545 s/step
on time step 32755 (time=163.775), 0.00636308 s/step
on time step 33383 (time=166.915), 0.0063745 s/step
on time step 34014 (time=170.07), 0.00634537 s/step
field decay(t = 170.085): 3.2167463922352207e-05 / 3.2167463922352207e-05 = 1.0
on time step 34643 (time=173.215), 0.00636294 s/step
on time step 35266 (time=176.33), 0.00642608 s/step
on time step 35885 (time=179.425), 0.00646304 s/step
field decay(t = 180.09): 4.415302967232937e-05 / 4.415302967232937e-05 = 1.0
on time step 36509 (time=182.545), 0.00641492 s/step
on time step 37131 (time=185.655), 0.00643268 s/step
on time step 37754 (time=188.77), 0.00642565 s/step
field decay(t = 190.095): 4.519482080348087e-05 / 4.519482080348087e-05 = 1.0
on time step 38378 (time=191.89), 0.00641885 s/step
on time step 39003 (time=195.015), 0.00640127 s/step
on time step 39626 (time=198.13), 0.00642666 s/step
field decay(t = 200.1): 2.1462639773325424e-05 / 4.519482080348087e-05 = 0.4748915781003028
on time step 40249 (time=201.245), 0.0064206 s/step
on time step 40873 (time=204.365), 0.00641966 s/step
on time step 41497 (time=207.485), 0.00641276 s/step
field decay(t = 210.10500000000002): 1.866834929497452e-05 / 4.519482080348087e-05 = 0.4130639078346937
on time step 42120 (time=210.6), 0.0064236 s/step
on time step 42743 (time=213.715), 0.00642788 s/step
on time step 43367 (time=216.835), 0.00641662 s/step
on time step 43991 (time=219.955), 0.00642407 s/step
field decay(t = 220.11): 1.6140003544264435e-05 / 4.519482080348087e-05 = 0.3571206447403669
on time step 44614 (time=223.07), 0.00642495 s/step
on time step 45242 (time=226.21), 0.00637882 s/step
on time step 45868 (time=229.34), 0.00639399 s/step
field decay(t = 230.115): 1.4792962759298442e-05 / 4.519482080348087e-05 = 0.3273154422632228
on time step 46490 (time=232.45), 0.00643477 s/step
on time step 47119 (time=235.595), 0.006366 s/step
on time step 47746 (time=238.73), 0.00638316 s/step
field decay(t = 240.12): 1.3204166935795553e-05 / 4.519482080348087e-05 = 0.29216106405667125
on time step 48373 (time=241.865), 0.00638161 s/step
on time step 49003 (time=245.015), 0.00635587 s/step
on time step 49630 (time=248.15), 0.00638488 s/step
field decay(t = 250.125): 1.1829743476026522e-05 / 4.519482080348087e-05 = 0.261749980765836
on time step 50258 (time=251.29), 0.00637631 s/step
on time step 50886 (time=254.43), 0.00637766 s/step
on time step 51526 (time=257.63), 0.00625402 s/step
field decay(t = 260.13): 1.0257513310093346e-05 / 4.519482080348087e-05 = 0.22696214140765705
on time step 52174 (time=260.87), 0.00617576 s/step
on time step 52822 (time=264.11), 0.00617386 s/step
on time step 53471 (time=267.355), 0.00616929 s/step
field decay(t = 270.135): 9.150048362126697e-06 / 4.519482080348087e-05 = 0.20245789671151804
on time step 54120 (time=270.6), 0.00616543 s/step
on time step 54773 (time=273.865), 0.00613377 s/step
on time step 55427 (time=277.135), 0.00612348 s/step
field decay(t = 280.14): 8.047783500481885e-06 / 4.519482080348087e-05 = 0.17806871135690067
on time step 56073 (time=280.365), 0.00619604 s/step
on time step 56720 (time=283.6), 0.00618242 s/step
on time step 57372 (time=286.86), 0.00613722 s/step
on time step 58025 (time=290.125), 0.00613108 s/step
field decay(t = 290.145): 6.624566234807393e-06 / 4.519482080348087e-05 = 0.1465779953772308
on time step 58675 (time=293.375), 0.00616093 s/step
on time step 59327 (time=296.635), 0.00614271 s/step
on time step 59979 (time=299.895), 0.00613554 s/step
field decay(t = 300.15000000000003): 5.558323223602695e-06 / 4.519482080348087e-05 = 0.12298584494386573
on time step 60631 (time=303.155), 0.00613996 s/step
on time step 61284 (time=306.42), 0.00612787 s/step
on time step 61936 (time=309.68), 0.00614268 s/step
field decay(t = 310.15500000000003): 5.272185582006432e-06 / 4.519482080348087e-05 = 0.11665464069281967
on time step 62588 (time=312.94), 0.00614203 s/step
on time step 63241 (time=316.205), 0.00613021 s/step
on time step 63893 (time=319.465), 0.00614335 s/step
field decay(t = 320.16): 5.427228457949984e-06 / 4.519482080348087e-05 = 0.12008518590103545
on time step 64545 (time=322.725), 0.00614215 s/step
on time step 65194 (time=325.97), 0.00617145 s/step
on time step 65843 (time=329.215), 0.00616596 s/step
field decay(t = 330.165): 8.43163319560574e-06 / 4.519482080348087e-05 = 0.18656193443644192
on time step 66489 (time=332.445), 0.00619524 s/step
on time step 67137 (time=335.685), 0.00617365 s/step
on time step 67789 (time=338.945), 0.00613805 s/step
field decay(t = 340.17): 9.537008775552769e-06 / 4.519482080348087e-05 = 0.2110199488791476
on time step 68443 (time=342.215), 0.00612346 s/step
on time step 69091 (time=345.455), 0.00618104 s/step
on time step 69741 (time=348.705), 0.00615592 s/step
field decay(t = 350.175): 5.731492532553673e-06 / 4.519482080348087e-05 = 0.12681746338758
on time step 70395 (time=351.975), 0.00612517 s/step
on time step 71048 (time=355.24), 0.0061342 s/step
on time step 71698 (time=358.49), 0.00615936 s/step
field decay(t = 360.18): 1.0408339701533498e-06 / 4.519482080348087e-05 = 0.023029939087028876
on time step 72349 (time=361.745), 0.00615122 s/step
field decay(t = 370.185): 5.084750671020445e-09 / 4.519482080348087e-05 = 0.00011250737541653935
on time step 74061 (time=370.305), 0.00233651 s/step
field decay(t = 380.19): 2.6525281333565807e-13 / 4.519482080348087e-05 = 5.869097578438202e-09
run 1 finished at t = 380.19 (76038 timesteps)
N_F = 150
REPETITION = 1
EXECUTION_ORDER = 17
TERMINATION = common_field_decay
DECAY_BY = 0.0001
DECAY_CHECK_INTERVAL = 10.0
MINIMUM_RUN_TIME = 67.5
MAXIMUM_RUN_TIME = 2000.0
RUNTIME_SECONDS = 473.7420084579999
MEEP_TIME = 380.19
STEPS = 76038
TIME_PER_STEP_MS = 6.230332313553748
CAP_HIT = False
SOURCE_BUILD_SECONDS = 0.06710732099963934
ADJOINT_SOURCE_END_TIME = 364.3500061035156
CPU_AFFINITY = 8
PEAK_RSS_MB = 245.22265625
WAVELENGTHS_NM = 500 501.342282 502.684564 504.026846 505.369128 506.711409 508.053691 509.395973 510.738255 512.080537 513.422819 514.765101 516.107383 517.449664 518.791946 520.134228 521.47651 522.818792 524.161074 525.503356 526.845638 528.187919 529.530201 530.872483 532.214765 533.557047 534.899329 536.241611 537.583893 538.926174 540.268456 541.610738 542.95302 544.295302 545.637584 546.979866 548.322148 549.66443 551.006711 552.348993 553.691275 555.033557 556.375839 557.718121 559.060403 560.402685 561.744966 563.087248 564.42953 565.771812 567.114094 568.456376 569.798658 571.14094 572.483221 573.825503 575.167785 576.510067 577.852349 579.194631 580.536913 581.879195 583.221477 584.563758 585.90604 587.248322 588.590604 589.932886 591.275168 592.61745 593.959732 595.302013 596.644295 597.986577 599.328859 600.671141 602.013423 603.355705 604.697987 606.040268 607.38255 608.724832 610.067114 611.409396 612.751678 614.09396 615.436242 616.778523 618.120805 619.463087 620.805369 622.147651 623.489933 624.832215 626.174497 627.516779 628.85906 630.201342 631.543624 632.885906 634.228188 635.57047 636.912752 638.255034 639.597315 640.939597 642.281879 643.624161 644.966443 646.308725 647.651007 648.993289 650.33557 651.677852 653.020134 654.362416 655.704698 657.04698 658.389262 659.731544 661.073826 662.416107 663.758389 665.100671 666.442953 667.785235 669.127517 670.469799 671.812081 673.154362 674.496644 675.838926 677.181208 678.52349 679.865772 681.208054 682.550336 683.892617 685.234899 686.577181 687.919463 689.261745 690.604027 691.946309 693.288591 694.630872 695.973154 697.315436 698.657718 700
FD_ADJOINT_COMMON_SUMMARY_END
