FD_ADJOINT_COMMON_SUMMARY_BEGIN
Starting forward run...
-----------
Initializing structure...
time for choose_chunkdivision = 0.000231981 s
Working in 2D dimensions.
Computational cell is 6.6 x 5.4 x 0 with resolution 100
     block, center = (0,-1.65,0)
          size (5,0.2,0)
          axes (1,0,0), (0,1,0), (0,0,1)
time for set_epsilon = 0.197941 s
-----------
field decay(t = 10.005): 0.02764637052122116 / 0.02764637052122116 = 1.0
field decay(t = 20.01): 0.3082529391627392 / 0.3082529391627392 = 1.0
on time step 5970 (time=29.85), 0.000670046 s/step
field decay(t = 30.015): 5.783104334573195e-05 / 0.3082529391627392 = 0.00018760905736311763
field decay(t = 40.02): 5.4666095280480904e-06 / 0.3082529391627392 = 1.7734168384237353e-05
field decay(t = 50.025): 4.6382576465209883e-07 / 0.3082529391627392 = 1.504692107435921e-06
on time step 11939 (time=59.695), 0.000670194 s/step
field decay(t = 60.03): 5.2500065272769244e-08 / 0.3082529391627392 = 1.7031488950394836e-07
field decay(t = 70.035): 6.213486703206159e-09 / 0.3082529391627392 = 2.0157104487252943e-08
run 0 finished at t = 70.035 (14007 timesteps)
on time step 589 (time=2.945), 0.00679253 s/step
on time step 1199 (time=5.995), 0.00656052 s/step
on time step 1793 (time=8.965), 0.00673713 s/step
field decay(t = 10.005): 1.468715562255718e-07 / 1.468715562255718e-07 = 1.0
on time step 2351 (time=11.755), 0.00718343 s/step
on time step 2910 (time=14.55), 0.00715815 s/step
on time step 3479 (time=17.395), 0.00703475 s/step
field decay(t = 20.01): 4.421897282569925e-07 / 4.421897282569925e-07 = 1.0
on time step 4064 (time=20.32), 0.00684753 s/step
on time step 4649 (time=23.245), 0.00684616 s/step
on time step 5231 (time=26.155), 0.00687419 s/step
on time step 5812 (time=29.06), 0.00688533 s/step
field decay(t = 30.015): 5.720235789848881e-07 / 5.720235789848881e-07 = 1.0
on time step 6392 (time=31.96), 0.00690762 s/step
on time step 6959 (time=34.795), 0.00705847 s/step
on time step 7532 (time=37.66), 0.00698209 s/step
field decay(t = 40.02): 8.62777260621358e-07 / 8.62777260621358e-07 = 1.0
on time step 8100 (time=40.5), 0.00704884 s/step
on time step 8666 (time=43.33), 0.0070745 s/step
on time step 9235 (time=46.175), 0.00704025 s/step
on time step 9801 (time=49.005), 0.00706775 s/step
field decay(t = 50.025): 1.311003346620331e-06 / 1.311003346620331e-06 = 1.0
on time step 10365 (time=51.825), 0.00709334 s/step
on time step 10929 (time=54.645), 0.00710172 s/step
on time step 11497 (time=57.485), 0.00704605 s/step
field decay(t = 60.03): 1.9060777406966077e-06 / 1.9060777406966077e-06 = 1.0
on time step 12072 (time=60.36), 0.00696209 s/step
on time step 12645 (time=63.225), 0.00699073 s/step
on time step 13219 (time=66.095), 0.00697135 s/step
on time step 13798 (time=68.99), 0.00691697 s/step
field decay(t = 70.035): 2.545733039530508e-06 / 2.545733039530508e-06 = 1.0
on time step 14375 (time=71.875), 0.00694498 s/step
on time step 14951 (time=74.755), 0.00694958 s/step
on time step 15526 (time=77.63), 0.00696692 s/step
field decay(t = 80.04): 3.4812672853490706e-06 / 3.4812672853490706e-06 = 1.0
on time step 16102 (time=80.51), 0.00695429 s/step
on time step 16690 (time=83.45), 0.00681535 s/step
on time step 17270 (time=86.35), 0.00689975 s/step
on time step 17847 (time=89.235), 0.00693651 s/step
field decay(t = 90.045): 4.5613742399259674e-06 / 4.5613742399259674e-06 = 1.0
on time step 18425 (time=92.125), 0.0069239 s/step
on time step 19002 (time=95.01), 0.00694201 s/step
on time step 19576 (time=97.88), 0.00697209 s/step
field decay(t = 100.05): 5.953203227971909e-06 / 5.953203227971909e-06 = 1.0
on time step 20149 (time=100.745), 0.00698424 s/step
on time step 20725 (time=103.625), 0.00694806 s/step
on time step 21316 (time=106.58), 0.00677657 s/step
on time step 21899 (time=109.495), 0.00686377 s/step
field decay(t = 110.055): 7.253208973557902e-06 / 7.253208973557902e-06 = 1.0
on time step 22478 (time=112.39), 0.00691597 s/step
on time step 23057 (time=115.285), 0.00691862 s/step
on time step 23633 (time=118.165), 0.00694886 s/step
field decay(t = 120.06): 8.777909325682097e-06 / 8.777909325682097e-06 = 1.0
on time step 24210 (time=121.05), 0.00693346 s/step
on time step 24785 (time=123.925), 0.00696434 s/step
on time step 25364 (time=126.82), 0.00691553 s/step
on time step 25973 (time=129.865), 0.00657997 s/step
field decay(t = 130.065): 1.0719590095653014e-05 / 1.0719590095653014e-05 = 1.0
on time step 26596 (time=132.98), 0.00642482 s/step
on time step 27215 (time=136.075), 0.00646808 s/step
on time step 27832 (time=139.16), 0.00648663 s/step
field decay(t = 140.07): 1.3000491615509768e-05 / 1.3000491615509768e-05 = 1.0
on time step 28449 (time=142.245), 0.00648883 s/step
on time step 29064 (time=145.32), 0.00651204 s/step
on time step 29678 (time=148.39), 0.00651914 s/step
field decay(t = 150.07500000000002): 1.4851697372349438e-05 / 1.4851697372349438e-05 = 1.0
on time step 30291 (time=151.455), 0.00653412 s/step
on time step 30915 (time=154.575), 0.00641603 s/step
on time step 31539 (time=157.695), 0.00641568 s/step
field decay(t = 160.08): 2.050199012098826e-05 / 2.050199012098826e-05 = 1.0
on time step 32159 (time=160.795), 0.00645796 s/step
on time step 32778 (time=163.89), 0.00646853 s/step
on time step 33394 (time=166.97), 0.00650128 s/step
on time step 34011 (time=170.055), 0.00648453 s/step
field decay(t = 170.085): 3.2167463922352207e-05 / 3.2167463922352207e-05 = 1.0
on time step 34628 (time=173.14), 0.0064871 s/step
on time step 35240 (time=176.2), 0.00654367 s/step
on time step 35856 (time=179.28), 0.00649835 s/step
field decay(t = 180.09): 4.415302967232937e-05 / 4.415302967232937e-05 = 1.0
on time step 36471 (time=182.355), 0.00650609 s/step
on time step 37069 (time=185.345), 0.00668994 s/step
on time step 37675 (time=188.375), 0.00660779 s/step
field decay(t = 190.095): 4.519482080348087e-05 / 4.519482080348087e-05 = 1.0
on time step 38275 (time=191.375), 0.00667007 s/step
on time step 38872 (time=194.36), 0.00670022 s/step
on time step 39467 (time=197.335), 0.00672331 s/step
field decay(t = 200.1): 2.1462639773325424e-05 / 4.519482080348087e-05 = 0.4748915781003028
on time step 40068 (time=200.34), 0.00666125 s/step
on time step 40672 (time=203.36), 0.00663199 s/step
on time step 41283 (time=206.415), 0.00655195 s/step
on time step 41890 (time=209.45), 0.00659522 s/step
field decay(t = 210.10500000000002): 1.866834929497452e-05 / 4.519482080348087e-05 = 0.4130639078346937
on time step 42480 (time=212.4), 0.00678945 s/step
on time step 43095 (time=215.475), 0.00651018 s/step
on time step 43710 (time=218.55), 0.00651283 s/step
field decay(t = 220.11): 1.6140003544264435e-05 / 4.519482080348087e-05 = 0.3571206447403669
on time step 44325 (time=221.625), 0.0065087 s/step
on time step 44941 (time=224.705), 0.00649568 s/step
on time step 45555 (time=227.775), 0.00651902 s/step
field decay(t = 230.115): 1.4792962759298442e-05 / 4.519482080348087e-05 = 0.3273154422632228
on time step 46171 (time=230.855), 0.00649998 s/step
on time step 46785 (time=233.925), 0.00652216 s/step
on time step 47402 (time=237.01), 0.00648922 s/step
on time step 48023 (time=240.115), 0.00644862 s/step
field decay(t = 240.12): 1.3204166935795553e-05 / 4.519482080348087e-05 = 0.29216106405667125
on time step 48651 (time=243.255), 0.0063768 s/step
on time step 49274 (time=246.37), 0.00642915 s/step
on time step 49897 (time=249.485), 0.00642459 s/step
field decay(t = 250.125): 1.1829743476026522e-05 / 4.519482080348087e-05 = 0.261749980765836
on time step 50525 (time=252.625), 0.006376 s/step
on time step 51162 (time=255.81), 0.00628483 s/step
on time step 51808 (time=259.04), 0.00619442 s/step
field decay(t = 260.13): 1.0257513310093346e-05 / 4.519482080348087e-05 = 0.22696214140765705
on time step 52452 (time=262.26), 0.00621935 s/step
on time step 53093 (time=265.465), 0.00624525 s/step
on time step 53726 (time=268.63), 0.0063203 s/step
field decay(t = 270.135): 9.150048362126697e-06 / 4.519482080348087e-05 = 0.20245789671151804
on time step 54366 (time=271.83), 0.00625475 s/step
on time step 55000 (time=275), 0.00631377 s/step
on time step 55642 (time=278.21), 0.00623582 s/step
field decay(t = 280.14): 8.047783500481885e-06 / 4.519482080348087e-05 = 0.17806871135690067
on time step 56299 (time=281.495), 0.0060969 s/step
on time step 56947 (time=284.735), 0.00617776 s/step
on time step 57592 (time=287.96), 0.00620664 s/step
field decay(t = 290.145): 6.624566234807393e-06 / 4.519482080348087e-05 = 0.1465779953772308
on time step 58233 (time=291.165), 0.00624377 s/step
on time step 58865 (time=294.325), 0.00633754 s/step
on time step 59506 (time=297.53), 0.00624137 s/step
field decay(t = 300.15000000000003): 5.558323223602695e-06 / 4.519482080348087e-05 = 0.12298584494386573
on time step 60146 (time=300.73), 0.00625777 s/step
on time step 60787 (time=303.935), 0.00624735 s/step
on time step 61442 (time=307.21), 0.00611055 s/step
field decay(t = 310.15500000000003): 5.272185582006432e-06 / 4.519482080348087e-05 = 0.11665464069281967
on time step 62090 (time=310.45), 0.00617847 s/step
on time step 62732 (time=313.66), 0.00623295 s/step
on time step 63374 (time=316.87), 0.00623922 s/step
on time step 64013 (time=320.065), 0.00626685 s/step
field decay(t = 320.16): 5.427228457949984e-06 / 4.519482080348087e-05 = 0.12008518590103545
on time step 64651 (time=323.255), 0.0062761 s/step
on time step 65284 (time=326.42), 0.00632722 s/step
on time step 65926 (time=329.63), 0.0062386 s/step
field decay(t = 330.165): 8.43163319560574e-06 / 4.519482080348087e-05 = 0.18656193443644192
on time step 66577 (time=332.885), 0.0061456 s/step
on time step 67225 (time=336.125), 0.0061811 s/step
on time step 67867 (time=339.335), 0.00623375 s/step
field decay(t = 340.17): 9.537008775552769e-06 / 4.519482080348087e-05 = 0.2110199488791476
on time step 68507 (time=342.535), 0.00625931 s/step
on time step 69146 (time=345.73), 0.00626649 s/step
on time step 69785 (time=348.925), 0.00626443 s/step
field decay(t = 350.175): 5.731492532553673e-06 / 4.519482080348087e-05 = 0.12681746338758
on time step 70425 (time=352.125), 0.00625306 s/step
on time step 71065 (time=355.325), 0.00625407 s/step
on time step 71715 (time=358.575), 0.00616187 s/step
field decay(t = 360.18): 1.0408339701533498e-06 / 4.519482080348087e-05 = 0.023029939087028876
on time step 72361 (time=361.805), 0.00619383 s/step
field decay(t = 370.185): 5.084750671020445e-09 / 4.519482080348087e-05 = 0.00011250737541653935
on time step 74133 (time=370.665), 0.00225762 s/step
field decay(t = 380.19): 2.6525281333565807e-13 / 4.519482080348087e-05 = 5.869097578438202e-09
run 1 finished at t = 380.19 (76038 timesteps)
N_F = 150
REPETITION = 2
EXECUTION_ORDER = 36
TERMINATION = common_field_decay
DECAY_BY = 0.0001
DECAY_CHECK_INTERVAL = 10.0
MINIMUM_RUN_TIME = 67.5
MAXIMUM_RUN_TIME = 2000.0
RUNTIME_SECONDS = 481.7067653140002
MEEP_TIME = 380.19
STEPS = 76038
TIME_PER_STEP_MS = 6.335079372340148
CAP_HIT = False
SOURCE_BUILD_SECONDS = 0.06493568699988828
ADJOINT_SOURCE_END_TIME = 364.3500061035156
CPU_AFFINITY = 8
PEAK_RSS_MB = 245.6171875
WAVELENGTHS_NM = 500 501.342282 502.684564 504.026846 505.369128 506.711409 508.053691 509.395973 510.738255 512.080537 513.422819 514.765101 516.107383 517.449664 518.791946 520.134228 521.47651 522.818792 524.161074 525.503356 526.845638 528.187919 529.530201 530.872483 532.214765 533.557047 534.899329 536.241611 537.583893 538.926174 540.268456 541.610738 542.95302 544.295302 545.637584 546.979866 548.322148 549.66443 551.006711 552.348993 553.691275 555.033557 556.375839 557.718121 559.060403 560.402685 561.744966 563.087248 564.42953 565.771812 567.114094 568.456376 569.798658 571.14094 572.483221 573.825503 575.167785 576.510067 577.852349 579.194631 580.536913 581.879195 583.221477 584.563758 585.90604 587.248322 588.590604 589.932886 591.275168 592.61745 593.959732 595.302013 596.644295 597.986577 599.328859 600.671141 602.013423 603.355705 604.697987 606.040268 607.38255 608.724832 610.067114 611.409396 612.751678 614.09396 615.436242 616.778523 618.120805 619.463087 620.805369 622.147651 623.489933 624.832215 626.174497 627.516779 628.85906 630.201342 631.543624 632.885906 634.228188 635.57047 636.912752 638.255034 639.597315 640.939597 642.281879 643.624161 644.966443 646.308725 647.651007 648.993289 650.33557 651.677852 653.020134 654.362416 655.704698 657.04698 658.389262 659.731544 661.073826 662.416107 663.758389 665.100671 666.442953 667.785235 669.127517 670.469799 671.812081 673.154362 674.496644 675.838926 677.181208 678.52349 679.865772 681.208054 682.550336 683.892617 685.234899 686.577181 687.919463 689.261745 690.604027 691.946309 693.288591 694.630872 695.973154 697.315436 698.657718 700
FD_ADJOINT_COMMON_SUMMARY_END
