FD_ADJOINT_COMMON_SUMMARY_BEGIN
Starting forward run...
-----------
Initializing structure...
time for choose_chunkdivision = 0.000223875 s
Working in 2D dimensions.
Computational cell is 6.6 x 5.4 x 0 with resolution 100
     block, center = (0,-1.65,0)
          size (5,0.2,0)
          axes (1,0,0), (0,1,0), (0,0,1)
time for set_epsilon = 0.198078 s
-----------
field decay(t = 10.005): 0.02764637052122116 / 0.02764637052122116 = 1.0
field decay(t = 20.01): 0.3082529391627392 / 0.3082529391627392 = 1.0
on time step 5907 (time=29.535), 0.000677172 s/step
field decay(t = 30.015): 5.783104334573195e-05 / 0.3082529391627392 = 0.00018760905736311763
field decay(t = 40.02): 5.4666095280480904e-06 / 0.3082529391627392 = 1.7734168384237353e-05
field decay(t = 50.025): 4.6382576465209883e-07 / 0.3082529391627392 = 1.504692107435921e-06
on time step 11823 (time=59.115), 0.00067624 s/step
field decay(t = 60.03): 5.2500065272769244e-08 / 0.3082529391627392 = 1.7031488950394836e-07
field decay(t = 70.035): 6.213486703206159e-09 / 0.3082529391627392 = 2.0157104487252943e-08
run 0 finished at t = 70.035 (14007 timesteps)
on time step 595 (time=2.975), 0.00672925 s/step
on time step 1219 (time=6.095), 0.00641749 s/step
on time step 1826 (time=9.13), 0.00659365 s/step
field decay(t = 10.005): 1.468715562255718e-07 / 1.468715562255718e-07 = 1.0
on time step 2384 (time=11.92), 0.00717168 s/step
on time step 2941 (time=14.705), 0.00718604 s/step
on time step 3515 (time=17.575), 0.00697474 s/step
field decay(t = 20.01): 4.421897282569925e-07 / 4.421897282569925e-07 = 1.0
on time step 4105 (time=20.525), 0.00678491 s/step
on time step 4693 (time=23.465), 0.00681083 s/step
on time step 5281 (time=26.405), 0.00681138 s/step
on time step 5876 (time=29.38), 0.00672597 s/step
field decay(t = 30.015): 5.720235789848881e-07 / 5.720235789848881e-07 = 1.0
on time step 6474 (time=32.37), 0.00669461 s/step
on time step 7051 (time=35.255), 0.00693374 s/step
on time step 7625 (time=38.125), 0.0069704 s/step
field decay(t = 40.02): 8.62777260621358e-07 / 8.62777260621358e-07 = 1.0
on time step 8199 (time=40.995), 0.00696982 s/step
on time step 8771 (time=43.855), 0.00699337 s/step
on time step 9344 (time=46.72), 0.00698415 s/step
on time step 9916 (time=49.58), 0.00699372 s/step
field decay(t = 50.025): 1.311003346620331e-06 / 1.311003346620331e-06 = 1.0
on time step 10488 (time=52.44), 0.0069934 s/step
on time step 11073 (time=55.365), 0.00685142 s/step
on time step 11654 (time=58.27), 0.00688871 s/step
field decay(t = 60.03): 1.9060777406966077e-06 / 1.9060777406966077e-06 = 1.0
on time step 12232 (time=61.16), 0.00692424 s/step
on time step 12807 (time=64.035), 0.00696162 s/step
on time step 13389 (time=66.945), 0.00687317 s/step
on time step 13970 (time=69.85), 0.00688955 s/step
field decay(t = 70.035): 2.545733039530508e-06 / 2.545733039530508e-06 = 1.0
on time step 14552 (time=72.76), 0.00687413 s/step
on time step 15137 (time=75.685), 0.00685075 s/step
on time step 15732 (time=78.66), 0.00672716 s/step
field decay(t = 80.04): 3.4812672853490706e-06 / 3.4812672853490706e-06 = 1.0
on time step 16321 (time=81.605), 0.00679631 s/step
on time step 16907 (time=84.535), 0.0068323 s/step
on time step 17492 (time=87.46), 0.00684406 s/step
field decay(t = 90.045): 4.5613742399259674e-06 / 4.5613742399259674e-06 = 1.0
on time step 18075 (time=90.375), 0.00687498 s/step
on time step 18658 (time=93.29), 0.00686178 s/step
on time step 19241 (time=96.205), 0.00686418 s/step
on time step 19822 (time=99.11), 0.00689466 s/step
field decay(t = 100.05): 5.953203227971909e-06 / 5.953203227971909e-06 = 1.0
on time step 20418 (time=102.09), 0.00672054 s/step
on time step 21010 (time=105.05), 0.00676588 s/step
on time step 21599 (time=107.995), 0.00680172 s/step
field decay(t = 110.055): 7.253208973557902e-06 / 7.253208973557902e-06 = 1.0
on time step 22186 (time=110.93), 0.00682389 s/step
on time step 22770 (time=113.85), 0.00685305 s/step
on time step 23354 (time=116.77), 0.00685126 s/step
on time step 23938 (time=119.69), 0.00685425 s/step
field decay(t = 120.06): 8.777909325682097e-06 / 8.777909325682097e-06 = 1.0
on time step 24521 (time=122.605), 0.00686307 s/step
on time step 25118 (time=125.59), 0.00671436 s/step
on time step 25716 (time=128.58), 0.00669009 s/step
field decay(t = 130.065): 1.0719590095653014e-05 / 1.0719590095653014e-05 = 1.0
on time step 26343 (time=131.715), 0.00638014 s/step
on time step 26965 (time=134.825), 0.00643694 s/step
on time step 27583 (time=137.915), 0.00647664 s/step
field decay(t = 140.07): 1.3000491615509768e-05 / 1.3000491615509768e-05 = 1.0
on time step 28204 (time=141.02), 0.00645234 s/step
on time step 28824 (time=144.12), 0.0064584 s/step
on time step 29447 (time=147.235), 0.00642674 s/step
field decay(t = 150.07500000000002): 1.4851697372349438e-05 / 1.4851697372349438e-05 = 1.0
on time step 30082 (time=150.41), 0.00630742 s/step
on time step 30717 (time=153.585), 0.00630109 s/step
on time step 31345 (time=156.725), 0.00637028 s/step
on time step 31969 (time=159.845), 0.00641123 s/step
field decay(t = 160.08): 2.050199012098826e-05 / 2.050199012098826e-05 = 1.0
on time step 32594 (time=162.97), 0.00640111 s/step
on time step 33218 (time=166.09), 0.00641605 s/step
on time step 33842 (time=169.21), 0.00641299 s/step
field decay(t = 170.085): 3.2167463922352207e-05 / 3.2167463922352207e-05 = 1.0
on time step 34466 (time=172.33), 0.00641411 s/step
on time step 35101 (time=175.505), 0.00629936 s/step
on time step 35730 (time=178.65), 0.00636174 s/step
field decay(t = 180.09): 4.415302967232937e-05 / 4.415302967232937e-05 = 1.0
on time step 36360 (time=181.8), 0.00636181 s/step
on time step 36988 (time=184.94), 0.00636992 s/step
on time step 37612 (time=188.06), 0.00641056 s/step
field decay(t = 190.095): 4.519482080348087e-05 / 4.519482080348087e-05 = 1.0
on time step 38235 (time=191.175), 0.00642104 s/step
on time step 38858 (time=194.29), 0.00642192 s/step
on time step 39482 (time=197.41), 0.00641256 s/step
field decay(t = 200.1): 2.1462639773325424e-05 / 4.519482080348087e-05 = 0.4748915781003028
on time step 40112 (time=200.56), 0.00635593 s/step
on time step 40749 (time=203.745), 0.00628179 s/step
on time step 41378 (time=206.89), 0.00636038 s/step
on time step 42003 (time=210.015), 0.00640453 s/step
field decay(t = 210.10500000000002): 1.866834929497452e-05 / 4.519482080348087e-05 = 0.4130639078346937
on time step 42625 (time=213.125), 0.00643643 s/step
on time step 43247 (time=216.235), 0.00643167 s/step
on time step 43869 (time=219.345), 0.00643807 s/step
field decay(t = 220.11): 1.6140003544264435e-05 / 4.519482080348087e-05 = 0.3571206447403669
on time step 44491 (time=222.455), 0.00644067 s/step
on time step 45123 (time=225.615), 0.00633681 s/step
on time step 45761 (time=228.805), 0.00627647 s/step
field decay(t = 230.115): 1.4792962759298442e-05 / 4.519482080348087e-05 = 0.3273154422632228
on time step 46391 (time=231.955), 0.00635632 s/step
on time step 47019 (time=235.095), 0.00637297 s/step
on time step 47644 (time=238.22), 0.0064018 s/step
field decay(t = 240.12): 1.3204166935795553e-05 / 4.519482080348087e-05 = 0.29216106405667125
on time step 48262 (time=241.31), 0.00647306 s/step
on time step 48881 (time=244.405), 0.00646608 s/step
on time step 49502 (time=247.51), 0.00644329 s/step
field decay(t = 250.125): 1.1829743476026522e-05 / 4.519482080348087e-05 = 0.261749980765836
on time step 50127 (time=250.635), 0.0064092 s/step
on time step 50766 (time=253.83), 0.00627283 s/step
on time step 51407 (time=257.035), 0.00624829 s/step
field decay(t = 260.13): 1.0257513310093346e-05 / 4.519482080348087e-05 = 0.22696214140765705
on time step 52057 (time=260.285), 0.00616086 s/step
on time step 52705 (time=263.525), 0.00617487 s/step
on time step 53351 (time=266.755), 0.00619577 s/step
on time step 53994 (time=269.97), 0.00622198 s/step
field decay(t = 270.135): 9.150048362126697e-06 / 4.519482080348087e-05 = 0.20245789671151804
on time step 54638 (time=273.19), 0.00621709 s/step
on time step 55288 (time=276.44), 0.00615828 s/step
on time step 55949 (time=279.745), 0.00605709 s/step
field decay(t = 280.14): 8.047783500481885e-06 / 4.519482080348087e-05 = 0.17806871135690067
on time step 56604 (time=283.02), 0.00610952 s/step
on time step 57255 (time=286.275), 0.00615255 s/step
on time step 57901 (time=289.505), 0.00619771 s/step
field decay(t = 290.145): 6.624566234807393e-06 / 4.519482080348087e-05 = 0.1465779953772308
on time step 58543 (time=292.715), 0.00623269 s/step
on time step 59185 (time=295.925), 0.00623149 s/step
on time step 59827 (time=299.135), 0.00623665 s/step
field decay(t = 300.15000000000003): 5.558323223602695e-06 / 4.519482080348087e-05 = 0.12298584494386573
on time step 60471 (time=302.355), 0.00621264 s/step
on time step 61135 (time=305.675), 0.00603025 s/step
on time step 61793 (time=308.965), 0.00608688 s/step
field decay(t = 310.15500000000003): 5.272185582006432e-06 / 4.519482080348087e-05 = 0.11665464069281967
on time step 62444 (time=312.22), 0.00614854 s/step
on time step 63092 (time=315.46), 0.00617303 s/step
on time step 63734 (time=318.67), 0.00623112 s/step
field decay(t = 320.16): 5.427228457949984e-06 / 4.519482080348087e-05 = 0.12008518590103545
on time step 64377 (time=321.885), 0.00622936 s/step
on time step 65021 (time=325.105), 0.00621661 s/step
on time step 65663 (time=328.315), 0.00623913 s/step
field decay(t = 330.165): 8.43163319560574e-06 / 4.519482080348087e-05 = 0.18656193443644192
on time step 66324 (time=331.62), 0.00605597 s/step
on time step 66980 (time=334.9), 0.00610284 s/step
on time step 67631 (time=338.155), 0.00614662 s/step
field decay(t = 340.17): 9.537008775552769e-06 / 4.519482080348087e-05 = 0.2110199488791476
on time step 68279 (time=341.395), 0.00617332 s/step
on time step 68925 (time=344.625), 0.00619272 s/step
on time step 69571 (time=347.855), 0.00620056 s/step
field decay(t = 350.175): 5.731492532553673e-06 / 4.519482080348087e-05 = 0.12681746338758
on time step 70215 (time=351.075), 0.00621497 s/step
on time step 70861 (time=354.305), 0.00619261 s/step
on time step 71523 (time=357.615), 0.00604743 s/step
field decay(t = 360.18): 1.0408339701533498e-06 / 4.519482080348087e-05 = 0.023029939087028876
on time step 72184 (time=360.92), 0.00605389 s/step
on time step 72836 (time=364.18), 0.00613792 s/step
field decay(t = 370.185): 5.084750671020445e-09 / 4.519482080348087e-05 = 0.00011250737541653935
field decay(t = 380.19): 2.6525281333565807e-13 / 4.519482080348087e-05 = 5.869097578438202e-09
run 1 finished at t = 380.19 (76038 timesteps)
N_F = 150
REPETITION = 3
EXECUTION_ORDER = 53
TERMINATION = common_field_decay
DECAY_BY = 0.0001
DECAY_CHECK_INTERVAL = 10.0
MINIMUM_RUN_TIME = 67.5
MAXIMUM_RUN_TIME = 2000.0
RUNTIME_SECONDS = 474.68711940699905
MEEP_TIME = 380.19
STEPS = 76038
TIME_PER_STEP_MS = 6.242761769207489
CAP_HIT = False
SOURCE_BUILD_SECONDS = 0.06512180100071419
ADJOINT_SOURCE_END_TIME = 364.3500061035156
CPU_AFFINITY = 8
PEAK_RSS_MB = 245.359375
WAVELENGTHS_NM = 500 501.342282 502.684564 504.026846 505.369128 506.711409 508.053691 509.395973 510.738255 512.080537 513.422819 514.765101 516.107383 517.449664 518.791946 520.134228 521.47651 522.818792 524.161074 525.503356 526.845638 528.187919 529.530201 530.872483 532.214765 533.557047 534.899329 536.241611 537.583893 538.926174 540.268456 541.610738 542.95302 544.295302 545.637584 546.979866 548.322148 549.66443 551.006711 552.348993 553.691275 555.033557 556.375839 557.718121 559.060403 560.402685 561.744966 563.087248 564.42953 565.771812 567.114094 568.456376 569.798658 571.14094 572.483221 573.825503 575.167785 576.510067 577.852349 579.194631 580.536913 581.879195 583.221477 584.563758 585.90604 587.248322 588.590604 589.932886 591.275168 592.61745 593.959732 595.302013 596.644295 597.986577 599.328859 600.671141 602.013423 603.355705 604.697987 606.040268 607.38255 608.724832 610.067114 611.409396 612.751678 614.09396 615.436242 616.778523 618.120805 619.463087 620.805369 622.147651 623.489933 624.832215 626.174497 627.516779 628.85906 630.201342 631.543624 632.885906 634.228188 635.57047 636.912752 638.255034 639.597315 640.939597 642.281879 643.624161 644.966443 646.308725 647.651007 648.993289 650.33557 651.677852 653.020134 654.362416 655.704698 657.04698 658.389262 659.731544 661.073826 662.416107 663.758389 665.100671 666.442953 667.785235 669.127517 670.469799 671.812081 673.154362 674.496644 675.838926 677.181208 678.52349 679.865772 681.208054 682.550336 683.892617 685.234899 686.577181 687.919463 689.261745 690.604027 691.946309 693.288591 694.630872 695.973154 697.315436 698.657718 700
FD_ADJOINT_COMMON_SUMMARY_END
