FD_ADJOINT_COMMON_SUMMARY_BEGIN
Starting forward run...
-----------
Initializing structure...
time for choose_chunkdivision = 0.000212908 s
Working in 2D dimensions.
Computational cell is 6.6 x 5.4 x 0 with resolution 100
     block, center = (0,-1.65,0)
          size (5,0.2,0)
          axes (1,0,0), (0,1,0), (0,0,1)
time for set_epsilon = 0.193675 s
-----------
field decay(t = 10.005): 0.02764637052122116 / 0.02764637052122116 = 1.0
field decay(t = 20.01): 0.3082529391627392 / 0.3082529391627392 = 1.0
field decay(t = 30.015): 5.783104334573195e-05 / 0.3082529391627392 = 0.00018760905736311763
on time step 6110 (time=30.55), 0.00065479 s/step
field decay(t = 40.02): 5.4666095280480904e-06 / 0.3082529391627392 = 1.7734168384237353e-05
field decay(t = 50.025): 4.6382576465209883e-07 / 0.3082529391627392 = 1.504692107435921e-06
field decay(t = 60.03): 5.2500065272769244e-08 / 0.3082529391627392 = 1.7031488950394836e-07
on time step 12195 (time=60.975), 0.00065744 s/step
field decay(t = 70.035): 6.213486703206159e-09 / 0.3082529391627392 = 2.0157104487252943e-08
run 0 finished at t = 70.035 (14007 timesteps)
on time step 595 (time=2.975), 0.00673618 s/step
on time step 1210 (time=6.05), 0.00651035 s/step
on time step 1806 (time=9.03), 0.00671961 s/step
field decay(t = 10.005): 1.468715562255718e-07 / 1.468715562255718e-07 = 1.0
on time step 2357 (time=11.785), 0.00727003 s/step
on time step 2908 (time=14.54), 0.00726177 s/step
on time step 3487 (time=17.435), 0.00691816 s/step
field decay(t = 20.01): 4.421897282569925e-07 / 4.421897282569925e-07 = 1.0
on time step 4081 (time=20.405), 0.00674211 s/step
on time step 4672 (time=23.36), 0.0067778 s/step
on time step 5256 (time=26.28), 0.00685632 s/step
on time step 5840 (time=29.2), 0.00685724 s/step
field decay(t = 30.015): 5.720235789848881e-07 / 5.720235789848881e-07 = 1.0
on time step 6423 (time=32.115), 0.00687251 s/step
on time step 6989 (time=34.945), 0.00707894 s/step
on time step 7553 (time=37.765), 0.00709982 s/step
field decay(t = 40.02): 8.62777260621358e-07 / 8.62777260621358e-07 = 1.0
on time step 8130 (time=40.65), 0.0069427 s/step
on time step 8712 (time=43.56), 0.00687544 s/step
on time step 9286 (time=46.43), 0.00697001 s/step
on time step 9858 (time=49.29), 0.00700371 s/step
field decay(t = 50.025): 1.311003346620331e-06 / 1.311003346620331e-06 = 1.0
on time step 10426 (time=52.13), 0.00705681 s/step
on time step 10995 (time=54.975), 0.00704091 s/step
on time step 11563 (time=57.815), 0.00704927 s/step
field decay(t = 60.03): 1.9060777406966077e-06 / 1.9060777406966077e-06 = 1.0
on time step 12129 (time=60.645), 0.00706957 s/step
on time step 12709 (time=63.545), 0.00690537 s/step
on time step 13299 (time=66.495), 0.00678438 s/step
on time step 13884 (time=69.42), 0.00684532 s/step
field decay(t = 70.035): 2.545733039530508e-06 / 2.545733039530508e-06 = 1.0
on time step 14466 (time=72.33), 0.0068828 s/step
on time step 15046 (time=75.23), 0.00690706 s/step
on time step 15622 (time=78.11), 0.00695038 s/step
field decay(t = 80.04): 3.4812672853490706e-06 / 3.4812672853490706e-06 = 1.0
on time step 16197 (time=80.985), 0.00696444 s/step
on time step 16773 (time=83.865), 0.00694468 s/step
on time step 17353 (time=86.765), 0.00689826 s/step
on time step 17943 (time=89.715), 0.00678186 s/step
field decay(t = 90.045): 4.5613742399259674e-06 / 4.5613742399259674e-06 = 1.0
on time step 18528 (time=92.64), 0.00684494 s/step
on time step 19109 (time=95.545), 0.00688773 s/step
on time step 19688 (time=98.44), 0.00691438 s/step
field decay(t = 100.05): 5.953203227971909e-06 / 5.953203227971909e-06 = 1.0
on time step 20265 (time=101.325), 0.00693742 s/step
on time step 20841 (time=104.205), 0.00695397 s/step
on time step 21419 (time=107.095), 0.00692306 s/step
on time step 22005 (time=110.025), 0.00683501 s/step
field decay(t = 110.055): 7.253208973557902e-06 / 7.253208973557902e-06 = 1.0
on time step 22600 (time=113), 0.0067322 s/step
on time step 23187 (time=115.935), 0.0068288 s/step
on time step 23770 (time=118.85), 0.00686313 s/step
field decay(t = 120.06): 8.777909325682097e-06 / 8.777909325682097e-06 = 1.0
on time step 24344 (time=121.72), 0.00697033 s/step
on time step 24922 (time=124.61), 0.00692623 s/step
on time step 25497 (time=127.485), 0.00696275 s/step
field decay(t = 130.065): 1.0719590095653014e-05 / 1.0719590095653014e-05 = 1.0
on time step 26104 (time=130.52), 0.00659602 s/step
on time step 26721 (time=133.605), 0.00648534 s/step
on time step 27356 (time=136.78), 0.00630626 s/step
on time step 27983 (time=139.915), 0.0063847 s/step
field decay(t = 140.07): 1.3000491615509768e-05 / 1.3000491615509768e-05 = 1.0
on time step 28604 (time=143.02), 0.00644987 s/step
on time step 29224 (time=146.12), 0.00646134 s/step
on time step 29841 (time=149.205), 0.00649577 s/step
field decay(t = 150.07500000000002): 1.4851697372349438e-05 / 1.4851697372349438e-05 = 1.0
on time step 30454 (time=152.27), 0.00653892 s/step
on time step 31070 (time=155.35), 0.00650038 s/step
on time step 31684 (time=158.42), 0.00651481 s/step
field decay(t = 160.08): 2.050199012098826e-05 / 2.050199012098826e-05 = 1.0
on time step 32319 (time=161.595), 0.00629977 s/step
on time step 32947 (time=164.735), 0.00637629 s/step
on time step 33570 (time=167.85), 0.00642106 s/step
field decay(t = 170.085): 3.2167463922352207e-05 / 3.2167463922352207e-05 = 1.0
on time step 34190 (time=170.95), 0.00645276 s/step
on time step 34810 (time=174.05), 0.00646311 s/step
on time step 35429 (time=177.145), 0.00647018 s/step
field decay(t = 180.09): 4.415302967232937e-05 / 4.415302967232937e-05 = 1.0
on time step 36045 (time=180.225), 0.0064959 s/step
on time step 36663 (time=183.315), 0.00647369 s/step
on time step 37299 (time=186.495), 0.00629821 s/step
on time step 37930 (time=189.65), 0.00634028 s/step
field decay(t = 190.095): 4.519482080348087e-05 / 4.519482080348087e-05 = 1.0
on time step 38556 (time=192.78), 0.00639494 s/step
on time step 39176 (time=195.88), 0.00645682 s/step
on time step 39791 (time=198.955), 0.00651534 s/step
field decay(t = 200.1): 2.1462639773325424e-05 / 4.519482080348087e-05 = 0.4748915781003028
on time step 40408 (time=202.04), 0.00649207 s/step
on time step 41026 (time=205.13), 0.00647494 s/step
on time step 41641 (time=208.205), 0.00650738 s/step
field decay(t = 210.10500000000002): 1.866834929497452e-05 / 4.519482080348087e-05 = 0.4130639078346937
on time step 42274 (time=211.37), 0.00632014 s/step
on time step 42903 (time=214.515), 0.00636239 s/step
on time step 43528 (time=217.64), 0.00640507 s/step
field decay(t = 220.11): 1.6140003544264435e-05 / 4.519482080348087e-05 = 0.3571206447403669
on time step 44149 (time=220.745), 0.00644232 s/step
on time step 44769 (time=223.845), 0.00646022 s/step
on time step 45385 (time=226.925), 0.00650128 s/step
on time step 46001 (time=230.005), 0.00649698 s/step
field decay(t = 230.115): 1.4792962759298442e-05 / 4.519482080348087e-05 = 0.3273154422632228
on time step 46617 (time=233.085), 0.00649997 s/step
on time step 47247 (time=236.235), 0.00635905 s/step
on time step 47879 (time=239.395), 0.00633652 s/step
field decay(t = 240.12): 1.3204166935795553e-05 / 4.519482080348087e-05 = 0.29216106405667125
on time step 48504 (time=242.52), 0.00640926 s/step
on time step 49121 (time=245.605), 0.00648722 s/step
on time step 49740 (time=248.7), 0.0064707 s/step
field decay(t = 250.125): 1.1829743476026522e-05 / 4.519482080348087e-05 = 0.261749980765836
on time step 50357 (time=251.785), 0.00648494 s/step
on time step 50975 (time=254.875), 0.0064812 s/step
on time step 51607 (time=258.035), 0.00633973 s/step
field decay(t = 260.13): 1.0257513310093346e-05 / 4.519482080348087e-05 = 0.22696214140765705
on time step 52261 (time=261.305), 0.00612443 s/step
on time step 52913 (time=264.565), 0.00613896 s/step
on time step 53559 (time=267.795), 0.00619776 s/step
field decay(t = 270.135): 9.150048362126697e-06 / 4.519482080348087e-05 = 0.20245789671151804
on time step 54204 (time=271.02), 0.00620986 s/step
on time step 54846 (time=274.23), 0.00623583 s/step
on time step 55487 (time=277.435), 0.0062447 s/step
field decay(t = 280.14): 8.047783500481885e-06 / 4.519482080348087e-05 = 0.17806871135690067
on time step 56125 (time=280.625), 0.00627149 s/step
on time step 56764 (time=283.82), 0.00626219 s/step
on time step 57412 (time=287.06), 0.00617903 s/step
field decay(t = 290.145): 6.624566234807393e-06 / 4.519482080348087e-05 = 0.1465779953772308
on time step 58066 (time=290.33), 0.00612414 s/step
on time step 58714 (time=293.57), 0.0061801 s/step
on time step 59355 (time=296.775), 0.00624492 s/step
on time step 59995 (time=299.975), 0.00625615 s/step
field decay(t = 300.15000000000003): 5.558323223602695e-06 / 4.519482080348087e-05 = 0.12298584494386573
on time step 60634 (time=303.17), 0.00626901 s/step
on time step 61273 (time=306.365), 0.00626329 s/step
on time step 61912 (time=309.56), 0.00626274 s/step
field decay(t = 310.15500000000003): 5.272185582006432e-06 / 4.519482080348087e-05 = 0.11665464069281967
on time step 62560 (time=312.8), 0.00617776 s/step
on time step 63216 (time=316.08), 0.00610038 s/step
on time step 63863 (time=319.315), 0.00618512 s/step
field decay(t = 320.16): 5.427228457949984e-06 / 4.519482080348087e-05 = 0.12008518590103545
on time step 64507 (time=322.535), 0.00621533 s/step
on time step 65150 (time=325.75), 0.00622568 s/step
on time step 65791 (time=328.955), 0.0062473 s/step
field decay(t = 330.165): 8.43163319560574e-06 / 4.519482080348087e-05 = 0.18656193443644192
on time step 66430 (time=332.15), 0.00626515 s/step
on time step 67070 (time=335.35), 0.00625749 s/step
on time step 67711 (time=338.555), 0.00624858 s/step
field decay(t = 340.17): 9.537008775552769e-06 / 4.519482080348087e-05 = 0.2110199488791476
on time step 68369 (time=341.845), 0.00607968 s/step
on time step 69016 (time=345.08), 0.00618633 s/step
on time step 69659 (time=348.295), 0.00622741 s/step
field decay(t = 350.175): 5.731492532553673e-06 / 4.519482080348087e-05 = 0.12681746338758
on time step 70304 (time=351.52), 0.00620688 s/step
on time step 70946 (time=354.73), 0.00623698 s/step
on time step 71587 (time=357.935), 0.00624416 s/step
field decay(t = 360.18): 1.0408339701533498e-06 / 4.519482080348087e-05 = 0.023029939087028876
on time step 72226 (time=361.13), 0.00626914 s/step
on time step 72869 (time=364.345), 0.00622118 s/step
field decay(t = 370.185): 5.084750671020445e-09 / 4.519482080348087e-05 = 0.00011250737541653935
field decay(t = 380.19): 2.6525281333565807e-13 / 4.519482080348087e-05 = 5.869097578438202e-09
run 1 finished at t = 380.19 (76038 timesteps)
N_F = 150
REPETITION = 4
EXECUTION_ORDER = 72
TERMINATION = common_field_decay
DECAY_BY = 0.0001
DECAY_CHECK_INTERVAL = 10.0
MINIMUM_RUN_TIME = 67.5
MAXIMUM_RUN_TIME = 2000.0
RUNTIME_SECONDS = 478.53879047600094
MEEP_TIME = 380.19
STEPS = 76038
TIME_PER_STEP_MS = 6.293416324416752
CAP_HIT = False
SOURCE_BUILD_SECONDS = 0.06520756300051289
ADJOINT_SOURCE_END_TIME = 364.3500061035156
CPU_AFFINITY = 8
PEAK_RSS_MB = 245.1796875
WAVELENGTHS_NM = 500 501.342282 502.684564 504.026846 505.369128 506.711409 508.053691 509.395973 510.738255 512.080537 513.422819 514.765101 516.107383 517.449664 518.791946 520.134228 521.47651 522.818792 524.161074 525.503356 526.845638 528.187919 529.530201 530.872483 532.214765 533.557047 534.899329 536.241611 537.583893 538.926174 540.268456 541.610738 542.95302 544.295302 545.637584 546.979866 548.322148 549.66443 551.006711 552.348993 553.691275 555.033557 556.375839 557.718121 559.060403 560.402685 561.744966 563.087248 564.42953 565.771812 567.114094 568.456376 569.798658 571.14094 572.483221 573.825503 575.167785 576.510067 577.852349 579.194631 580.536913 581.879195 583.221477 584.563758 585.90604 587.248322 588.590604 589.932886 591.275168 592.61745 593.959732 595.302013 596.644295 597.986577 599.328859 600.671141 602.013423 603.355705 604.697987 606.040268 607.38255 608.724832 610.067114 611.409396 612.751678 614.09396 615.436242 616.778523 618.120805 619.463087 620.805369 622.147651 623.489933 624.832215 626.174497 627.516779 628.85906 630.201342 631.543624 632.885906 634.228188 635.57047 636.912752 638.255034 639.597315 640.939597 642.281879 643.624161 644.966443 646.308725 647.651007 648.993289 650.33557 651.677852 653.020134 654.362416 655.704698 657.04698 658.389262 659.731544 661.073826 662.416107 663.758389 665.100671 666.442953 667.785235 669.127517 670.469799 671.812081 673.154362 674.496644 675.838926 677.181208 678.52349 679.865772 681.208054 682.550336 683.892617 685.234899 686.577181 687.919463 689.261745 690.604027 691.946309 693.288591 694.630872 695.973154 697.315436 698.657718 700
FD_ADJOINT_COMMON_SUMMARY_END
