THREEWAY_FORWARD_SUMMARY_BEGIN
-----------
Initializing structure...
time for choose_chunkdivision = 0.000219107 s
Working in 2D dimensions.
Computational cell is 6.6 x 5.4 x 0 with resolution 100
     block, center = (0,-1.65,0)
          size (5,0.2,0)
          axes (1,0,0), (0,1,0), (0,0,1)
time for set_epsilon = 0.19821 s
-----------
field decay(t = 10.005): 0.02764637052122116 / 0.02764637052122116 = 1.0
field decay(t = 20.01): 0.3082529391627392 / 0.3082529391627392 = 1.0
field decay(t = 30.015): 5.783104334573195e-05 / 0.3082529391627392 = 0.00018760905736311763
on time step 6192 (time=30.96), 0.000646023 s/step
field decay(t = 40.02): 5.4666095280480904e-06 / 0.3082529391627392 = 1.7734168384237353e-05
field decay(t = 50.025): 4.6382576465209883e-07 / 0.3082529391627392 = 1.504692107435921e-06
field decay(t = 60.03): 5.2500065272769244e-08 / 0.3082529391627392 = 1.7031488950394836e-07
on time step 12413 (time=62.065), 0.000643042 s/step
field decay(t = 70.035): 6.213486703206159e-09 / 0.3082529391627392 = 2.0157104487252943e-08
run 0 finished at t = 70.035 (14007 timesteps)
CONDITION = fd_nf2
METHOD = FD Nf=2
RUNTIME_SECONDS = 9.240111670999795
STEPS = 14007
TIME_PER_STEP_MS = 0.6596781374312697
FIELD_SAMPLES = 0
OBJECTIVE = 0.8767395561677629
PEAK_RSS_MB = 151.4609375
CPU_AFFINITY = 8
REPETITION = 4
EXECUTION_ORDER = 11
TERMINATION = common_field_decay
THREEWAY_FORWARD_SUMMARY_END
