-----------
Initializing structure...
time for choose_chunkdivision = 0.000208139 s
Working in 2D dimensions.
Computational cell is 6.6 x 5.4 x 0 with resolution 100
     block, center = (0,-1.65,0)
          size (5,0.2,0)
          axes (1,0,0), (0,1,0), (0,0,1)
time for set_epsilon = 0.198248 s
-----------
field decay(t = 10.005): 0.02764637052122116 / 0.02764637052122116 = 1.0
field decay(t = 20.01): 0.3082529391627392 / 0.3082529391627392 = 1.0
field decay(t = 30.015): 5.783104334573195e-05 / 0.3082529391627392 = 0.00018760905736311763
on time step 6225 (time=31.125), 0.000642583 s/step
field decay(t = 40.02): 5.4666095280480904e-06 / 0.3082529391627392 = 1.7734168384237353e-05
field decay(t = 50.025): 4.6382576465209883e-07 / 0.3082529391627392 = 1.504692107435921e-06
field decay(t = 60.03): 5.2500065272769244e-08 / 0.3082529391627392 = 1.7031488950394836e-07
on time step 12605 (time=63.025), 0.000627011 s/step
field decay(t = 70.035): 6.213486703206159e-09 / 0.3082529391627392 = 2.0157104487252943e-08
run 0 finished at t = 70.035 (14007 timesteps)
FD_FORWARD_NO_DFT_SUMMARY_BEGIN
BENCHMARK_PROFILE = fd_forward_no_dft_common_field_decay_min67p5
METHOD = FD_forward_no_DFT
N_F_LABEL = 150
REPETITION = 4
EXECUTION_ORDER = 36
RUNTIME_SECONDS = 9.088227728999982
TIME_PER_STEP_MS = 0.6488347061469253
MEEP_TIME = 70.035
MEEP_DT = 0.005
STEPS = 14007
DFT_OBJECTS_BEFORE_RUN = 0
DFT_OBJECTS_AFTER_RUN = 0
DFT_FREQUENCY_COUNT = 0
DFT_ACCUMULATORS = 0
OBJECTIVE_EVALUATED = False
INCIDENT_NORMALIZATION_COMPUTED = False
SOURCE_TYPE = GaussianSource
FORWARD_SOURCE_COUNT = 1
FORWARD_SOURCE_END_TIME = 17.5
POST_SOURCE_TIME = 52.535
TERMINATION = common_field_decay
DECAY_BY = 0.0001
DECAY_CHECK_INTERVAL = 10.0
DECAY_COMPONENT = Ez
DECAY_FOCUS_X = 0.0
DECAY_FOCUS_Y = 1.7800000000000002
DECAY_FOCUS_Z = 0.0
MINIMUM_RUN_TIME = 67.5
MAXIMUM_RUN_TIME = 2000.0
CAP_HIT = False
STOP_REASON = field_decay
CPU_AFFINITY = 8
NUM_THREADS = 1
NUM_MPI_RANKS = 1
PEAK_RSS_MB = 134.94921875
CPU_MODEL = AMD Ryzen 9 9950X 16-Core Processor
OPERATING_SYSTEM = Ubuntu 24.04.4 LTS
MEEP_VERSION = 1.30.0
PYMEEP_PACKAGE_VERSION = 1.30.1
PYMEEP_PACKAGE_BUILD = nompi_py39h9d793ab_103
PYTHON_VERSION = 3.9.23
WAVELENGTHS_NM_LABEL = 500 501.342282 502.684564 504.026846 505.369128 506.711409 508.053691 509.395973 510.738255 512.080537 513.422819 514.765101 516.107383 517.449664 518.791946 520.134228 521.47651 522.818792 524.161074 525.503356 526.845638 528.187919 529.530201 530.872483 532.214765 533.557047 534.899329 536.241611 537.583893 538.926174 540.268456 541.610738 542.95302 544.295302 545.637584 546.979866 548.322148 549.66443 551.006711 552.348993 553.691275 555.033557 556.375839 557.718121 559.060403 560.402685 561.744966 563.087248 564.42953 565.771812 567.114094 568.456376 569.798658 571.14094 572.483221 573.825503 575.167785 576.510067 577.852349 579.194631 580.536913 581.879195 583.221477 584.563758 585.90604 587.248322 588.590604 589.932886 591.275168 592.61745 593.959732 595.302013 596.644295 597.986577 599.328859 600.671141 602.013423 603.355705 604.697987 606.040268 607.38255 608.724832 610.067114 611.409396 612.751678 614.09396 615.436242 616.778523 618.120805 619.463087 620.805369 622.147651 623.489933 624.832215 626.174497 627.516779 628.85906 630.201342 631.543624 632.885906 634.228188 635.57047 636.912752 638.255034 639.597315 640.939597 642.281879 643.624161 644.966443 646.308725 647.651007 648.993289 650.33557 651.677852 653.020134 654.362416 655.704698 657.04698 658.389262 659.731544 661.073826 662.416107 663.758389 665.100671 666.442953 667.785235 669.127517 670.469799 671.812081 673.154362 674.496644 675.838926 677.181208 678.52349 679.865772 681.208054 682.550336 683.892617 685.234899 686.577181 687.919463 689.261745 690.604027 691.946309 693.288591 694.630872 695.973154 697.315436 698.657718 700
NOTES = Same geometry, material design, Gaussian source, CPU, and field-decay condition as the FD forward common-decay benchmark; all point and design-region DFT monitors, objective evaluation, and incident normalization are removed. N_F_LABEL does not alter the field solve.
FD_FORWARD_NO_DFT_SUMMARY_END
