TD_REPEAT_SUMMARY_BEGIN
-----------
Initializing structure...
time for choose_chunkdivision = 0.000219822 s
Working in 2D dimensions.
Computational cell is 6.6 x 5.4 x 0 with resolution 100
     block, center = (0,-1.65,0)
          size (5,0.2,0)
          axes (1,0,0), (0,1,0), (0,0,1)
time for set_epsilon = 0.197175 s
-----------
Meep progress: 29.605/67.5 = 43.9% done in 4.0s, 5.1s to go
on time step 5925 (time=29.625), 0.000675189 s/step
Meep progress: 59.230000000000004/67.5 = 87.7% done in 8.0s, 1.1s to go
on time step 11850 (time=59.25), 0.000675144 s/step
run 0 finished at t = 67.5 (13500 timesteps)
-----------
Initializing structure...
time for choose_chunkdivision = 0.000216007 s
Working in 2D dimensions.
Computational cell is 6.6 x 5.4 x 0 with resolution 100
     block, center = (0,-1.65,0)
          size (5,0.2,0)
          axes (1,0,0), (0,1,0), (0,0,1)
time for set_epsilon = 0.194024 s
-----------
Meep progress: 27.55/67.5 = 40.8% done in 4.0s, 5.8s to go
on time step 5513 (time=27.565), 0.000725686 s/step
Meep progress: 54.29/67.5 = 80.4% done in 8.0s, 1.9s to go
on time step 10861 (time=54.305), 0.000748012 s/step
run 0 finished at t = 67.5 (13500 timesteps)
METHOD = time-domain
TERMINATION = fixed
DECAY_BY = 0.0
MINIMUM_RUN_TIME = 67.5
MAXIMUM_RUN_TIME = 67.5
DECAY_CHECK_INTERVAL = 10.0
FORWARD_CAP_HIT = 0
AFTER_SOURCES_TIME_MEEP_UNITS = 50.0
SAMPLING_INTERVAL = 24
FOM = 0.24546866588755545
FORWARD_S = 9.306566824999663
ADJOINT_S = 10.146237099000246
EVAL_TOTAL_S = 19.45280392399991
ITERATION_TOTAL_S = 19.52965648600002
MAXRSS_MB = 183.76171875
NATIVE_SAMPLER_AVAILABLE = 1
DT = 0.005
FORWARD_ACTUAL_TIME_MEEP_UNITS = 67.5
ADJOINT_RUN_TIME_MEEP_UNITS = 67.5
FORWARD_STEPS = 13501
FORWARD_FIELD_SAMPLES = 563
ADJOINT_STEPS = 13501
ADJOINT_FIELD_SAMPLES = 563
GRAD_NORM = 0.03959545239815834
REPETITION = 5
EXECUTION_ORDER = 20
CPU_AFFINITY = 8
NUM_THREADS = 1
MACHINE_NAME = DESKTOP-T9UAKPN
PYTHON_VERSION = 3.9.23
TD_REPEAT_SUMMARY_END
