TD_REPEAT_SUMMARY_BEGIN
-----------
Initializing structure...
time for choose_chunkdivision = 0.000216961 s
Working in 2D dimensions.
Computational cell is 6.6 x 5.4 x 0 with resolution 100
     block, center = (0,-1.65,0)
          size (5,0.2,0)
          axes (1,0,0), (0,1,0), (0,0,1)
time for set_epsilon = 0.195744 s
-----------
Meep progress: 28.88/67.5 = 42.8% done in 4.0s, 5.3s to go
on time step 5779 (time=28.895), 0.000692202 s/step
Meep progress: 58.765/67.5 = 87.1% done in 8.0s, 1.2s to go
on time step 11756 (time=58.78), 0.00066933 s/step
run 0 finished at t = 67.5 (13500 timesteps)
-----------
Initializing structure...
time for choose_chunkdivision = 0.000216007 s
Working in 2D dimensions.
Computational cell is 6.6 x 5.4 x 0 with resolution 100
     block, center = (0,-1.65,0)
          size (5,0.2,0)
          axes (1,0,0), (0,1,0), (0,0,1)
time for set_epsilon = 0.193094 s
-----------
Meep progress: 27.905/67.5 = 41.3% done in 4.0s, 5.7s to go
on time step 5584 (time=27.92), 0.000716448 s/step
Meep progress: 55.595/67.5 = 82.4% done in 8.0s, 1.7s to go
on time step 11122 (time=55.61), 0.000722377 s/step
run 0 finished at t = 67.5 (13500 timesteps)
METHOD = time-domain
TERMINATION = fixed
DECAY_BY = 0.0
MINIMUM_RUN_TIME = 67.5
MAXIMUM_RUN_TIME = 67.5
DECAY_CHECK_INTERVAL = 10.0
FORWARD_CAP_HIT = 0
AFTER_SOURCES_TIME_MEEP_UNITS = 50.0
SAMPLING_INTERVAL = 24
FOM = 0.24546866588755545
FORWARD_S = 9.357645438999953
ADJOINT_S = 9.910026594999636
EVAL_TOTAL_S = 19.267672033999588
ITERATION_TOTAL_S = 19.341665022000143
MAXRSS_MB = 183.6171875
NATIVE_SAMPLER_AVAILABLE = 1
DT = 0.005
FORWARD_ACTUAL_TIME_MEEP_UNITS = 67.5
ADJOINT_RUN_TIME_MEEP_UNITS = 67.5
FORWARD_STEPS = 13501
FORWARD_FIELD_SAMPLES = 563
ADJOINT_STEPS = 13501
ADJOINT_FIELD_SAMPLES = 563
GRAD_NORM = 0.03959545239815834
REPETITION = 1
EXECUTION_ORDER = 4
CPU_AFFINITY = 8
NUM_THREADS = 1
MACHINE_NAME = DESKTOP-T9UAKPN
PYTHON_VERSION = 3.9.23
TD_REPEAT_SUMMARY_END
