TD_REPEAT_SUMMARY_BEGIN
-----------
Initializing structure...
time for choose_chunkdivision = 0.00022006 s
Working in 2D dimensions.
Computational cell is 6.6 x 5.4 x 0 with resolution 100
     block, center = (0,-1.65,0)
          size (5,0.2,0)
          axes (1,0,0), (0,1,0), (0,0,1)
time for set_epsilon = 0.206726 s
-----------
Meep progress: 28.495/67.5 = 42.2% done in 4.0s, 5.5s to go
on time step 5702 (time=28.51), 0.000701526 s/step
Meep progress: 58.185/67.5 = 86.2% done in 8.0s, 1.3s to go
on time step 11640 (time=58.2), 0.000673757 s/step
run 0 finished at t = 67.5 (13500 timesteps)
-----------
Initializing structure...
time for choose_chunkdivision = 0.000221014 s
Working in 2D dimensions.
Computational cell is 6.6 x 5.4 x 0 with resolution 100
     block, center = (0,-1.65,0)
          size (5,0.2,0)
          axes (1,0,0), (0,1,0), (0,0,1)
time for set_epsilon = 0.202872 s
-----------
Meep progress: 27.84/67.5 = 41.2% done in 4.0s, 5.7s to go
on time step 5570 (time=27.85), 0.000718186 s/step
Meep progress: 55.51/67.5 = 82.2% done in 8.0s, 1.7s to go
on time step 11104 (time=55.52), 0.000722888 s/step
run 0 finished at t = 67.5 (13500 timesteps)
METHOD = time-domain
TERMINATION = fixed
DECAY_BY = 0.0
MINIMUM_RUN_TIME = 67.5
MAXIMUM_RUN_TIME = 67.5
DECAY_CHECK_INTERVAL = 10.0
FORWARD_CAP_HIT = 0
AFTER_SOURCES_TIME_MEEP_UNITS = 50.0
SAMPLING_INTERVAL = 24
FOM = 0.24546866588755545
FORWARD_S = 9.460781574000066
ADJOINT_S = 9.939318308999646
EVAL_TOTAL_S = 19.40009988299971
ITERATION_TOTAL_S = 19.473198538999895
MAXRSS_MB = 182.86328125
NATIVE_SAMPLER_AVAILABLE = 1
DT = 0.005
FORWARD_ACTUAL_TIME_MEEP_UNITS = 67.5
ADJOINT_RUN_TIME_MEEP_UNITS = 67.5
FORWARD_STEPS = 13501
FORWARD_FIELD_SAMPLES = 563
ADJOINT_STEPS = 13501
ADJOINT_FIELD_SAMPLES = 563
GRAD_NORM = 0.03959545239815834
REPETITION = 2
EXECUTION_ORDER = 7
CPU_AFFINITY = 8
NUM_THREADS = 1
MACHINE_NAME = DESKTOP-T9UAKPN
PYTHON_VERSION = 3.9.23
TD_REPEAT_SUMMARY_END
