TD_REPEAT_SUMMARY_BEGIN
-----------
Initializing structure...
time for choose_chunkdivision = 0.000221014 s
Working in 2D dimensions.
Computational cell is 6.6 x 5.4 x 0 with resolution 100
     block, center = (0,-1.65,0)
          size (5,0.2,0)
          axes (1,0,0), (0,1,0), (0,0,1)
time for set_epsilon = 0.197829 s
-----------
Meep progress: 28.795/67.5 = 42.7% done in 4.0s, 5.4s to go
on time step 5762 (time=28.81), 0.000694269 s/step
Meep progress: 58.81/67.5 = 87.1% done in 8.0s, 1.2s to go
on time step 11766 (time=58.83), 0.000666296 s/step
run 0 finished at t = 67.5 (13500 timesteps)
-----------
Initializing structure...
time for choose_chunkdivision = 0.000236034 s
Working in 2D dimensions.
Computational cell is 6.6 x 5.4 x 0 with resolution 100
     block, center = (0,-1.65,0)
          size (5,0.2,0)
          axes (1,0,0), (0,1,0), (0,0,1)
time for set_epsilon = 0.19756 s
-----------
Meep progress: 27.48/67.5 = 40.7% done in 4.0s, 5.8s to go
on time step 5498 (time=27.49), 0.000727582 s/step
Meep progress: 55.005/67.5 = 81.5% done in 8.0s, 1.8s to go
on time step 11003 (time=55.015), 0.00072663 s/step
run 0 finished at t = 67.5 (13500 timesteps)
METHOD = time-domain
TERMINATION = fixed
DECAY_BY = 0.0
MINIMUM_RUN_TIME = 67.5
MAXIMUM_RUN_TIME = 67.5
DECAY_CHECK_INTERVAL = 10.0
FORWARD_CAP_HIT = 0
AFTER_SOURCES_TIME_MEEP_UNITS = 50.0
SAMPLING_INTERVAL = 24
FOM = 0.24546866588755545
FORWARD_S = 9.363797030000114
ADJOINT_S = 10.02733418600019
EVAL_TOTAL_S = 19.391131216000304
ITERATION_TOTAL_S = 19.464914330000283
MAXRSS_MB = 183.5234375
NATIVE_SAMPLER_AVAILABLE = 1
DT = 0.005
FORWARD_ACTUAL_TIME_MEEP_UNITS = 67.5
ADJOINT_RUN_TIME_MEEP_UNITS = 67.5
FORWARD_STEPS = 13501
FORWARD_FIELD_SAMPLES = 563
ADJOINT_STEPS = 13501
ADJOINT_FIELD_SAMPLES = 563
GRAD_NORM = 0.03959545239815834
REPETITION = 3
EXECUTION_ORDER = 10
CPU_AFFINITY = 8
NUM_THREADS = 1
MACHINE_NAME = DESKTOP-T9UAKPN
PYTHON_VERSION = 3.9.23
TD_REPEAT_SUMMARY_END
