FD_ADJOINT_COMMON_SUMMARY_BEGIN
Starting forward run...
-----------
Initializing structure...
time for choose_chunkdivision = 0.00022006 s
Working in 2D dimensions.
Computational cell is 6.6 x 5.4 x 0 with resolution 100
     block, center = (0,-1.65,0)
          size (5,0.2,0)
          axes (1,0,0), (0,1,0), (0,0,1)
time for set_epsilon = 0.194977 s
-----------
field decay(t = 10.005): 0.02764637052122116 / 0.02764637052122116 = 1.0
field decay(t = 20.01): 0.3082529391627392 / 0.3082529391627392 = 1.0
field decay(t = 30.015): 5.783104334573195e-05 / 0.3082529391627392 = 0.00018760905736311763
on time step 6177 (time=30.885), 0.000647636 s/step
field decay(t = 40.02): 5.4666095280480904e-06 / 0.3082529391627392 = 1.7734168384237353e-05
field decay(t = 50.025): 4.6382576465209883e-07 / 0.3082529391627392 = 1.504692107435921e-06
field decay(t = 60.03): 5.2500065272769244e-08 / 0.3082529391627392 = 1.7031488950394836e-07
on time step 12405 (time=62.025), 0.000642289 s/step
field decay(t = 70.035): 6.213486703206159e-09 / 0.3082529391627392 = 2.0157104487252943e-08
run 0 finished at t = 70.035 (14007 timesteps)
field decay(t = 10.005): 0.00030641949487440545 / 0.00030641949487440545 = 1.0
on time step 3042 (time=15.21), 0.00131504 s/step
field decay(t = 20.01): 0.004603920343147863 / 0.004603920343147863 = 1.0
field decay(t = 30.015): 0.008468864657598411 / 0.008468864657598411 = 1.0
on time step 6004 (time=30.02), 0.00135052 s/step
field decay(t = 40.02): 0.0074251163692399995 / 0.008468864657598411 = 0.8767546382475315
on time step 9098 (time=45.49), 0.001293 s/step
field decay(t = 50.025): 8.418469313461178e-05 / 0.008468864657598411 = 0.00994049338822292
field decay(t = 60.03): 2.4597020608064894e-08 / 0.008468864657598411 = 2.9044059153780457e-06
field decay(t = 70.035): 9.3616424052819e-10 / 0.008468864657598411 = 1.105418823393579e-07
run 1 finished at t = 70.035 (14007 timesteps)
N_F = 20
REPETITION = 1
EXECUTION_ORDER = 7
TERMINATION = common_field_decay
DECAY_BY = 0.0001
DECAY_CHECK_INTERVAL = 10.0
MINIMUM_RUN_TIME = 67.5
MAXIMUM_RUN_TIME = 2000.0
RUNTIME_SECONDS = 15.130700546999833
MEEP_TIME = 70.035
STEPS = 14007
TIME_PER_STEP_MS = 1.0802242126793626
CAP_HIT = False
SOURCE_BUILD_SECONDS = 0.009220033999554289
ADJOINT_SOURCE_END_TIME = 45.849998474121094
CPU_AFFINITY = 8
PEAK_RSS_MB = 157.953125
WAVELENGTHS_NM = 500 510.526316 521.052632 531.578947 542.105263 552.631579 563.157895 573.684211 584.210526 594.736842 605.263158 615.789474 626.315789 636.842105 647.368421 657.894737 668.421053 678.947368 689.473684 700
FD_ADJOINT_COMMON_SUMMARY_END
