Starting forward run...
-----------
Initializing structure...
time for choose_chunkdivision = 0.000222921 s
Working in 2D dimensions.
Computational cell is 6.6 x 5.4 x 0 with resolution 100
     block, center = (0,-1.65,0)
          size (5,0.2,0)
          axes (1,0,0), (0,1,0), (0,0,1)
time for set_epsilon = 0.206089 s
-----------
field decay(t = 10.005): 0.02764637052122116 / 0.02764637052122116 = 1.0
field decay(t = 20.01): 0.3082529391627392 / 0.3082529391627392 = 1.0
field decay(t = 30.015): 5.783104334573195e-05 / 0.3082529391627392 = 0.00018760905736311763
on time step 6082 (time=30.41), 0.00065773 s/step
field decay(t = 40.02): 5.4666095280480904e-06 / 0.3082529391627392 = 1.7734168384237353e-05
run 0 finished at t = 40.02 (8004 timesteps)
FD_ADJOINT_MEASURED_RUN_BEGIN
field decay(t = 10.005): 383.38374372979445 / 383.38374372979445 = 1.0
field decay(t = 20.01): 0.008305452187195594 / 383.38374372979445 = 2.1663548136900675e-05
run 1 finished at t = 20.01 (4002 timesteps)
FD_ADJOINT_MEASURED_RUN_END
FD_ADJOINT_COMMON_SUMMARY_BEGIN
N_F = 2
REPETITION = 4
EXECUTION_ORDER = 1
TERMINATION = common_field_decay
DECAY_BY = 0.0001
DECAY_CHECK_INTERVAL = 10.0
MINIMUM_RUN_TIME = 0.0
MAXIMUM_RUN_TIME = 2000.0
RUNTIME_SECONDS = 2.67966010300006
MEEP_TIME = 20.01
STEPS = 4002
TIME_PER_STEP_MS = 0.669580235632199
MEEP_DT = 0.005
CAP_HIT = False
STOP_REASON = field_decay
SOURCE_BUILD_SECONDS = 0.0033752650015230756
ADJOINT_SOURCE_END_TIME = 1.75
POST_SOURCE_TIME = 18.26
SOURCE_TYPE = FilteredSource
FILTERED_SOURCE_BASIS_COUNT = 2
DECAY_COMPONENT = Ez
DECAY_FOCUS_X = 0.0
DECAY_FOCUS_Y = 1.7800000000000002
DECAY_FOCUS_Z = 0.0
CPU_AFFINITY = 8
PEAK_RSS_MB = 153.328125
WAVELENGTHS_NM = 500 700
FD_ADJOINT_COMMON_SUMMARY_END
