FD_ADJOINT_COMMON_SUMMARY_BEGIN
Starting forward run...
-----------
Initializing structure...
time for choose_chunkdivision = 0.00022006 s
Working in 2D dimensions.
Computational cell is 6.6 x 5.4 x 0 with resolution 100
     block, center = (0,-1.65,0)
          size (5,0.2,0)
          axes (1,0,0), (0,1,0), (0,0,1)
time for set_epsilon = 0.190841 s
-----------
field decay(t = 10.005): 0.02764637052122116 / 0.02764637052122116 = 1.0
field decay(t = 20.01): 0.3082529391627392 / 0.3082529391627392 = 1.0
field decay(t = 30.015): 5.783104334573195e-05 / 0.3082529391627392 = 0.00018760905736311763
on time step 6380 (time=31.9), 0.000627023 s/step
field decay(t = 40.02): 5.4666095280480904e-06 / 0.3082529391627392 = 1.7734168384237353e-05
field decay(t = 50.025): 4.6382576465209883e-07 / 0.3082529391627392 = 1.504692107435921e-06
field decay(t = 60.03): 5.2500065272769244e-08 / 0.3082529391627392 = 1.7031488950394836e-07
on time step 12746 (time=63.73), 0.000628354 s/step
field decay(t = 70.035): 6.213486703206159e-09 / 0.3082529391627392 = 2.0157104487252943e-08
run 0 finished at t = 70.035 (14007 timesteps)
field decay(t = 10.005): 3.1260717506542646 / 3.1260717506542646 = 1.0
field decay(t = 20.01): 0.0006736978273725552 / 3.1260717506542646 = 0.0002155093936124643
on time step 5838 (time=29.19), 0.0006852 s/step
field decay(t = 30.015): 5.270416496254001e-06 / 3.1260717506542646 = 1.6859550632997916e-06
field decay(t = 40.02): 5.672682485754427e-07 / 3.1260717506542646 = 1.8146360474826513e-07
field decay(t = 50.025): 3.434035913097458e-08 / 3.1260717506542646 = 1.0985147453441331e-08
field decay(t = 60.03): 1.551928964095306e-09 / 3.1260717506542646 = 4.96447006941059e-10
on time step 12150 (time=60.75), 0.000633744 s/step
field decay(t = 70.035): 5.1843615640998e-10 / 3.1260717506542646 = 1.6584269260661564e-10
run 1 finished at t = 70.035 (14007 timesteps)
N_F = 5
REPETITION = 4
EXECUTION_ORDER = 74
TERMINATION = common_field_decay
DECAY_BY = 0.0001
DECAY_CHECK_INTERVAL = 10.0
MINIMUM_RUN_TIME = 67.5
MAXIMUM_RUN_TIME = 2000.0
RUNTIME_SECONDS = 9.183253273999071
MEEP_TIME = 70.035
STEPS = 14007
TIME_PER_STEP_MS = 0.6556188530020041
CAP_HIT = False
SOURCE_BUILD_SECONDS = 0.005682258000888396
ADJOINT_SOURCE_END_TIME = 9.100000381469727
CPU_AFFINITY = 8
PEAK_RSS_MB = 154.57421875
WAVELENGTHS_NM = 500 550 600 650 700
FD_ADJOINT_COMMON_SUMMARY_END
