-----------
Initializing structure...
time for choose_chunkdivision = 0.000240088 s
Working in 2D dimensions.
Computational cell is 6.6 x 5.4 x 0 with resolution 100
     block, center = (0,-1.65,0)
          size (5,0.2,0)
          axes (1,0,0), (0,1,0), (0,0,1)
time for set_epsilon = 0.221782 s
-----------
field decay(t = 10.005): 0.02764637052122116 / 0.02764637052122116 = 1.0
on time step 3122 (time=15.61), 0.00128131 s/step
field decay(t = 20.01): 0.3082529391627392 / 0.3082529391627392 = 1.0
field decay(t = 30.015): 5.783104334573195e-05 / 0.3082529391627392 = 0.00018760905736311763
on time step 6367 (time=31.835), 0.00123277 s/step
field decay(t = 40.02): 5.4666095280480904e-06 / 0.3082529391627392 = 1.7734168384237353e-05
on time step 9488 (time=47.44), 0.00128181 s/step
field decay(t = 50.025): 4.6382576465209883e-07 / 0.3082529391627392 = 1.504692107435921e-06
field decay(t = 60.03): 5.2500065272769244e-08 / 0.3082529391627392 = 1.7031488950394836e-07
on time step 12815 (time=64.075), 0.00120257 s/step
field decay(t = 70.035): 6.213486703206159e-09 / 0.3082529391627392 = 2.0157104487252943e-08
run 0 finished at t = 70.035 (14007 timesteps)
-----------
Initializing structure...
time for choose_chunkdivision = 0.000231028 s
Working in 2D dimensions.
Computational cell is 6.6 x 5.4 x 0 with resolution 100
     block, center = (0,-1.65,0)
          size (5,0.2,0)
          axes (1,0,0), (0,1,0), (0,0,1)
time for set_epsilon = -1.15384 s
-----------
Meep progress: 15.485000000000001/70.03500366210938 = 22.1% done in 4.0s, 14.1s to go
on time step 3098 (time=15.49), 0.00129121 s/step
Meep progress: 31.005/70.03500366210938 = 44.3% done in 8.0s, 10.1s to go
on time step 6203 (time=31.015), 0.00128856 s/step
Meep progress: 45.855000000000004/70.03500366210938 = 65.5% done in 12.0s, 6.3s to go
on time step 9174 (time=45.87), 0.0013467 s/step
Meep progress: 61.35/70.03500366210938 = 87.6% done in 16.0s, 2.3s to go
on time step 12273 (time=61.365), 0.0012908 s/step
run 0 finished at t = 70.035 (14007 timesteps)
RELEASE_BENCHMARK_RESULT {"method": "time-domain", "termination": "moderate", "decay_by": 0.0001, "minimum_run_time": 67.5, "maximum_run_time": 2000.0, "decay_check_interval": 10.0, "forward_cap_hit": 0, "after_sources_time_meep_units": 50, "sampling_interval": 1, "fom": 0.24546866593449115, "forward_s": 17.703859391000037, "adjoint_s": 18.567736782999987, "eval_total_s": 36.271596174000024, "iteration_total_s": 36.72036468299996, "maxrss_MB": 1729.75, "native_sampler_available": 1, "sampler_backend": "native_fastmeep_sample", "gradient_implementation": "aligned_fine_dt_adjoint_v1", "dt": 0.005, "forward_actual_time_meep_units": 70.03500366210938, "adjoint_run_time_meep_units": 70.03500366210938, "forward_steps": 14008, "forward_field_samples": 14008, "adjoint_steps": 14008, "adjoint_field_samples": 14008, "grad_norm": 0.04921397704204624, "gradient_output_path": "corrected_M01_rep04.npy", "version": "corrected", "interval": 1, "relative_l2_vs_original_M1": 1.3837920698558464e-09, "cosine_vs_original_M1": 0.9999999999999998, "python": "3.9.23", "meep": "1.30.0", "numpy": "2.0.2", "cpu": 8, "threads": 1}

Elapsed run time = 35.4487 s
