-----------
Initializing structure...
time for choose_chunkdivision = 0.000235081 s
Working in 2D dimensions.
Computational cell is 6.6 x 5.4 x 0 with resolution 100
     block, center = (0,-1.65,0)
          size (5,0.2,0)
          axes (1,0,0), (0,1,0), (0,0,1)
time for set_epsilon = 0.204948 s
-----------
field decay(t = 10.005): 0.02764637052122116 / 0.02764637052122116 = 1.0
on time step 3109 (time=15.545), 0.00128665 s/step
field decay(t = 20.01): 0.3082529391627392 / 0.3082529391627392 = 1.0
field decay(t = 30.015): 5.783104334573195e-05 / 0.3082529391627392 = 0.00018760905736311763
on time step 6268 (time=31.34), 0.0012664 s/step
field decay(t = 40.02): 5.4666095280480904e-06 / 0.3082529391627392 = 1.7734168384237353e-05
on time step 9312 (time=46.56), 0.00131424 s/step
field decay(t = 50.025): 4.6382576465209883e-07 / 0.3082529391627392 = 1.504692107435921e-06
field decay(t = 60.03): 5.2500065272769244e-08 / 0.3082529391627392 = 1.7031488950394836e-07
on time step 12599 (time=62.995), 0.001217 s/step
field decay(t = 70.035): 6.213486703206159e-09 / 0.3082529391627392 = 2.0157104487252943e-08
run 0 finished at t = 70.035 (14007 timesteps)
-----------
Initializing structure...
time for choose_chunkdivision = 0.000230074 s
Working in 2D dimensions.
Computational cell is 6.6 x 5.4 x 0 with resolution 100
     block, center = (0,-1.65,0)
          size (5,0.2,0)
          axes (1,0,0), (0,1,0), (0,0,1)
time for set_epsilon = 0.203975 s
-----------
Meep progress: 15.790000000000001/70.03500366210938 = 22.5% done in 4.0s, 13.7s to go
on time step 3160 (time=15.8), 0.0012662 s/step
Meep progress: 36.86/70.03500366210938 = 52.6% done in 8.0s, 7.2s to go
on time step 7374 (time=36.87), 0.000949398 s/step
Meep progress: 53.13/70.03500366210938 = 75.9% done in 12.0s, 3.8s to go
on time step 10629 (time=53.145), 0.00122916 s/step
Meep progress: 68.05/70.03500366210938 = 97.2% done in 16.0s, 0.5s to go
on time step 13613 (time=68.065), 0.00134067 s/step
run 0 finished at t = 70.035 (14007 timesteps)
RELEASE_BENCHMARK_RESULT {"method": "time-domain", "termination": "moderate", "decay_by": 0.0001, "minimum_run_time": 67.5, "maximum_run_time": 2000.0, "decay_check_interval": 10.0, "forward_cap_hit": 0, "after_sources_time_meep_units": 50, "sampling_interval": 1, "fom": 0.24546866593449115, "forward_s": 17.999163441000007, "adjoint_s": 17.94908577800004, "eval_total_s": 35.94824921900005, "iteration_total_s": 36.39891382800005, "maxrss_MB": 1730.03125, "native_sampler_available": 1, "sampler_backend": "native_fastmeep_sample", "gradient_implementation": "aligned_fine_dt_adjoint_v1", "dt": 0.005, "forward_actual_time_meep_units": 70.03500366210938, "adjoint_run_time_meep_units": 70.03500366210938, "forward_steps": 14008, "forward_field_samples": 14008, "adjoint_steps": 14008, "adjoint_field_samples": 14008, "grad_norm": 0.04921397704204624, "gradient_output_path": "corrected_M01_rep03.npy", "version": "corrected", "interval": 1, "relative_l2_vs_original_M1": 1.3837920698558464e-09, "cosine_vs_original_M1": 0.9999999999999998, "python": "3.9.23", "meep": "1.30.0", "numpy": "2.0.2", "cpu": 8, "threads": 1}

Elapsed run time = 35.2784 s
