-----------
Initializing structure...
time for choose_chunkdivision = 0.000223875 s
Working in 2D dimensions.
Computational cell is 6.6 x 5.4 x 0 with resolution 100
     block, center = (0,-1.65,0)
          size (5,0.2,0)
          axes (1,0,0), (0,1,0), (0,0,1)
time for set_epsilon = 0.198655 s
-----------
field decay(t = 10.005): 0.02764637052122116 / 0.02764637052122116 = 1.0
on time step 3268 (time=16.34), 0.00122405 s/step
field decay(t = 20.01): 0.3082529391627392 / 0.3082529391627392 = 1.0
field decay(t = 30.015): 5.783104334573195e-05 / 0.3082529391627392 = 0.00018760905736311763
on time step 6618 (time=33.09), 0.00119404 s/step
field decay(t = 40.02): 5.4666095280480904e-06 / 0.3082529391627392 = 1.7734168384237353e-05
on time step 9809 (time=49.045), 0.00125368 s/step
field decay(t = 50.025): 4.6382576465209883e-07 / 0.3082529391627392 = 1.504692107435921e-06
field decay(t = 60.03): 5.2500065272769244e-08 / 0.3082529391627392 = 1.7031488950394836e-07
on time step 13075 (time=65.375), 0.00122481 s/step
field decay(t = 70.035): 6.213486703206159e-09 / 0.3082529391627392 = 2.0157104487252943e-08
run 0 finished at t = 70.035 (14007 timesteps)
-----------
Initializing structure...
time for choose_chunkdivision = 0.000224113 s
Working in 2D dimensions.
Computational cell is 6.6 x 5.4 x 0 with resolution 100
     block, center = (0,-1.65,0)
          size (5,0.2,0)
          axes (1,0,0), (0,1,0), (0,0,1)
time for set_epsilon = 0.200393 s
-----------
Meep progress: 15.450000000000001/70.03500366210938 = 22.1% done in 4.0s, 14.1s to go
on time step 3092 (time=15.46), 0.00129385 s/step
Meep progress: 31.285/70.03500366210938 = 44.7% done in 8.0s, 9.9s to go
on time step 6260 (time=31.3), 0.00126302 s/step
Meep progress: 49.035000000000004/70.03500366210938 = 70.0% done in 12.0s, 5.1s to go
on time step 9810 (time=49.05), 0.00112703 s/step
Meep progress: 64.65/70.03500366210938 = 92.3% done in 16.0s, 1.3s to go
on time step 12933 (time=64.665), 0.00128101 s/step
run 0 finished at t = 70.035 (14007 timesteps)
RELEASE_BENCHMARK_RESULT {"method": "time-domain", "termination": "moderate", "decay_by": 0.0001, "minimum_run_time": 67.5, "maximum_run_time": 2000.0, "decay_check_interval": 10.0, "forward_cap_hit": 0, "after_sources_time_meep_units": 50, "sampling_interval": 1, "fom": 0.24546866593449115, "forward_s": 17.342105898, "adjoint_s": 18.25806432400003, "eval_total_s": 35.60017022200003, "iteration_total_s": 36.02709602499999, "maxrss_MB": 1726.72265625, "native_sampler_available": 1, "sampler_backend": "native_fastmeep_sample", "dt": 0.005, "forward_actual_time_meep_units": 70.03500366210938, "adjoint_run_time_meep_units": 70.03500366210938, "forward_steps": 14008, "forward_field_samples": 14008, "adjoint_steps": 14008, "adjoint_field_samples": 14008, "grad_norm": 0.04921397704018253, "gradient_output_path": "original_M01_rep02.npy", "version": "original", "interval": 1, "relative_l2_vs_original_M1": 0.0, "cosine_vs_original_M1": 1.0, "python": "3.9.23", "meep": "1.30.0", "numpy": "2.0.2", "cpu": 8, "threads": 1}

Elapsed run time = 35.4312 s
