-----------
Initializing structure...
time for choose_chunkdivision = 0.000264168 s
Working in 2D dimensions.
Computational cell is 6.6 x 5.4 x 0 with resolution 100
     block, center = (0,-1.65,0)
          size (5,0.2,0)
          axes (1,0,0), (0,1,0), (0,0,1)
time for set_epsilon = 0.206344 s
-----------
field decay(t = 10.005): 0.02764637052122116 / 0.02764637052122116 = 1.0
field decay(t = 20.01): 0.3082529391627392 / 0.3082529391627392 = 1.0
on time step 4316 (time=21.58), 0.000926938 s/step
field decay(t = 30.015): 5.783104334573195e-05 / 0.3082529391627392 = 0.00018760905736311763
on time step 7591 (time=37.955), 0.0012217 s/step
field decay(t = 40.02): 5.4666095280480904e-06 / 0.3082529391627392 = 1.7734168384237353e-05
field decay(t = 50.025): 4.6382576465209883e-07 / 0.3082529391627392 = 1.504692107435921e-06
on time step 10661 (time=53.305), 0.00130326 s/step
field decay(t = 60.03): 5.2500065272769244e-08 / 0.3082529391627392 = 1.7031488950394836e-07
on time step 13746 (time=68.73), 0.00129683 s/step
field decay(t = 70.035): 6.213486703206159e-09 / 0.3082529391627392 = 2.0157104487252943e-08
run 0 finished at t = 70.035 (14007 timesteps)
-----------
Initializing structure...
time for choose_chunkdivision = 0.000216961 s
Working in 2D dimensions.
Computational cell is 6.6 x 5.4 x 0 with resolution 100
     block, center = (0,-1.65,0)
          size (5,0.2,0)
          axes (1,0,0), (0,1,0), (0,0,1)
time for set_epsilon = 0.207324 s
-----------
Meep progress: 15.125/70.03500366210938 = 21.6% done in 4.0s, 14.5s to go
on time step 3027 (time=15.135), 0.00132168 s/step
Meep progress: 30.79/70.03500366210938 = 44.0% done in 8.0s, 10.2s to go
on time step 6160 (time=30.8), 0.00127679 s/step
Meep progress: 46.25/70.03500366210938 = 66.0% done in 12.0s, 6.2s to go
on time step 9252 (time=46.26), 0.00129386 s/step
Meep progress: 67.425/70.03500366210938 = 96.3% done in 16.0s, 0.6s to go
on time step 13487 (time=67.435), 0.000944676 s/step
run 0 finished at t = 70.035 (14007 timesteps)
RELEASE_BENCHMARK_RESULT {"method": "time-domain", "termination": "moderate", "decay_by": 0.0001, "minimum_run_time": 67.5, "maximum_run_time": 2000.0, "decay_check_interval": 10.0, "forward_cap_hit": 0, "after_sources_time_meep_units": 50, "sampling_interval": 1, "fom": 0.24546866593449115, "forward_s": 17.832359191999956, "adjoint_s": 18.343643146999966, "eval_total_s": 36.17600233899992, "iteration_total_s": 36.618711417999975, "maxrss_MB": 1726.71875, "native_sampler_available": 1, "sampler_backend": "native_fastmeep_sample", "dt": 0.005, "forward_actual_time_meep_units": 70.03500366210938, "adjoint_run_time_meep_units": 70.03500366210938, "forward_steps": 14008, "forward_field_samples": 14008, "adjoint_steps": 14008, "adjoint_field_samples": 14008, "grad_norm": 0.04921397704018253, "gradient_output_path": "original_M01_rep04.npy", "version": "original", "interval": 1, "relative_l2_vs_original_M1": 0.0, "cosine_vs_original_M1": 1.0, "python": "3.9.23", "meep": "1.30.0", "numpy": "2.0.2", "cpu": 8, "threads": 1}

Elapsed run time = 33.9648 s
