-----------
Initializing structure...
time for choose_chunkdivision = 0.000247955 s
Working in 2D dimensions.
Computational cell is 6.6 x 5.4 x 0 with resolution 100
     block, center = (0,-1.65,0)
          size (5,0.2,0)
          axes (1,0,0), (0,1,0), (0,0,1)
time for set_epsilon = 0.212542 s
-----------
field decay(t = 10.005): 0.02764637052122116 / 0.02764637052122116 = 1.0
on time step 2988 (time=14.94), 0.00133875 s/step
field decay(t = 20.01): 0.3082529391627392 / 0.3082529391627392 = 1.0
field decay(t = 30.015): 5.783104334573195e-05 / 0.3082529391627392 = 0.00018760905736311763
on time step 6030 (time=30.15), 0.00131532 s/step
field decay(t = 40.02): 5.4666095280480904e-06 / 0.3082529391627392 = 1.7734168384237353e-05
on time step 9181 (time=45.905), 0.00126972 s/step
field decay(t = 50.025): 4.6382576465209883e-07 / 0.3082529391627392 = 1.504692107435921e-06
field decay(t = 60.03): 5.2500065272769244e-08 / 0.3082529391627392 = 1.7031488950394836e-07
on time step 12424 (time=62.12), 0.00123377 s/step
field decay(t = 70.035): 6.213486703206159e-09 / 0.3082529391627392 = 2.0157104487252943e-08
run 0 finished at t = 70.035 (14007 timesteps)
-----------
Initializing structure...
time for choose_chunkdivision = 0.000236034 s
Working in 2D dimensions.
Computational cell is 6.6 x 5.4 x 0 with resolution 100
     block, center = (0,-1.65,0)
          size (5,0.2,0)
          axes (1,0,0), (0,1,0), (0,0,1)
time for set_epsilon = 0.201037 s
-----------
Meep progress: 15.315/70.03500366210938 = 21.9% done in 4.0s, 14.3s to go
on time step 3066 (time=15.33), 0.00130506 s/step
Meep progress: 30.12/70.03500366210938 = 43.0% done in 8.0s, 10.6s to go
on time step 6028 (time=30.14), 0.00135085 s/step
Meep progress: 44.945/70.03500366210938 = 64.2% done in 12.0s, 6.7s to go
on time step 8993 (time=44.965), 0.00134929 s/step
Meep progress: 60.24/70.03500366210938 = 86.0% done in 16.0s, 2.6s to go
on time step 12052 (time=60.26), 0.00130767 s/step
run 0 finished at t = 70.035 (14007 timesteps)
RELEASE_BENCHMARK_RESULT {"method": "time-domain", "termination": "moderate", "decay_by": 0.0001, "minimum_run_time": 67.5, "maximum_run_time": 2000.0, "decay_check_interval": 10.0, "forward_cap_hit": 0, "after_sources_time_meep_units": 50, "sampling_interval": 1, "fom": 0.24546866593449115, "forward_s": 18.17653370300002, "adjoint_s": 18.76595167199997, "eval_total_s": 36.94248537499999, "iteration_total_s": 37.38458268800002, "maxrss_MB": 1726.66796875, "native_sampler_available": 1, "sampler_backend": "native_fastmeep_sample", "dt": 0.005, "forward_actual_time_meep_units": 70.03500366210938, "adjoint_run_time_meep_units": 70.03500366210938, "forward_steps": 14008, "forward_field_samples": 14008, "adjoint_steps": 14008, "adjoint_field_samples": 14008, "grad_norm": 0.04921397704018253, "gradient_output_path": "original_M01_rep03.npy", "version": "original", "interval": 1, "relative_l2_vs_original_M1": 0.0, "cosine_vs_original_M1": 1.0, "python": "3.9.23", "meep": "1.30.0", "numpy": "2.0.2", "cpu": 8, "threads": 1}

Elapsed run time = 36.0585 s
