-----------
Initializing structure...
time for choose_chunkdivision = 0.000224113 s
Working in 2D dimensions.
Computational cell is 6.6 x 5.4 x 0 with resolution 100
     block, center = (0,-1.65,0)
          size (5,0.2,0)
          axes (1,0,0), (0,1,0), (0,0,1)
time for set_epsilon = 0.200101 s
-----------
field decay(t = 10.005): 0.02764637052122116 / 0.02764637052122116 = 1.0
field decay(t = 20.01): 0.3082529391627392 / 0.3082529391627392 = 1.0
on time step 5928 (time=29.64), 0.00067493 s/step
field decay(t = 30.015): 5.783104334573195e-05 / 0.3082529391627392 = 0.00018760905736311763
field decay(t = 40.02): 5.4666095280480904e-06 / 0.3082529391627392 = 1.7734168384237353e-05
field decay(t = 50.025): 4.6382576465209883e-07 / 0.3082529391627392 = 1.504692107435921e-06
on time step 11897 (time=59.485), 0.000670232 s/step
field decay(t = 60.03): 5.2500065272769244e-08 / 0.3082529391627392 = 1.7031488950394836e-07
field decay(t = 70.035): 6.213486703206159e-09 / 0.3082529391627392 = 2.0157104487252943e-08
run 0 finished at t = 70.035 (14007 timesteps)
-----------
Initializing structure...
time for choose_chunkdivision = 0.000246048 s
Working in 2D dimensions.
Computational cell is 6.6 x 5.4 x 0 with resolution 100
     block, center = (0,-1.65,0)
          size (5,0.2,0)
          axes (1,0,0), (0,1,0), (0,0,1)
time for set_epsilon = 0.197508 s
-----------
Meep progress: 26.77/70.03500366210938 = 38.2% done in 4.0s, 6.5s to go
on time step 5354 (time=26.77), 0.000747158 s/step
Meep progress: 53.145/70.03500366210938 = 75.9% done in 8.0s, 2.5s to go
on time step 10630 (time=53.15), 0.000758257 s/step
run 0 finished at t = 70.035 (14007 timesteps)
RELEASE_BENCHMARK_RESULT {"method": "time-domain", "termination": "moderate", "decay_by": 0.0001, "minimum_run_time": 67.5, "maximum_run_time": 2000.0, "decay_check_interval": 10.0, "forward_cap_hit": 0, "after_sources_time_meep_units": 50, "sampling_interval": 24, "fom": 0.24546866593449115, "forward_s": 9.62204786800001, "adjoint_s": 10.735382949000012, "eval_total_s": 20.357430817000022, "iteration_total_s": 20.444362937999998, "maxrss_MB": 186.62890625, "native_sampler_available": 1, "sampler_backend": "native_fastmeep_sample", "gradient_implementation": "aligned_fine_dt_adjoint_v1", "dt": 0.005, "forward_actual_time_meep_units": 70.03500366210938, "adjoint_run_time_meep_units": 70.03500366210938, "forward_steps": 14008, "forward_field_samples": 584, "adjoint_steps": 14008, "adjoint_field_samples": 584, "grad_norm": 0.04921397732101696, "gradient_output_path": "warmup_corrected_M24.npy", "version": "corrected", "interval": 24, "relative_l2_vs_original_M1": 8.281193847952087e-07, "cosine_vs_original_M1": 0.9999999999996569, "python": "3.9.23", "meep": "1.30.0", "numpy": "2.0.2", "cpu": 8, "threads": 1}

Elapsed run time = 20.5152 s
