-----------
Initializing structure...
time for choose_chunkdivision = 0.000226021 s
Working in 2D dimensions.
Computational cell is 6.6 x 5.4 x 0 with resolution 100
     block, center = (0,-1.65,0)
          size (5,0.2,0)
          axes (1,0,0), (0,1,0), (0,0,1)
time for set_epsilon = 0.193818 s
-----------
field decay(t = 10.005): 0.02764637052122116 / 0.02764637052122116 = 1.0
field decay(t = 20.01): 0.3082529391627392 / 0.3082529391627392 = 1.0
field decay(t = 30.015): 5.783104334573195e-05 / 0.3082529391627392 = 0.00018760905736311763
on time step 6307 (time=31.535), 0.000634274 s/step
field decay(t = 40.02): 5.4666095280480904e-06 / 0.3082529391627392 = 1.7734168384237353e-05
field decay(t = 50.025): 4.6382576465209883e-07 / 0.3082529391627392 = 1.504692107435921e-06
field decay(t = 60.03): 5.2500065272769244e-08 / 0.3082529391627392 = 1.7031488950394836e-07
on time step 12612 (time=63.06), 0.000634482 s/step
field decay(t = 70.035): 6.213486703206159e-09 / 0.3082529391627392 = 2.0157104487252943e-08
run 0 finished at t = 70.035 (14007 timesteps)
FD_FORWARD_NO_DFT_SUMMARY_BEGIN
BENCHMARK_PROFILE = fd_forward_no_dft_common_field_decay_min67p5
METHOD = FD_forward_no_DFT
N_F_LABEL = 20
REPETITION = 4
EXECUTION_ORDER = 10
RUNTIME_SECONDS = 9.07941125700006
TIME_PER_STEP_MS = 0.6482052728635725
MEEP_TIME = 70.035
MEEP_DT = 0.005
STEPS = 14007
DFT_OBJECTS_BEFORE_RUN = 0
DFT_OBJECTS_AFTER_RUN = 0
DFT_FREQUENCY_COUNT = 0
DFT_ACCUMULATORS = 0
OBJECTIVE_EVALUATED = False
INCIDENT_NORMALIZATION_COMPUTED = False
SOURCE_TYPE = GaussianSource
FORWARD_SOURCE_COUNT = 1
FORWARD_SOURCE_END_TIME = 17.5
POST_SOURCE_TIME = 52.535
TERMINATION = common_field_decay
DECAY_BY = 0.0001
DECAY_CHECK_INTERVAL = 10.0
DECAY_COMPONENT = Ez
DECAY_FOCUS_X = 0.0
DECAY_FOCUS_Y = 1.7800000000000002
DECAY_FOCUS_Z = 0.0
MINIMUM_RUN_TIME = 67.5
MAXIMUM_RUN_TIME = 2000.0
CAP_HIT = False
STOP_REASON = field_decay
CPU_AFFINITY = 8
NUM_THREADS = 1
NUM_MPI_RANKS = 1
PEAK_RSS_MB = 134.62890625
CPU_MODEL = AMD Ryzen 9 9950X 16-Core Processor
OPERATING_SYSTEM = Ubuntu 24.04.4 LTS
MEEP_VERSION = 1.30.0
PYMEEP_PACKAGE_VERSION = 1.30.1
PYMEEP_PACKAGE_BUILD = nompi_py39h9d793ab_103
PYTHON_VERSION = 3.9.23
WAVELENGTHS_NM_LABEL = 500 510.526316 521.052632 531.578947 542.105263 552.631579 563.157895 573.684211 584.210526 594.736842 605.263158 615.789474 626.315789 636.842105 647.368421 657.894737 668.421053 678.947368 689.473684 700
NOTES = Same geometry, material design, Gaussian source, CPU, and field-decay condition as the FD forward common-decay benchmark; all point and design-region DFT monitors, objective evaluation, and incident normalization are removed. N_F_LABEL does not alter the field solve.
FD_FORWARD_NO_DFT_SUMMARY_END
