TD_REPEAT_SUMMARY_BEGIN
-----------
Initializing structure...
time for choose_chunkdivision = 0.000228882 s
Working in 2D dimensions.
Computational cell is 6.6 x 5.4 x 0 with resolution 100
     block, center = (0,-1.65,0)
          size (5,0.2,0)
          axes (1,0,0), (0,1,0), (0,0,1)
time for set_epsilon = 0.204005 s
-----------
field decay(t = 10.005): 0.02764637052122116 / 0.02764637052122116 = 1.0
field decay(t = 20.01): 0.3082529391627392 / 0.3082529391627392 = 1.0
on time step 5081 (time=25.405), 0.000787277 s/step
field decay(t = 30.015): 5.783104334573195e-05 / 0.3082529391627392 = 0.00018760905736311763
field decay(t = 40.02): 5.4666095280480904e-06 / 0.3082529391627392 = 1.7734168384237353e-05
field decay(t = 50.025): 4.6382576465209883e-07 / 0.3082529391627392 = 1.504692107435921e-06
on time step 10329 (time=51.645), 0.000762202 s/step
field decay(t = 60.03): 5.2500065272769244e-08 / 0.3082529391627392 = 1.7031488950394836e-07
field decay(t = 70.035): 6.213486703206159e-09 / 0.3082529391627392 = 2.0157104487252943e-08
run 0 finished at t = 70.035 (14007 timesteps)
-----------
Initializing structure...
time for choose_chunkdivision = 0.000223875 s
Working in 2D dimensions.
Computational cell is 6.6 x 5.4 x 0 with resolution 100
     block, center = (0,-1.65,0)
          size (5,0.2,0)
          axes (1,0,0), (0,1,0), (0,0,1)
time for set_epsilon = 0.200713 s
-----------
Meep progress: 24.705000000000002/70.03500366210938 = 35.3% done in 4.0s, 7.3s to go
on time step 4944 (time=24.72), 0.000809249 s/step
Meep progress: 49.39/70.03500366210938 = 70.5% done in 8.0s, 3.3s to go
on time step 9881 (time=49.405), 0.000810347 s/step
run 0 finished at t = 70.035 (14007 timesteps)
METHOD = time-domain
TERMINATION = moderate
DECAY_BY = 0.0001
MINIMUM_RUN_TIME = 67.5
MAXIMUM_RUN_TIME = 2000.0
DECAY_CHECK_INTERVAL = 10.0
FORWARD_CAP_HIT = 0
AFTER_SOURCES_TIME_MEEP_UNITS = 50.0
SAMPLING_INTERVAL = 8
FOM = 0.24546866593449115
FORWARD_S = 11.06965321700045
ADJOINT_S = 11.569807150000997
EVAL_TOTAL_S = 22.639460367001448
ITERATION_TOTAL_S = 22.749732326999947
MAXRSS_MB = 320.609375
NATIVE_SAMPLER_AVAILABLE = 1
DT = 0.005
FORWARD_ACTUAL_TIME_MEEP_UNITS = 70.03500366210938
ADJOINT_RUN_TIME_MEEP_UNITS = 70.03500366210938
FORWARD_STEPS = 14008
FORWARD_FIELD_SAMPLES = 1751
ADJOINT_STEPS = 14008
ADJOINT_FIELD_SAMPLES = 1751
GRAD_NORM = 0.05003194403488025
GRADIENT_OUTPUT_PATH = td_sampling_convergence_sweep/gradients/interval_008/rep05.npy
REPETITION = 5
EXECUTION_ORDER = 38
CPU_AFFINITY = 8
NUM_THREADS = 1
MACHINE_NAME = DESKTOP-T9UAKPN
PYTHON_VERSION = 3.9.23
TD_REPEAT_SUMMARY_END
